
*** Running vivado
    with args -log lab5.vdi -applog -m64 -product Vivado -messageDb vivado.pb -mode batch -source lab5.tcl -notrace



****** Vivado v2025.1.1 (64-bit)
  **** SW Build 6233196 on Thu Sep 11 21:27:30 MDT 2025
  **** IP Build 6232796 on Fri Sep 12 01:46:16 MDT 2025
  **** SharedData Build 6233195 on Thu Sep 11 17:56:43 MDT 2025
  **** Start of session at: Thu Jan  1 01:57:01 2026
    ** Copyright 1986-2022 Xilinx, Inc. All Rights Reserved.
    ** Copyright 2022-2025 Advanced Micro Devices, Inc. All Rights Reserved.

source lab5.tcl -notrace
Command: link_design -top lab5 -part xc7z020clg484-1
Design is defaulting to srcset: sources_1
Design is defaulting to constrset: constrs_1
INFO: [Device 21-403] Loading part xc7z020clg484-1
Netlist sorting complete. Time (s): cpu = 00:00:00 ; elapsed = 00:00:00.032 . Memory (MB): peak = 746.121 ; gain = 0.000
INFO: [Netlist 29-17] Analyzing 56 Unisim elements for replacement
INFO: [Netlist 29-28] Unisim Transformation completed in 0 CPU seconds
WARNING: [Netlist 29-101] Netlist 'lab5' is not ideal for floorplanning, since the cellview 'lab5' contains a large number of primitives.  Please consider enabling hierarchy in synthesis if you want to do floorplanning.
INFO: [Project 1-479] Netlist was created with Vivado 2025.1.1
INFO: [Project 1-570] Preparing netlist for logic optimization
Parsing XDC File [C:/Users/ryanh/fpga/dlab/lab5/lab5.srcs/constrs_1/new/zedboard.xdc]
Finished Parsing XDC File [C:/Users/ryanh/fpga/dlab/lab5/lab5.srcs/constrs_1/new/zedboard.xdc]
INFO: [Opt 31-138] Pushed 0 inverter(s) to 0 load pin(s).
Netlist sorting complete. Time (s): cpu = 00:00:00 ; elapsed = 00:00:00.003 . Memory (MB): peak = 901.578 ; gain = 0.000
INFO: [Project 1-111] Unisim Transformation Summary:
No Unisim elements were transformed.

7 Infos, 1 Warnings, 0 Critical Warnings and 0 Errors encountered.
link_design completed successfully
Command: opt_design
Attempting to get a license for feature 'Implementation' and/or device 'xc7z020'
INFO: [Common 17-349] Got license for feature 'Implementation' and/or device 'xc7z020'
Running DRC as a precondition to command opt_design

Starting DRC Task
INFO: [DRC 23-27] Running DRC with 2 threads
INFO: [Project 1-461] DRC finished with 0 Errors
INFO: [Project 1-462] Please refer to the DRC report (report_drc) for more information.

Time (s): cpu = 00:00:01 ; elapsed = 00:00:00.995 . Memory (MB): peak = 939.336 ; gain = 33.746

Starting Cache Timing Information Task
INFO: [Timing 38-35] Done setting XDC timing constraints.
Ending Cache Timing Information Task | Checksum: dc145c10

Time (s): cpu = 00:00:04 ; elapsed = 00:00:04 . Memory (MB): peak = 1486.391 ; gain = 547.055

Starting Logic Optimization Task

Phase 1 Initialization

Phase 1.1 Core Generation And Design Setup
Phase 1.1 Core Generation And Design Setup | Checksum: dc145c10

Time (s): cpu = 00:00:00 ; elapsed = 00:00:00.004 . Memory (MB): peak = 1910.816 ; gain = 0.000

Phase 1.2 Setup Constraints And Sort Netlist
Phase 1.2 Setup Constraints And Sort Netlist | Checksum: dc145c10

Time (s): cpu = 00:00:00 ; elapsed = 00:00:00.012 . Memory (MB): peak = 1910.816 ; gain = 0.000
Phase 1 Initialization | Checksum: dc145c10

Time (s): cpu = 00:00:00 ; elapsed = 00:00:00.013 . Memory (MB): peak = 1910.816 ; gain = 0.000

Phase 2 Timer Update And Timing Data Collection

Phase 2.1 Timer Update
Phase 2.1 Timer Update | Checksum: dc145c10

Time (s): cpu = 00:00:00 ; elapsed = 00:00:00.180 . Memory (MB): peak = 1910.816 ; gain = 0.000

Phase 2.2 Timing Data Collection
Phase 2.2 Timing Data Collection | Checksum: dc145c10

Time (s): cpu = 00:00:00 ; elapsed = 00:00:00.197 . Memory (MB): peak = 1910.816 ; gain = 0.000
Phase 2 Timer Update And Timing Data Collection | Checksum: dc145c10

Time (s): cpu = 00:00:00 ; elapsed = 00:00:00.198 . Memory (MB): peak = 1910.816 ; gain = 0.000

Phase 3 Retarget
INFO: [Opt 31-1851] Number of loadless carry chains removed were: 0
INFO: [Opt 31-1834] Total Chains To Be Transformed Were: 0 AND Number of Transformed insts Created are: 0
INFO: [Opt 31-138] Pushed 0 inverter(s) to 0 load pin(s).
INFO: [Opt 31-49] Retargeted 0 cell(s).
Phase 3 Retarget | Checksum: dc145c10

Time (s): cpu = 00:00:00 ; elapsed = 00:00:00.278 . Memory (MB): peak = 1910.816 ; gain = 0.000
Retarget | Checksum: dc145c10
INFO: [Opt 31-389] Phase Retarget created 0 cells and removed 0 cells

Phase 4 Constant propagation
INFO: [Opt 31-138] Pushed 0 inverter(s) to 0 load pin(s).
Phase 4 Constant propagation | Checksum: dc145c10

Time (s): cpu = 00:00:00 ; elapsed = 00:00:00.330 . Memory (MB): peak = 1910.816 ; gain = 0.000
Constant propagation | Checksum: dc145c10
INFO: [Opt 31-389] Phase Constant propagation created 0 cells and removed 0 cells

Phase 5 Sweep
INFO: [Constraints 18-11670] Building netlist checker database with flags, 0x8
Done building netlist checker database: Time (s): cpu = 00:00:00 ; elapsed = 00:00:00.001 . Memory (MB): peak = 1910.816 ; gain = 0.000
Phase 5 Sweep | Checksum: 1a239a534

Time (s): cpu = 00:00:00 ; elapsed = 00:00:00.387 . Memory (MB): peak = 1910.816 ; gain = 0.000
Sweep | Checksum: 1a239a534
INFO: [Opt 31-389] Phase Sweep created 0 cells and removed 0 cells

Phase 6 BUFG optimization
Phase 6 BUFG optimization | Checksum: 1a239a534

Time (s): cpu = 00:00:00 ; elapsed = 00:00:00.427 . Memory (MB): peak = 1910.816 ; gain = 0.000
BUFG optimization | Checksum: 1a239a534
INFO: [Opt 31-662] Phase BUFG optimization created 0 cells of which 0 are BUFGs and removed 0 cells.

Phase 7 Shift Register Optimization
INFO: [Opt 31-1064] SRL Remap converted 0 SRLs to 0 registers and converted 0 registers of register chains to 0 SRLs
Phase 7 Shift Register Optimization | Checksum: 1a239a534

Time (s): cpu = 00:00:00 ; elapsed = 00:00:00.436 . Memory (MB): peak = 1910.816 ; gain = 0.000
Shift Register Optimization | Checksum: 1a239a534
INFO: [Opt 31-389] Phase Shift Register Optimization created 0 cells and removed 0 cells

Phase 8 Post Processing Netlist
Phase 8 Post Processing Netlist | Checksum: 1a239a534

Time (s): cpu = 00:00:01 ; elapsed = 00:00:00.455 . Memory (MB): peak = 1910.816 ; gain = 0.000
Post Processing Netlist | Checksum: 1a239a534
INFO: [Opt 31-389] Phase Post Processing Netlist created 0 cells and removed 0 cells

Phase 9 Finalization

Phase 9.1 Finalizing Design Cores and Updating Shapes
Phase 9.1 Finalizing Design Cores and Updating Shapes | Checksum: 137ff84c0

Time (s): cpu = 00:00:01 ; elapsed = 00:00:00.495 . Memory (MB): peak = 1910.816 ; gain = 0.000

Phase 9.2 Verifying Netlist Connectivity

Starting Connectivity Check Task

Time (s): cpu = 00:00:00 ; elapsed = 00:00:00.015 . Memory (MB): peak = 1910.816 ; gain = 0.000
Phase 9.2 Verifying Netlist Connectivity | Checksum: 137ff84c0

Time (s): cpu = 00:00:01 ; elapsed = 00:00:00.512 . Memory (MB): peak = 1910.816 ; gain = 0.000
Phase 9 Finalization | Checksum: 137ff84c0

Time (s): cpu = 00:00:01 ; elapsed = 00:00:00.513 . Memory (MB): peak = 1910.816 ; gain = 0.000
Opt_design Change Summary
=========================


-------------------------------------------------------------------------------------------------------------------------
|  Phase                        |  #Cells created  |  #Cells Removed  |  #Constrained objects preventing optimizations  |
-------------------------------------------------------------------------------------------------------------------------
|  Retarget                     |               0  |               0  |                                              0  |
|  Constant propagation         |               0  |               0  |                                              0  |
|  Sweep                        |               0  |               0  |                                              0  |
|  BUFG optimization            |               0  |               0  |                                              0  |
|  Shift Register Optimization  |               0  |               0  |                                              0  |
|  Post Processing Netlist      |               0  |               0  |                                              0  |
-------------------------------------------------------------------------------------------------------------------------


Ending Logic Optimization Task | Checksum: 137ff84c0

Time (s): cpu = 00:00:01 ; elapsed = 00:00:00.515 . Memory (MB): peak = 1910.816 ; gain = 0.000

Starting Power Optimization Task
INFO: [Pwropt 34-132] Skipping clock gating for clocks with a period < 2.00 ns.
Ending Power Optimization Task | Checksum: 137ff84c0

Time (s): cpu = 00:00:00 ; elapsed = 00:00:00.019 . Memory (MB): peak = 1910.816 ; gain = 0.000

Starting Final Cleanup Task
Ending Final Cleanup Task | Checksum: 137ff84c0

Time (s): cpu = 00:00:00 ; elapsed = 00:00:00.001 . Memory (MB): peak = 1910.816 ; gain = 0.000

Starting Netlist Obfuscation Task
Netlist sorting complete. Time (s): cpu = 00:00:00 ; elapsed = 00:00:00.003 . Memory (MB): peak = 1910.816 ; gain = 0.000
Ending Netlist Obfuscation Task | Checksum: 137ff84c0

Time (s): cpu = 00:00:00 ; elapsed = 00:00:00.004 . Memory (MB): peak = 1910.816 ; gain = 0.000
INFO: [Common 17-83] Releasing license: Implementation
27 Infos, 1 Warnings, 0 Critical Warnings and 0 Errors encountered.
opt_design completed successfully
opt_design: Time (s): cpu = 00:00:08 ; elapsed = 00:00:08 . Memory (MB): peak = 1910.816 ; gain = 1005.227
INFO: [Vivado 12-24828] Executing command : report_drc -file lab5_drc_opted.rpt -pb lab5_drc_opted.pb -rpx lab5_drc_opted.rpx
Command: report_drc -file lab5_drc_opted.rpt -pb lab5_drc_opted.pb -rpx lab5_drc_opted.rpx
INFO: [IP_Flow 19-234] Refreshing IP repositories
INFO: [IP_Flow 19-1704] No user IP repositories specified
INFO: [IP_Flow 19-2313] Loaded Vivado IP repository 'C:/Xilinx/2025.1.1/Vivado/data/ip'.
INFO: [DRC 23-27] Running DRC with 2 threads
INFO: [Vivado_Tcl 2-168] The results of DRC are in file C:/Users/ryanh/fpga/dlab/lab5/lab5.runs/impl_1/lab5_drc_opted.rpt.
report_drc completed successfully
INFO: [Timing 38-480] Writing timing data to binary archive.
Wrote PlaceDB: Time (s): cpu = 00:00:00 ; elapsed = 00:00:00.001 . Memory (MB): peak = 1910.816 ; gain = 0.000
Wrote PulsedLatchDB: Time (s): cpu = 00:00:00 ; elapsed = 00:00:00 . Memory (MB): peak = 1910.816 ; gain = 0.000
Writing XDEF routing.
Write ShapeDB Complete: Time (s): cpu = 00:00:00 ; elapsed = 00:00:00.017 . Memory (MB): peak = 1910.816 ; gain = 0.000
Writing XDEF routing logical nets.
Writing XDEF routing special nets.
Wrote RouteStorage: Time (s): cpu = 00:00:00 ; elapsed = 00:00:00.019 . Memory (MB): peak = 1910.816 ; gain = 0.000
Wrote Netlist Cache: Time (s): cpu = 00:00:00 ; elapsed = 00:00:00 . Memory (MB): peak = 1910.816 ; gain = 0.000
Wrote Device Cache: Time (s): cpu = 00:00:00 ; elapsed = 00:00:00.006 . Memory (MB): peak = 1910.816 ; gain = 0.000
Write Physdb Complete: Time (s): cpu = 00:00:00 ; elapsed = 00:00:00.033 . Memory (MB): peak = 1910.816 ; gain = 0.000
INFO: [Common 17-1381] The checkpoint 'C:/Users/ryanh/fpga/dlab/lab5/lab5.runs/impl_1/lab5_opt.dcp' has been generated.
Command: place_design
Attempting to get a license for feature 'Implementation' and/or device 'xc7z020'
INFO: [Common 17-349] Got license for feature 'Implementation' and/or device 'xc7z020'
INFO: [Common 17-83] Releasing license: Implementation
INFO: [DRC 23-27] Running DRC with 2 threads
INFO: [Vivado_Tcl 4-198] DRC finished with 0 Errors
INFO: [Vivado_Tcl 4-199] Please refer to the DRC report (report_drc) for more information.
Running DRC as a precondition to command place_design
INFO: [DRC 23-27] Running DRC with 2 threads
INFO: [Vivado_Tcl 4-198] DRC finished with 0 Errors
INFO: [Vivado_Tcl 4-199] Please refer to the DRC report (report_drc) for more information.
INFO: [Place 30-611] Multithreading enabled for place_design using a maximum of 2 CPUs

Starting Placer Task

Phase 1 Placer Initialization

Phase 1.1 Placer Initialization Netlist Sorting
Netlist sorting complete. Time (s): cpu = 00:00:00 ; elapsed = 00:00:00.003 . Memory (MB): peak = 1910.816 ; gain = 0.000
Phase 1.1 Placer Initialization Netlist Sorting | Checksum: 8c83ec77

Time (s): cpu = 00:00:00 ; elapsed = 00:00:00.007 . Memory (MB): peak = 1910.816 ; gain = 0.000
Netlist sorting complete. Time (s): cpu = 00:00:00 ; elapsed = 00:00:00.002 . Memory (MB): peak = 1910.816 ; gain = 0.000

Phase 1.2 IO Placement/ Clock Placement/ Build Placer Device
INFO: [Timing 38-35] Done setting XDC timing constraints.
Phase 1.2 IO Placement/ Clock Placement/ Build Placer Device | Checksum: 15b8f1281

Time (s): cpu = 00:00:01 ; elapsed = 00:00:00.667 . Memory (MB): peak = 1910.816 ; gain = 0.000

Phase 1.3 Build Placer Netlist Model
Phase 1.3 Build Placer Netlist Model | Checksum: 1ffa5b061

Time (s): cpu = 00:00:03 ; elapsed = 00:00:02 . Memory (MB): peak = 1922.672 ; gain = 11.855

Phase 1.4 Constrain Clocks/Macros
Phase 1.4 Constrain Clocks/Macros | Checksum: 1ffa5b061

Time (s): cpu = 00:00:03 ; elapsed = 00:00:02 . Memory (MB): peak = 1922.672 ; gain = 11.855
Phase 1 Placer Initialization | Checksum: 1ffa5b061

Time (s): cpu = 00:00:03 ; elapsed = 00:00:02 . Memory (MB): peak = 1922.672 ; gain = 11.855

Phase 2 Global Placement

Phase 2.1 Floorplanning
Phase 2.1 Floorplanning | Checksum: 1a483f248

Time (s): cpu = 00:00:03 ; elapsed = 00:00:02 . Memory (MB): peak = 1922.672 ; gain = 11.855

Phase 2.2 Update Timing before SLR Path Opt
Phase 2.2 Update Timing before SLR Path Opt | Checksum: 25ae406c8

Time (s): cpu = 00:00:04 ; elapsed = 00:00:03 . Memory (MB): peak = 1922.672 ; gain = 11.855

Phase 2.3 Post-Processing in Floorplanning
Phase 2.3 Post-Processing in Floorplanning | Checksum: 25ae406c8

Time (s): cpu = 00:00:04 ; elapsed = 00:00:03 . Memory (MB): peak = 1922.672 ; gain = 11.855

Phase 2.4 Global Place Phase1
Phase 2.4 Global Place Phase1 | Checksum: 16d55fecc

Time (s): cpu = 00:00:09 ; elapsed = 00:00:06 . Memory (MB): peak = 1922.672 ; gain = 11.855

Phase 2.5 Global Place Phase2

Phase 2.5.1 UpdateTiming Before Physical Synthesis
Phase 2.5.1 UpdateTiming Before Physical Synthesis | Checksum: 16926e307

Time (s): cpu = 00:00:10 ; elapsed = 00:00:07 . Memory (MB): peak = 1922.672 ; gain = 11.855

Phase 2.5.2 Physical Synthesis In Placer
INFO: [Physopt 32-1035] Found 83 LUTNM shape to break, 156 LUT instances to create LUTNM shape
INFO: [Physopt 32-1044] Break lutnm for timing: one critical 72, two critical 11, total 83, new lutff created 0
INFO: [Physopt 32-1138] End 1 Pass. Optimized 141 nets or LUTs. Breaked 83 LUTs, combined 58 existing LUTs and moved 0 existing LUT
INFO: [Physopt 32-65] No nets found for high-fanout optimization.
INFO: [Physopt 32-232] Optimized 0 net. Created 0 new instance.
INFO: [Physopt 32-775] End 1 Pass. Optimized 0 net or cell. Created 0 new cell, deleted 0 existing cell and moved 0 existing cell
INFO: [Physopt 32-456] No candidate cells for DSP register optimization found in the design.
INFO: [Physopt 32-775] End 2 Pass. Optimized 0 net or cell. Created 0 new cell, deleted 0 existing cell and moved 0 existing cell
INFO: [Physopt 32-1123] No candidate cells found for Shift Register to Pipeline optimization
INFO: [Physopt 32-775] End 2 Pass. Optimized 0 net or cell. Created 0 new cell, deleted 0 existing cell and moved 0 existing cell
INFO: [Physopt 32-1401] No candidate cells found for Shift Register optimization.
INFO: [Physopt 32-677] No candidate cells for Shift Register optimization found in the design
INFO: [Physopt 32-775] End 1 Pass. Optimized 0 net or cell. Created 0 new cell, deleted 0 existing cell and moved 0 existing cell
INFO: [Physopt 32-526] No candidate cells for BRAM register optimization found in the design
INFO: [Physopt 32-775] End 1 Pass. Optimized 0 net or cell. Created 0 new cell, deleted 0 existing cell and moved 0 existing cell
INFO: [Physopt 32-846] No candidate cells for URAM register optimization found in the design
INFO: [Physopt 32-775] End 1 Pass. Optimized 0 net or cell. Created 0 new cell, deleted 0 existing cell and moved 0 existing cell
INFO: [Physopt 32-846] No candidate cells for URAM register optimization found in the design
INFO: [Physopt 32-775] End 1 Pass. Optimized 0 net or cell. Created 0 new cell, deleted 0 existing cell and moved 0 existing cell
INFO: [Physopt 32-949] No candidate nets found for dynamic/static region interface net replication
INFO: [Physopt 32-775] End 1 Pass. Optimized 0 net or cell. Created 0 new cell, deleted 0 existing cell and moved 0 existing cell
Netlist sorting complete. Time (s): cpu = 00:00:00 ; elapsed = 00:00:00.002 . Memory (MB): peak = 1922.672 ; gain = 0.000

Summary of Physical Synthesis Optimizations
============================================


-----------------------------------------------------------------------------------------------------------------------------------------------------------
|  Optimization                                     |  Added Cells  |  Removed Cells  |  Optimized Cells/Nets  |  Dont Touch  |  Iterations  |  Elapsed   |
-----------------------------------------------------------------------------------------------------------------------------------------------------------
|  LUT Combining                                    |           83  |             58  |                   141  |           0  |           1  |  00:00:00  |
|  Retime                                           |            0  |              0  |                     0  |           0  |           1  |  00:00:00  |
|  Very High Fanout                                 |            0  |              0  |                     0  |           0  |           1  |  00:00:00  |
|  DSP Register                                     |            0  |              0  |                     0  |           0  |           1  |  00:00:00  |
|  Shift Register to Pipeline                       |            0  |              0  |                     0  |           0  |           1  |  00:00:00  |
|  Shift Register                                   |            0  |              0  |                     0  |           0  |           1  |  00:00:00  |
|  BRAM Register                                    |            0  |              0  |                     0  |           0  |           1  |  00:00:00  |
|  URAM Register                                    |            0  |              0  |                     0  |           0  |           1  |  00:00:00  |
|  Dynamic/Static Region Interface Net Replication  |            0  |              0  |                     0  |           0  |           1  |  00:00:00  |
|  Total                                            |           83  |             58  |                   141  |           0  |           9  |  00:00:00  |
-----------------------------------------------------------------------------------------------------------------------------------------------------------


Phase 2.5.2 Physical Synthesis In Placer | Checksum: 15a740b4e

Time (s): cpu = 00:00:11 ; elapsed = 00:00:07 . Memory (MB): peak = 1922.672 ; gain = 11.855
Phase 2.5 Global Place Phase2 | Checksum: 1b98d9273

Time (s): cpu = 00:00:12 ; elapsed = 00:00:08 . Memory (MB): peak = 1922.672 ; gain = 11.855
Phase 2 Global Placement | Checksum: 1b98d9273

Time (s): cpu = 00:00:12 ; elapsed = 00:00:08 . Memory (MB): peak = 1922.672 ; gain = 11.855

Phase 3 Detail Placement

Phase 3.1 Commit Multi Column Macros
Phase 3.1 Commit Multi Column Macros | Checksum: 1713a3364

Time (s): cpu = 00:00:12 ; elapsed = 00:00:09 . Memory (MB): peak = 1922.672 ; gain = 11.855

Phase 3.2 Commit Most Macros & LUTRAMs
Phase 3.2 Commit Most Macros & LUTRAMs | Checksum: 1de04696d

Time (s): cpu = 00:00:14 ; elapsed = 00:00:09 . Memory (MB): peak = 1922.672 ; gain = 11.855

Phase 3.3 Area Swap Optimization
Phase 3.3 Area Swap Optimization | Checksum: 1d12153f5

Time (s): cpu = 00:00:14 ; elapsed = 00:00:09 . Memory (MB): peak = 1922.672 ; gain = 11.855

Phase 3.4 Pipeline Register Optimization
Phase 3.4 Pipeline Register Optimization | Checksum: 1c4758a06

Time (s): cpu = 00:00:14 ; elapsed = 00:00:09 . Memory (MB): peak = 1922.672 ; gain = 11.855

Phase 3.5 Fast Optimization
Phase 3.5 Fast Optimization | Checksum: 1abee972c

Time (s): cpu = 00:00:16 ; elapsed = 00:00:10 . Memory (MB): peak = 1922.672 ; gain = 11.855

Phase 3.6 Small Shape Detail Placement
Phase 3.6 Small Shape Detail Placement | Checksum: e43d8e0d

Time (s): cpu = 00:00:19 ; elapsed = 00:00:14 . Memory (MB): peak = 1922.672 ; gain = 11.855

Phase 3.7 Re-assign LUT pins
Phase 3.7 Re-assign LUT pins | Checksum: ed2aa19a

Time (s): cpu = 00:00:20 ; elapsed = 00:00:15 . Memory (MB): peak = 1922.672 ; gain = 11.855

Phase 3.8 Pipeline Register Optimization
Phase 3.8 Pipeline Register Optimization | Checksum: 16a94bcad

Time (s): cpu = 00:00:20 ; elapsed = 00:00:15 . Memory (MB): peak = 1922.672 ; gain = 11.855
Phase 3 Detail Placement | Checksum: 16a94bcad

Time (s): cpu = 00:00:20 ; elapsed = 00:00:15 . Memory (MB): peak = 1922.672 ; gain = 11.855

Phase 4 Post Placement Optimization and Clean-Up

Phase 4.1 Post Commit Optimization
INFO: [Timing 38-35] Done setting XDC timing constraints.

Phase 4.1.1 Post Placement Optimization
Post Placement Optimization Initialization | Checksum: 73e67c1e

Phase 4.1.1.1 BUFG Insertion

Starting Physical Synthesis Task

Phase 1 Physical Synthesis Initialization
INFO: [Physopt 32-721] Multithreading enabled for phys_opt_design using a maximum of 2 CPUs
INFO: [Physopt 32-619] Estimated Timing Summary | WNS=-0.181 | TNS=-6.547 |
Phase 1 Physical Synthesis Initialization | Checksum: b45387ea

Time (s): cpu = 00:00:00 ; elapsed = 00:00:00.125 . Memory (MB): peak = 1970.055 ; gain = 0.000
INFO: [Place 46-33] Processed net lcd0/reset_n, BUFG insertion was skipped due to placement/routing conflicts.
INFO: [Place 46-33] Processed net ans_hex[25][23]_i_1_n_0, BUFG insertion was skipped due to placement/routing conflicts.
INFO: [Place 46-56] BUFG insertion identified 2 candidate nets. Inserted BUFG: 0, Replicated BUFG Driver: 0, Skipped due to Placement/Routing Conflicts: 2, Skipped due to Timing Degradation: 0, Skipped due to netlist editing failed: 0.
Ending Physical Synthesis Task | Checksum: 11c3dc4e5

Time (s): cpu = 00:00:01 ; elapsed = 00:00:00.450 . Memory (MB): peak = 1970.055 ; gain = 0.000
Phase 4.1.1.1 BUFG Insertion | Checksum: 73e67c1e

Time (s): cpu = 00:00:23 ; elapsed = 00:00:17 . Memory (MB): peak = 1970.055 ; gain = 59.238

Phase 4.1.1.2 Post Placement Timing Optimization
INFO: [Place 30-746] Post Placement Timing Summary WNS=0.511. For the most accurate timing information please run report_timing.
Phase 4.1.1.2 Post Placement Timing Optimization | Checksum: d39de174

Time (s): cpu = 00:00:26 ; elapsed = 00:00:20 . Memory (MB): peak = 1970.055 ; gain = 59.238

Time (s): cpu = 00:00:26 ; elapsed = 00:00:20 . Memory (MB): peak = 1970.055 ; gain = 59.238
Phase 4.1 Post Commit Optimization | Checksum: d39de174

Time (s): cpu = 00:00:26 ; elapsed = 00:00:20 . Memory (MB): peak = 1970.055 ; gain = 59.238

Phase 4.2 Post Placement Cleanup
Phase 4.2 Post Placement Cleanup | Checksum: d39de174

Time (s): cpu = 00:00:26 ; elapsed = 00:00:20 . Memory (MB): peak = 1970.055 ; gain = 59.238

Phase 4.3 Placer Reporting

Phase 4.3.1 Print Estimated Congestion
INFO: [Place 30-612] Post-Placement Estimated Congestion 
 ____________________________________________________
|           | Global Congestion | Short Congestion  |
| Direction | Region Size       | Region Size       |
|___________|___________________|___________________|
|      North|                1x1|                4x4|
|___________|___________________|___________________|
|      South|                1x1|                1x1|
|___________|___________________|___________________|
|       East|                1x1|                2x2|
|___________|___________________|___________________|
|       West|                1x1|                2x2|
|___________|___________________|___________________|

Phase 4.3.1 Print Estimated Congestion | Checksum: d39de174

Time (s): cpu = 00:00:26 ; elapsed = 00:00:20 . Memory (MB): peak = 1970.055 ; gain = 59.238
Phase 4.3 Placer Reporting | Checksum: d39de174

Time (s): cpu = 00:00:26 ; elapsed = 00:00:20 . Memory (MB): peak = 1970.055 ; gain = 59.238

Phase 4.4 Final Placement Cleanup
Netlist sorting complete. Time (s): cpu = 00:00:00 ; elapsed = 00:00:00.016 . Memory (MB): peak = 1970.055 ; gain = 0.000

Time (s): cpu = 00:00:26 ; elapsed = 00:00:20 . Memory (MB): peak = 1970.055 ; gain = 59.238
Phase 4 Post Placement Optimization and Clean-Up | Checksum: 19d3afb63

Time (s): cpu = 00:00:26 ; elapsed = 00:00:20 . Memory (MB): peak = 1970.055 ; gain = 59.238
Ending Placer Task | Checksum: 17a71f2d6

Time (s): cpu = 00:00:26 ; elapsed = 00:00:20 . Memory (MB): peak = 1970.055 ; gain = 59.238
74 Infos, 1 Warnings, 0 Critical Warnings and 0 Errors encountered.
place_design completed successfully
place_design: Time (s): cpu = 00:00:28 ; elapsed = 00:00:21 . Memory (MB): peak = 1970.055 ; gain = 59.238
INFO: [Vivado 12-24838] Running report commands "report_control_sets, report_io, report_utilization" in parallel.
Running report generation with 2 threads.
INFO: [Vivado 12-24828] Executing command : report_io -file lab5_io_placed.rpt
report_io: Time (s): cpu = 00:00:00 ; elapsed = 00:00:00.038 . Memory (MB): peak = 1970.055 ; gain = 0.000
INFO: [Vivado 12-24828] Executing command : report_control_sets -verbose -file lab5_control_sets_placed.rpt
report_control_sets: Time (s): cpu = 00:00:01 ; elapsed = 00:00:00.024 . Memory (MB): peak = 1970.055 ; gain = 0.000
INFO: [Vivado 12-24828] Executing command : report_utilization -file lab5_utilization_placed.rpt -pb lab5_utilization_placed.pb
INFO: [Timing 38-480] Writing timing data to binary archive.
Write ShapeDB Complete: Time (s): cpu = 00:00:00 ; elapsed = 00:00:00.033 . Memory (MB): peak = 1970.055 ; gain = 0.000
Wrote PlaceDB: Time (s): cpu = 00:00:01 ; elapsed = 00:00:00.559 . Memory (MB): peak = 1970.055 ; gain = 0.000
Wrote PulsedLatchDB: Time (s): cpu = 00:00:00 ; elapsed = 00:00:00 . Memory (MB): peak = 1970.055 ; gain = 0.000
Writing XDEF routing.
Writing XDEF routing logical nets.
Writing XDEF routing special nets.
Wrote RouteStorage: Time (s): cpu = 00:00:00 ; elapsed = 00:00:00.018 . Memory (MB): peak = 1970.055 ; gain = 0.000
Wrote Netlist Cache: Time (s): cpu = 00:00:00 ; elapsed = 00:00:00.015 . Memory (MB): peak = 1970.055 ; gain = 0.000
Wrote Device Cache: Time (s): cpu = 00:00:00 ; elapsed = 00:00:00.006 . Memory (MB): peak = 1970.055 ; gain = 0.000
Write Physdb Complete: Time (s): cpu = 00:00:01 ; elapsed = 00:00:00.608 . Memory (MB): peak = 1970.055 ; gain = 0.000
INFO: [Common 17-1381] The checkpoint 'C:/Users/ryanh/fpga/dlab/lab5/lab5.runs/impl_1/lab5_placed.dcp' has been generated.
Command: phys_opt_design
Attempting to get a license for feature 'Implementation' and/or device 'xc7z020'
INFO: [Common 17-349] Got license for feature 'Implementation' and/or device 'xc7z020'

Starting Initial Update Timing Task

Time (s): cpu = 00:00:01 ; elapsed = 00:00:00.946 . Memory (MB): peak = 1982.613 ; gain = 12.559
INFO: [Vivado_Tcl 4-2279] Estimated Timing Summary | WNS= 0.511 | TNS= 0.000 | 
INFO: [Vivado_Tcl 4-383] Design worst setup slack (WNS) is greater than or equal to 0.000 ns. All physical synthesis setup optimizations will be skipped.
INFO: [Vivado_Tcl 4-232] No setup violation found. The netlist was not modified.
INFO: [Common 17-83] Releasing license: Implementation
85 Infos, 1 Warnings, 0 Critical Warnings and 0 Errors encountered.
phys_opt_design completed successfully
INFO: [Timing 38-480] Writing timing data to binary archive.
Write ShapeDB Complete: Time (s): cpu = 00:00:00 ; elapsed = 00:00:00.026 . Memory (MB): peak = 1999.414 ; gain = 0.000
Wrote PlaceDB: Time (s): cpu = 00:00:01 ; elapsed = 00:00:00.529 . Memory (MB): peak = 2001.320 ; gain = 1.906
Wrote PulsedLatchDB: Time (s): cpu = 00:00:00 ; elapsed = 00:00:00 . Memory (MB): peak = 2001.320 ; gain = 0.000
Writing XDEF routing.
Writing XDEF routing logical nets.
Writing XDEF routing special nets.
Wrote RouteStorage: Time (s): cpu = 00:00:00 ; elapsed = 00:00:00.018 . Memory (MB): peak = 2001.320 ; gain = 0.000
Wrote Netlist Cache: Time (s): cpu = 00:00:00 ; elapsed = 00:00:00.015 . Memory (MB): peak = 2001.320 ; gain = 0.000
Wrote Device Cache: Time (s): cpu = 00:00:00 ; elapsed = 00:00:00.005 . Memory (MB): peak = 2001.320 ; gain = 0.000
Write Physdb Complete: Time (s): cpu = 00:00:01 ; elapsed = 00:00:00.576 . Memory (MB): peak = 2001.320 ; gain = 1.906
INFO: [Common 17-1381] The checkpoint 'C:/Users/ryanh/fpga/dlab/lab5/lab5.runs/impl_1/lab5_physopt.dcp' has been generated.
Command: route_design
Attempting to get a license for feature 'Implementation' and/or device 'xc7z020'
INFO: [Common 17-349] Got license for feature 'Implementation' and/or device 'xc7z020'


Starting Routing Task
INFO: [Route 35-254] Multithreading enabled for route_design using a maximum of 2 CPUs

Phase 1 Build RT Design
Checksum: PlaceDB: 9527c5d8 ConstDB: 0 ShapeSum: cf50ba0e RouteDB: 15f972f0
Post Restoration Checksum: NetGraph: b3ae0fb5 | NumContArr: 7fa974a7 | Constraints: c2a8fa9d | Timing: c2a8fa9d
Phase 1 Build RT Design | Checksum: 2b8a97996

Time (s): cpu = 00:00:20 ; elapsed = 00:00:17 . Memory (MB): peak = 2097.176 ; gain = 95.855

Phase 2 Router Initialization

Phase 2.1 Fix Topology Constraints
Phase 2.1 Fix Topology Constraints | Checksum: 2b8a97996

Time (s): cpu = 00:00:20 ; elapsed = 00:00:17 . Memory (MB): peak = 2097.375 ; gain = 96.055

Phase 2.2 Pre Route Cleanup
Phase 2.2 Pre Route Cleanup | Checksum: 2b8a97996

Time (s): cpu = 00:00:20 ; elapsed = 00:00:17 . Memory (MB): peak = 2097.375 ; gain = 96.055
 Number of Nodes with overlaps = 0

Phase 2.3 Update Timing
Phase 2.3 Update Timing | Checksum: 2553c2493

Time (s): cpu = 00:00:23 ; elapsed = 00:00:19 . Memory (MB): peak = 2147.203 ; gain = 145.883
INFO: [Route 35-416] Intermediate Timing Summary | WNS=0.767  | TNS=0.000  | WHS=-0.143 | THS=-200.053|


Phase 2.4 Soft Constraint Pins - Fast Budgeting
Phase 2.4 Soft Constraint Pins - Fast Budgeting | Checksum: 2f28b8bbe

Time (s): cpu = 00:00:24 ; elapsed = 00:00:19 . Memory (MB): peak = 2175.328 ; gain = 174.008

Router Utilization Summary
  Global Vertical Routing Utilization    = 0 %
  Global Horizontal Routing Utilization  = 0 %
  Routable Net Status*
  *Does not include unroutable nets such as driverless and loadless.
  Run report_route_status for detailed report.
  Number of Failed Nets               = 14454
    (Failed Nets is the sum of unrouted and partially routed nets)
  Number of Unrouted Nets             = 14454
  Number of Partially Routed Nets     = 0
  Number of Node Overlaps             = 0

Phase 2 Router Initialization | Checksum: 23b8bb749

Time (s): cpu = 00:00:24 ; elapsed = 00:00:20 . Memory (MB): peak = 2175.328 ; gain = 174.008

Phase 3 Global Routing
Phase 3 Global Routing | Checksum: 23b8bb749

Time (s): cpu = 00:00:24 ; elapsed = 00:00:20 . Memory (MB): peak = 2175.328 ; gain = 174.008

Phase 4 Initial Routing

Phase 4.1 Initial Net Routing Pass
Phase 4.1 Initial Net Routing Pass | Checksum: 20482afb6

Time (s): cpu = 00:00:27 ; elapsed = 00:00:21 . Memory (MB): peak = 2189.273 ; gain = 187.953
Phase 4 Initial Routing | Checksum: 20482afb6

Time (s): cpu = 00:00:27 ; elapsed = 00:00:21 . Memory (MB): peak = 2189.273 ; gain = 187.953

Phase 5 Rip-up And Reroute

Phase 5.1 Global Iteration 0
 Number of Nodes with overlaps = 3258
 Number of Nodes with overlaps = 680
 Number of Nodes with overlaps = 438
 Number of Nodes with overlaps = 192
 Number of Nodes with overlaps = 97
 Number of Nodes with overlaps = 44
 Number of Nodes with overlaps = 25
 Number of Nodes with overlaps = 16
 Number of Nodes with overlaps = 16
 Number of Nodes with overlaps = 8
 Number of Nodes with overlaps = 8
 Number of Nodes with overlaps = 3
 Number of Nodes with overlaps = 5
 Number of Nodes with overlaps = 4
 Number of Nodes with overlaps = 1
 Number of Nodes with overlaps = 0
INFO: [Route 35-416] Intermediate Timing Summary | WNS=-0.336 | TNS=-28.121| WHS=N/A    | THS=N/A    |

Phase 5.1 Global Iteration 0 | Checksum: 32399af9b

Time (s): cpu = 00:00:48 ; elapsed = 00:00:38 . Memory (MB): peak = 2189.273 ; gain = 187.953

Phase 5.2 Global Iteration 1
 Number of Nodes with overlaps = 990
 Number of Nodes with overlaps = 286
 Number of Nodes with overlaps = 87
 Number of Nodes with overlaps = 38
 Number of Nodes with overlaps = 12
 Number of Nodes with overlaps = 5
 Number of Nodes with overlaps = 0
INFO: [Route 35-416] Intermediate Timing Summary | WNS=-0.233 | TNS=-12.748| WHS=N/A    | THS=N/A    |

Phase 5.2 Global Iteration 1 | Checksum: 1c5a4eea8

Time (s): cpu = 00:00:59 ; elapsed = 00:00:46 . Memory (MB): peak = 2189.273 ; gain = 187.953

Phase 5.3 Global Iteration 2
 Number of Nodes with overlaps = 801
 Number of Nodes with overlaps = 225
 Number of Nodes with overlaps = 88
 Number of Nodes with overlaps = 35
 Number of Nodes with overlaps = 19
 Number of Nodes with overlaps = 8
 Number of Nodes with overlaps = 7
 Number of Nodes with overlaps = 13
 Number of Nodes with overlaps = 8
 Number of Nodes with overlaps = 4
 Number of Nodes with overlaps = 5
 Number of Nodes with overlaps = 4
 Number of Nodes with overlaps = 0
INFO: [Route 35-416] Intermediate Timing Summary | WNS=-0.257 | TNS=-17.882| WHS=N/A    | THS=N/A    |

Phase 5.3 Global Iteration 2 | Checksum: 2bc981a47

Time (s): cpu = 00:01:13 ; elapsed = 00:00:57 . Memory (MB): peak = 2189.273 ; gain = 187.953
Phase 5 Rip-up And Reroute | Checksum: 2bc981a47

Time (s): cpu = 00:01:13 ; elapsed = 00:00:57 . Memory (MB): peak = 2189.273 ; gain = 187.953

Phase 6 Delay and Skew Optimization

Phase 6.1 Delay CleanUp

Phase 6.1.1 Update Timing
Phase 6.1.1 Update Timing | Checksum: 2dd84ac58

Time (s): cpu = 00:01:14 ; elapsed = 00:00:58 . Memory (MB): peak = 2189.273 ; gain = 187.953
INFO: [Route 35-416] Intermediate Timing Summary | WNS=-0.220 | TNS=-10.228| WHS=N/A    | THS=N/A    |

 Number of Nodes with overlaps = 0
Phase 6.1 Delay CleanUp | Checksum: 22c434a01

Time (s): cpu = 00:01:14 ; elapsed = 00:00:58 . Memory (MB): peak = 2189.273 ; gain = 187.953

Phase 6.2 Clock Skew Optimization
Phase 6.2 Clock Skew Optimization | Checksum: 22c434a01

Time (s): cpu = 00:01:14 ; elapsed = 00:00:58 . Memory (MB): peak = 2189.273 ; gain = 187.953
Phase 6 Delay and Skew Optimization | Checksum: 22c434a01

Time (s): cpu = 00:01:14 ; elapsed = 00:00:58 . Memory (MB): peak = 2189.273 ; gain = 187.953

Phase 7 Post Hold Fix

Phase 7.1 Hold Fix Iter
INFO: [Route 35-416] Intermediate Timing Summary | WNS=-0.204 | TNS=-9.723 | WHS=0.059  | THS=0.000  |

Phase 7.1 Hold Fix Iter | Checksum: 29892d2e1

Time (s): cpu = 00:01:15 ; elapsed = 00:00:58 . Memory (MB): peak = 2189.273 ; gain = 187.953
Phase 7 Post Hold Fix | Checksum: 29892d2e1

Time (s): cpu = 00:01:15 ; elapsed = 00:00:58 . Memory (MB): peak = 2189.273 ; gain = 187.953

Phase 8 Route finalize

Router Utilization Summary
  Global Vertical Routing Utilization    = 2.69897 %
  Global Horizontal Routing Utilization  = 3.93357 %
  Routable Net Status*
  *Does not include unroutable nets such as driverless and loadless.
  Run report_route_status for detailed report.
  Number of Failed Nets               = 0
    (Failed Nets is the sum of unrouted and partially routed nets)
  Number of Unrouted Nets             = 0
  Number of Partially Routed Nets     = 0
  Number of Node Overlaps             = 0


--GLOBAL Congestion:
Utilization threshold used for congestion level computation: 0.85
Congestion Report
North Dir 1x1 Area, Max Cong = 54.955%, No Congested Regions.
South Dir 1x1 Area, Max Cong = 58.5586%, No Congested Regions.
East Dir 1x1 Area, Max Cong = 61.7647%, No Congested Regions.
West Dir 1x1 Area, Max Cong = 77.9412%, No Congested Regions.

------------------------------
Reporting congestion hotspots
------------------------------
Direction: North
----------------
Congested clusters found at Level 0
Effective congestion level: 0 Aspect Ratio: 1 Sparse Ratio: 0
Direction: South
----------------
Congested clusters found at Level 0
Effective congestion level: 0 Aspect Ratio: 1 Sparse Ratio: 0
Direction: East
----------------
Congested clusters found at Level 0
Effective congestion level: 0 Aspect Ratio: 1 Sparse Ratio: 0
Direction: West
----------------
Congested clusters found at Level 0
Effective congestion level: 0 Aspect Ratio: 1 Sparse Ratio: 0

Phase 8 Route finalize | Checksum: 29892d2e1

Time (s): cpu = 00:01:15 ; elapsed = 00:00:58 . Memory (MB): peak = 2189.273 ; gain = 187.953

Phase 9 Verifying routed nets

 Verification completed successfully
Phase 9 Verifying routed nets | Checksum: 29892d2e1

Time (s): cpu = 00:01:15 ; elapsed = 00:00:58 . Memory (MB): peak = 2189.273 ; gain = 187.953

Phase 10 Depositing Routes
Phase 10 Depositing Routes | Checksum: 2d23a0a7a

Time (s): cpu = 00:01:16 ; elapsed = 00:00:59 . Memory (MB): peak = 2189.273 ; gain = 187.953

Phase 11 Post Process Routing
Phase 11 Post Process Routing | Checksum: 2d23a0a7a

Time (s): cpu = 00:01:16 ; elapsed = 00:00:59 . Memory (MB): peak = 2189.273 ; gain = 187.953

Phase 12 Post Router Timing
INFO: [Route 35-57] Estimated Timing Summary | WNS=-0.204 | TNS=-9.723 | WHS=0.059  | THS=0.000  |

WARNING: [Route 35-328] Router estimated timing not met.
Resolution: For a complete and accurate timing signoff, report_timing_summary must be run after route_design. Alternatively, route_design can be run with the -timing_summary option to enable a complete timing signoff at the end of route_design.
Phase 12 Post Router Timing | Checksum: 2d23a0a7a

Time (s): cpu = 00:01:16 ; elapsed = 00:00:59 . Memory (MB): peak = 2189.273 ; gain = 187.953
Total Elapsed time in route_design: 58.765 secs

Phase 13 Post-Route Event Processing
Phase 13 Post-Route Event Processing | Checksum: 2380d0c12

Time (s): cpu = 00:01:16 ; elapsed = 00:00:59 . Memory (MB): peak = 2189.273 ; gain = 187.953
INFO: [Route 35-16] Router Completed Successfully
Ending Routing Task | Checksum: 2380d0c12

Time (s): cpu = 00:01:16 ; elapsed = 00:00:59 . Memory (MB): peak = 2189.273 ; gain = 187.953

Routing Is Done.
INFO: [Common 17-83] Releasing license: Implementation
98 Infos, 2 Warnings, 0 Critical Warnings and 0 Errors encountered.
route_design completed successfully
route_design: Time (s): cpu = 00:01:16 ; elapsed = 00:00:59 . Memory (MB): peak = 2189.273 ; gain = 187.953
INFO: [Vivado 12-24828] Executing command : report_drc -file lab5_drc_routed.rpt -pb lab5_drc_routed.pb -rpx lab5_drc_routed.rpx
Command: report_drc -file lab5_drc_routed.rpt -pb lab5_drc_routed.pb -rpx lab5_drc_routed.rpx
INFO: [IP_Flow 19-1839] IP Catalog is up to date.
INFO: [DRC 23-27] Running DRC with 2 threads
INFO: [Vivado_Tcl 2-168] The results of DRC are in file C:/Users/ryanh/fpga/dlab/lab5/lab5.runs/impl_1/lab5_drc_routed.rpt.
report_drc completed successfully
INFO: [Vivado 12-24828] Executing command : report_methodology -file lab5_methodology_drc_routed.rpt -pb lab5_methodology_drc_routed.pb -rpx lab5_methodology_drc_routed.rpx
Command: report_methodology -file lab5_methodology_drc_routed.rpt -pb lab5_methodology_drc_routed.pb -rpx lab5_methodology_drc_routed.rpx
INFO: [Timing 38-35] Done setting XDC timing constraints.
INFO: [DRC 23-133] Running Methodology with 2 threads
INFO: [Vivado_Tcl 2-1520] The results of Report Methodology are in file C:/Users/ryanh/fpga/dlab/lab5/lab5.runs/impl_1/lab5_methodology_drc_routed.rpt.
report_methodology completed successfully
INFO: [Vivado 12-24828] Executing command : report_timing_summary -max_paths 10 -routable_nets -report_unconstrained -file lab5_timing_summary_routed.rpt -pb lab5_timing_summary_routed.pb -rpx lab5_timing_summary_routed.rpx -warn_on_violation 
INFO: [Timing 38-35] Done setting XDC timing constraints.
INFO: [Timing 38-91] UpdateTimingParams: Speed grade: -1, Delay Type: min_max.
INFO: [Timing 38-191] Multithreading enabled for timing update using a maximum of 2 CPUs
CRITICAL WARNING: [Timing 38-282] The design failed to meet the timing requirements. Please see the timing summary report for details on the timing violations.
INFO: [Vivado 12-24838] Running report commands "report_incremental_reuse, report_route_status" in parallel.
Running report generation with 2 threads.
INFO: [Vivado 12-24828] Executing command : report_incremental_reuse -file lab5_incremental_reuse_routed.rpt
INFO: [Vivado_Tcl 4-1062] Incremental flow is disabled. No incremental reuse Info to report.
INFO: [Vivado 12-24828] Executing command : report_route_status -file lab5_route_status.rpt -pb lab5_route_status.pb
INFO: [Vivado 12-24828] Executing command : report_power -file lab5_power_routed.rpt -pb lab5_power_summary_routed.pb -rpx lab5_power_routed.rpx
Command: report_power -file lab5_power_routed.rpt -pb lab5_power_summary_routed.pb -rpx lab5_power_routed.rpx
Running Vector-less Activity Propagation...

Finished Running Vector-less Activity Propagation
115 Infos, 2 Warnings, 1 Critical Warnings and 0 Errors encountered.
report_power completed successfully
INFO: [Vivado 12-24828] Executing command : report_clock_utilization -file lab5_clock_utilization_routed.rpt
INFO: [Vivado 12-24828] Executing command : report_bus_skew -warn_on_violation -file lab5_bus_skew_routed.rpt -pb lab5_bus_skew_routed.pb -rpx lab5_bus_skew_routed.rpx
INFO: [Timing 38-91] UpdateTimingParams: Speed grade: -1, Delay Type: min_max.
INFO: [Timing 38-191] Multithreading enabled for timing update using a maximum of 2 CPUs
generate_parallel_reports: Time (s): cpu = 00:00:17 ; elapsed = 00:00:10 . Memory (MB): peak = 2240.512 ; gain = 51.238
INFO: [Timing 38-480] Writing timing data to binary archive.
Write ShapeDB Complete: Time (s): cpu = 00:00:00 ; elapsed = 00:00:00.025 . Memory (MB): peak = 2258.363 ; gain = 1.387
Wrote PlaceDB: Time (s): cpu = 00:00:01 ; elapsed = 00:00:00.543 . Memory (MB): peak = 2262.227 ; gain = 5.250
Wrote PulsedLatchDB: Time (s): cpu = 00:00:00 ; elapsed = 00:00:00 . Memory (MB): peak = 2262.227 ; gain = 0.000
Writing XDEF routing.
Writing XDEF routing logical nets.
Writing XDEF routing special nets.
Wrote RouteStorage: Time (s): cpu = 00:00:00 ; elapsed = 00:00:00.091 . Memory (MB): peak = 2262.227 ; gain = 0.000
Wrote Netlist Cache: Time (s): cpu = 00:00:00 ; elapsed = 00:00:00.015 . Memory (MB): peak = 2262.227 ; gain = 0.000
Wrote Device Cache: Time (s): cpu = 00:00:00 ; elapsed = 00:00:00.006 . Memory (MB): peak = 2262.227 ; gain = 0.000
Write Physdb Complete: Time (s): cpu = 00:00:01 ; elapsed = 00:00:00.662 . Memory (MB): peak = 2262.227 ; gain = 5.250
INFO: [Common 17-1381] The checkpoint 'C:/Users/ryanh/fpga/dlab/lab5/lab5.runs/impl_1/lab5_routed.dcp' has been generated.
Command: write_bitstream -force lab5.bit
Attempting to get a license for feature 'Implementation' and/or device 'xc7z020'
INFO: [Common 17-349] Got license for feature 'Implementation' and/or device 'xc7z020'
Running DRC as a precondition to command write_bitstream
INFO: [IP_Flow 19-1839] IP Catalog is up to date.
INFO: [DRC 23-27] Running DRC with 2 threads
INFO: [Vivado 12-3199] DRC finished with 0 Errors
INFO: [Vivado 12-3200] Please refer to the DRC report (report_drc) for more information.
INFO: [Designutils 20-2272] Running write_bitstream with 2 threads.
Loading data files...
Loading site data...
Loading route data...
Processing options...
Creating bitmap...
Creating bitstream...
Writing bitstream ./lab5.bit...
INFO: [Vivado 12-1842] Bitgen Completed Successfully.
INFO: [Project 1-1876] WebTalk data collection is mandatory when using a ULT device. To see the specific WebTalk data collected for your design, open the usage_statistics_webtalk.html or usage_statistics_webtalk.xml file in the implementation directory.
INFO: [Common 17-83] Releasing license: Implementation
130 Infos, 2 Warnings, 1 Critical Warnings and 0 Errors encountered.
write_bitstream completed successfully
write_bitstream: Time (s): cpu = 00:00:15 ; elapsed = 00:00:10 . Memory (MB): peak = 2757.746 ; gain = 495.520
INFO: [Common 17-206] Exiting Vivado at Thu Jan  1 01:59:06 2026...
