
*** Running vivado
    with args -log lab9.vds -m64 -product Vivado -mode batch -messageDb vivado.pb -notrace -source lab9.tcl



****** Vivado v2025.1.1 (64-bit)
  **** SW Build 6233196 on Thu Sep 11 21:27:30 MDT 2025
  **** IP Build 6232796 on Fri Sep 12 01:46:16 MDT 2025
  **** SharedData Build 6233195 on Thu Sep 11 17:56:43 MDT 2025
  **** Start of session at: Wed Jan  7 23:36:35 2026
    ** Copyright 1986-2022 Xilinx, Inc. All Rights Reserved.
    ** Copyright 2022-2025 Advanced Micro Devices, Inc. All Rights Reserved.

source lab9.tcl -notrace
create_project: Time (s): cpu = 00:00:06 ; elapsed = 00:00:06 . Memory (MB): peak = 493.223 ; gain = 212.621
Command: read_checkpoint -auto_incremental -incremental C:/Users/ryanh/fpga/dlab/lab9/lab9.srcs/utils_1/imports/synth_1/lab9.dcp
INFO: [Vivado 12-5825] Read reference checkpoint from C:/Users/ryanh/fpga/dlab/lab9/lab9.srcs/utils_1/imports/synth_1/lab9.dcp for incremental synthesis
INFO: [Vivado 12-7989] Please ensure there are no constraint changes
Command: synth_design -top lab9 -part xc7z020clg484-1
Starting synth_design
Attempting to get a license for feature 'Synthesis' and/or device 'xc7z020'
INFO: [Common 17-349] Got license for feature 'Synthesis' and/or device 'xc7z020'
INFO: [Device 21-403] Loading part xc7z020clg484-1
INFO: [Designutils 20-5440] No compile time benefit to using incremental synthesis; A full resynthesis will be run
INFO: [Designutils 20-4379] Flow is switching to default flow due to incremental criteria not met. If you would like to alter this behaviour and have the flow terminate instead, please set the following parameter config_implementation {autoIncr.Synth.RejectBehavior Terminate}
INFO: [Synth 8-7079] Multithreading enabled for synth_design using a maximum of 2 processes.
INFO: [Synth 8-7078] Launching helper process for spawning children vivado processes
INFO: [Synth 8-7075] Helper process launched with PID 33464
---------------------------------------------------------------------------------
Starting RTL Elaboration : Time (s): cpu = 00:00:03 ; elapsed = 00:00:03 . Memory (MB): peak = 1219.574 ; gain = 487.414
---------------------------------------------------------------------------------
INFO: [Synth 8-6157] synthesizing module 'lab9' [C:/Users/ryanh/fpga/dlab/lab9/lab9.srcs/sources_1/new/lab9.v:26]
INFO: [Synth 8-6157] synthesizing module 'debounce' [C:/Users/ryanh/fpga/dlab/lab9/lab9.srcs/sources_1/imports/sources_1/imports/new/debounce.v:26]
INFO: [Synth 8-6155] done synthesizing module 'debounce' (0#1) [C:/Users/ryanh/fpga/dlab/lab9/lab9.srcs/sources_1/imports/sources_1/imports/new/debounce.v:26]
INFO: [Synth 8-6157] synthesizing module 'one_pulser' [C:/Users/ryanh/fpga/dlab/lab9/lab9.srcs/sources_1/imports/sources_1/new/one_pulser.v:23]
INFO: [Synth 8-6155] done synthesizing module 'one_pulser' (0#1) [C:/Users/ryanh/fpga/dlab/lab9/lab9.srcs/sources_1/imports/sources_1/new/one_pulser.v:23]
INFO: [Synth 8-6157] synthesizing module 'LCD_module' [C:/Users/ryanh/fpga/dlab/lab9/lab9.srcs/sources_1/imports/sources_1/imports/new/LCD_module.v:23]
INFO: [Synth 8-6155] done synthesizing module 'LCD_module' (0#1) [C:/Users/ryanh/fpga/dlab/lab9/lab9.srcs/sources_1/imports/sources_1/imports/new/LCD_module.v:23]
INFO: [Synth 8-6157] synthesizing module 'sram' [C:/Users/ryanh/fpga/dlab/lab9/lab9.srcs/sources_1/imports/new/sram.v:29]
INFO: [Synth 8-3876] $readmem data file 'signals.mem' is read successfully [C:/Users/ryanh/fpga/dlab/lab9/lab9.srcs/sources_1/imports/new/sram.v:45]
INFO: [Synth 8-6155] done synthesizing module 'sram' (0#1) [C:/Users/ryanh/fpga/dlab/lab9/lab9.srcs/sources_1/imports/new/sram.v:29]
INFO: [Synth 8-155] case statement is not full and has no default [C:/Users/ryanh/fpga/dlab/lab9/lab9.srcs/sources_1/new/lab9.v:172]
INFO: [Synth 8-155] case statement is not full and has no default [C:/Users/ryanh/fpga/dlab/lab9/lab9.srcs/sources_1/new/lab9.v:185]
INFO: [Synth 8-155] case statement is not full and has no default [C:/Users/ryanh/fpga/dlab/lab9/lab9.srcs/sources_1/new/lab9.v:203]
INFO: [Synth 8-155] case statement is not full and has no default [C:/Users/ryanh/fpga/dlab/lab9/lab9.srcs/sources_1/new/lab9.v:227]
INFO: [Synth 8-155] case statement is not full and has no default [C:/Users/ryanh/fpga/dlab/lab9/lab9.srcs/sources_1/new/lab9.v:248]
INFO: [Synth 8-155] case statement is not full and has no default [C:/Users/ryanh/fpga/dlab/lab9/lab9.srcs/sources_1/new/lab9.v:261]
INFO: [Synth 8-155] case statement is not full and has no default [C:/Users/ryanh/fpga/dlab/lab9/lab9.srcs/sources_1/new/lab9.v:276]
INFO: [Synth 8-6155] done synthesizing module 'lab9' (0#1) [C:/Users/ryanh/fpga/dlab/lab9/lab9.srcs/sources_1/new/lab9.v:26]
---------------------------------------------------------------------------------
Finished RTL Elaboration : Time (s): cpu = 00:00:04 ; elapsed = 00:00:05 . Memory (MB): peak = 1354.535 ; gain = 622.375
---------------------------------------------------------------------------------
---------------------------------------------------------------------------------
Start Handling Custom Attributes
---------------------------------------------------------------------------------
---------------------------------------------------------------------------------
Finished Handling Custom Attributes : Time (s): cpu = 00:00:04 ; elapsed = 00:00:05 . Memory (MB): peak = 1354.535 ; gain = 622.375
---------------------------------------------------------------------------------
---------------------------------------------------------------------------------
Finished RTL Optimization Phase 1 : Time (s): cpu = 00:00:04 ; elapsed = 00:00:05 . Memory (MB): peak = 1354.535 ; gain = 622.375
---------------------------------------------------------------------------------
Netlist sorting complete. Time (s): cpu = 00:00:00 ; elapsed = 00:00:00.016 . Memory (MB): peak = 1354.535 ; gain = 0.000
INFO: [Project 1-570] Preparing netlist for logic optimization

Processing XDC Constraints
Initializing timing engine
Parsing XDC File [C:/Users/ryanh/fpga/dlab/lab9/lab9.srcs/constrs_1/imports/new/zedboard.xdc]
Finished Parsing XDC File [C:/Users/ryanh/fpga/dlab/lab9/lab9.srcs/constrs_1/imports/new/zedboard.xdc]
INFO: [Project 1-236] Implementation specific constraints were found while reading constraint file [C:/Users/ryanh/fpga/dlab/lab9/lab9.srcs/constrs_1/imports/new/zedboard.xdc]. These constraints will be ignored for synthesis but will be used in implementation. Impacted constraints are listed in the file [.Xil/lab9_propImpl.xdc].
Resolution: To avoid this warning, move constraints listed in [.Xil/lab9_propImpl.xdc] to another XDC file and exclude this new file from synthesis with the used_in_synthesis property (File Properties dialog in GUI) and re-run elaboration/synthesis.
Completed Processing XDC Constraints

Netlist sorting complete. Time (s): cpu = 00:00:00 ; elapsed = 00:00:00.001 . Memory (MB): peak = 1396.938 ; gain = 0.000
INFO: [Project 1-111] Unisim Transformation Summary:
No Unisim elements were transformed.

Constraint Validation Runtime : Time (s): cpu = 00:00:00 ; elapsed = 00:00:00.012 . Memory (MB): peak = 1396.938 ; gain = 0.000
INFO: [Designutils 20-5440] No compile time benefit to using incremental synthesis; A full resynthesis will be run
INFO: [Designutils 20-4379] Flow is switching to default flow due to incremental criteria not met. If you would like to alter this behaviour and have the flow terminate instead, please set the following parameter config_implementation {autoIncr.Synth.RejectBehavior Terminate}
---------------------------------------------------------------------------------
Finished Constraint Validation : Time (s): cpu = 00:00:11 ; elapsed = 00:00:13 . Memory (MB): peak = 1396.938 ; gain = 664.777
---------------------------------------------------------------------------------
---------------------------------------------------------------------------------
Start Loading Part and Timing Information
---------------------------------------------------------------------------------
Loading part: xc7z020clg484-1
---------------------------------------------------------------------------------
Finished Loading Part and Timing Information : Time (s): cpu = 00:00:11 ; elapsed = 00:00:13 . Memory (MB): peak = 1396.938 ; gain = 664.777
---------------------------------------------------------------------------------
---------------------------------------------------------------------------------
Start Applying 'set_property' XDC Constraints
---------------------------------------------------------------------------------
---------------------------------------------------------------------------------
Finished applying 'set_property' XDC Constraints : Time (s): cpu = 00:00:11 ; elapsed = 00:00:13 . Memory (MB): peak = 1396.938 ; gain = 664.777
---------------------------------------------------------------------------------
INFO: [Synth 8-802] inferred FSM for state register 'S_reg' in module 'debounce'
INFO: [Synth 8-802] inferred FSM for state register 'state_reg' in module 'lab9'
---------------------------------------------------------------------------------------------------
                   State |                     New Encoding |                Previous Encoding 
---------------------------------------------------------------------------------------------------
                  S_IDLE |                                0 |                               00
               S_WAITING |                                1 |                               01
---------------------------------------------------------------------------------------------------
INFO: [Synth 8-3354] encoded FSM with state register 'S_reg' using encoding 'sequential' in module 'debounce'
---------------------------------------------------------------------------------------------------
                   State |                     New Encoding |                Previous Encoding 
---------------------------------------------------------------------------------------------------
                  S_IDLE |                        000010000 |                             0000
                S_WAIT_G |                        000100000 |                             0001
                S_READ_G |                        000001000 |                             0010
                S_WAIT_F |                        000000001 |                             0011
                S_READ_F |                        000000010 |                             0100
          S_COMPUTE_CORR |                        000000100 |                             0101
               S_COMPARE |                        100000000 |                             0110
                   S_LCD |                        001000000 |                             0111
                  S_DONE |                        010000000 |                             1000
---------------------------------------------------------------------------------------------------
INFO: [Synth 8-3354] encoded FSM with state register 'state_reg' using encoding 'one-hot' in module 'lab9'
---------------------------------------------------------------------------------
Finished RTL Optimization Phase 2 : Time (s): cpu = 00:00:13 ; elapsed = 00:00:14 . Memory (MB): peak = 1396.938 ; gain = 664.777
---------------------------------------------------------------------------------
---------------------------------------------------------------------------------
Start RTL Component Statistics 
---------------------------------------------------------------------------------
Detailed RTL Component Info : 
+---Adders : 
	   2 Input   25 Bit       Adders := 4     
	   2 Input   12 Bit       Adders := 1     
	   2 Input   11 Bit       Adders := 1     
	   2 Input    7 Bit       Adders := 10    
+---Registers : 
	              128 Bit    Registers := 2     
	               25 Bit    Registers := 4     
	               24 Bit    Registers := 1     
	               22 Bit    Registers := 2     
	               12 Bit    Registers := 1     
	               11 Bit    Registers := 1     
	                8 Bit    Registers := 129   
	                7 Bit    Registers := 1     
	                4 Bit    Registers := 4     
	                1 Bit    Registers := 11    
+---RAMs : 
	              16K Bit	(2048 X 8 bit)          RAMs := 1     
+---Muxes : 
	   2 Input  128 Bit        Muxes := 6     
	   2 Input   25 Bit        Muxes := 4     
	   3 Input   24 Bit        Muxes := 1     
	   5 Input   22 Bit        Muxes := 1     
	   3 Input   12 Bit        Muxes := 1     
	   7 Input   11 Bit        Muxes := 1     
	   9 Input    9 Bit        Muxes := 1     
	   2 Input    9 Bit        Muxes := 4     
	   2 Input    8 Bit        Muxes := 1     
	   3 Input    8 Bit        Muxes := 128   
	   2 Input    7 Bit        Muxes := 9     
	   5 Input    7 Bit        Muxes := 1     
	  13 Input    4 Bit        Muxes := 1     
	   2 Input    4 Bit        Muxes := 1     
	   2 Input    1 Bit        Muxes := 27    
	  13 Input    1 Bit        Muxes := 2     
	   3 Input    1 Bit        Muxes := 4     
	   5 Input    1 Bit        Muxes := 2     
	   7 Input    1 Bit        Muxes := 1     
---------------------------------------------------------------------------------
Finished RTL Component Statistics 
---------------------------------------------------------------------------------
---------------------------------------------------------------------------------
Start Part Resource Summary
---------------------------------------------------------------------------------
Part Resources:
DSPs: 220 (col length:60)
BRAMs: 280 (col length: RAMB18 60 RAMB36 30)
---------------------------------------------------------------------------------
Finished Part Resource Summary
---------------------------------------------------------------------------------
---------------------------------------------------------------------------------
Start Cross Boundary and Area Optimization
---------------------------------------------------------------------------------
WARNING: [Synth 8-7080] Parallel synthesis criteria is not met
WARNING: [Synth 8-3332] Sequential element (FSM_sequential_S_reg) is unused and will be removed from module debounce__1.
WARNING: [Synth 8-3332] Sequential element (FSM_sequential_S_reg) is unused and will be removed from module debounce__2.
WARNING: [Synth 8-3332] Sequential element (FSM_sequential_S_reg) is unused and will be removed from module debounce__3.
---------------------------------------------------------------------------------
Finished Cross Boundary and Area Optimization : Time (s): cpu = 00:00:20 ; elapsed = 00:00:22 . Memory (MB): peak = 1460.719 ; gain = 728.559
---------------------------------------------------------------------------------
---------------------------------------------------------------------------------
Start ROM, RAM, DSP, Shift Register and Retiming Reporting
---------------------------------------------------------------------------------

Block RAM: Preliminary Mapping Report (see note below)
+------------+--------------+------------------------+---+---+------------------------+---+---+------------------+--------+--------+
|Module Name | RTL Object   | PORT A (Depth x Width) | W | R | PORT B (Depth x Width) | W | R | Ports driving FF | RAMB18 | RAMB36 | 
+------------+--------------+------------------------+---+---+------------------------+---+---+------------------+--------+--------+
|lab9        | ram0/RAM_reg | 2 K x 8(WRITE_FIRST)   | W | R |                        |   |   | Port A           | 1      | 0      | 
+------------+--------------+------------------------+---+---+------------------------+---+---+------------------+--------+--------+

Note: The table above is a preliminary report that shows the Block RAMs at the current stage of the synthesis flow. Some Block RAMs may be reimplemented as non Block RAM primitives later in the synthesis flow. Multiple instantiated Block RAMs are reported only once. 
---------------------------------------------------------------------------------
Finished ROM, RAM, DSP, Shift Register and Retiming Reporting
---------------------------------------------------------------------------------
---------------------------------------------------------------------------------
Start Applying XDC Timing Constraints
---------------------------------------------------------------------------------
---------------------------------------------------------------------------------
Finished Applying XDC Timing Constraints : Time (s): cpu = 00:00:26 ; elapsed = 00:00:28 . Memory (MB): peak = 1549.988 ; gain = 817.828
---------------------------------------------------------------------------------
---------------------------------------------------------------------------------
Start Timing Optimization
---------------------------------------------------------------------------------
---------------------------------------------------------------------------------
Finished Timing Optimization : Time (s): cpu = 00:00:30 ; elapsed = 00:00:33 . Memory (MB): peak = 1664.754 ; gain = 932.594
---------------------------------------------------------------------------------
---------------------------------------------------------------------------------
Start ROM, RAM, DSP, Shift Register and Retiming Reporting
---------------------------------------------------------------------------------

Block RAM: Final Mapping Report
+------------+--------------+------------------------+---+---+------------------------+---+---+------------------+--------+--------+
|Module Name | RTL Object   | PORT A (Depth x Width) | W | R | PORT B (Depth x Width) | W | R | Ports driving FF | RAMB18 | RAMB36 | 
+------------+--------------+------------------------+---+---+------------------------+---+---+------------------+--------+--------+
|lab9        | ram0/RAM_reg | 2 K x 8(WRITE_FIRST)   | W | R |                        |   |   | Port A           | 1      | 0      | 
+------------+--------------+------------------------+---+---+------------------------+---+---+------------------+--------+--------+

---------------------------------------------------------------------------------
Finished ROM, RAM, DSP, Shift Register and Retiming Reporting
---------------------------------------------------------------------------------
---------------------------------------------------------------------------------
Start Technology Mapping
---------------------------------------------------------------------------------
INFO: [Synth 8-7052] The timing for the instance ram0/RAM_reg (implemented as a Block RAM) might be sub-optimal as no optional output register could be merged into the ram block. Providing additional output register may help in improving timing.
---------------------------------------------------------------------------------
Finished Technology Mapping : Time (s): cpu = 00:00:31 ; elapsed = 00:00:34 . Memory (MB): peak = 1682.863 ; gain = 950.703
---------------------------------------------------------------------------------
---------------------------------------------------------------------------------
Start IO Insertion
---------------------------------------------------------------------------------
---------------------------------------------------------------------------------
Start Flattening Before IO Insertion
---------------------------------------------------------------------------------
---------------------------------------------------------------------------------
Finished Flattening Before IO Insertion
---------------------------------------------------------------------------------
---------------------------------------------------------------------------------
Start Final Netlist Cleanup
---------------------------------------------------------------------------------
---------------------------------------------------------------------------------
Finished Final Netlist Cleanup
---------------------------------------------------------------------------------
---------------------------------------------------------------------------------
Finished IO Insertion : Time (s): cpu = 00:00:35 ; elapsed = 00:00:38 . Memory (MB): peak = 1830.270 ; gain = 1098.109
---------------------------------------------------------------------------------
---------------------------------------------------------------------------------
Start Renaming Generated Instances
---------------------------------------------------------------------------------
---------------------------------------------------------------------------------
Finished Renaming Generated Instances : Time (s): cpu = 00:00:35 ; elapsed = 00:00:38 . Memory (MB): peak = 1830.270 ; gain = 1098.109
---------------------------------------------------------------------------------
---------------------------------------------------------------------------------
Start Rebuilding User Hierarchy
---------------------------------------------------------------------------------
---------------------------------------------------------------------------------
Finished Rebuilding User Hierarchy : Time (s): cpu = 00:00:35 ; elapsed = 00:00:39 . Memory (MB): peak = 1830.270 ; gain = 1098.109
---------------------------------------------------------------------------------
---------------------------------------------------------------------------------
Start Renaming Generated Ports
---------------------------------------------------------------------------------
---------------------------------------------------------------------------------
Finished Renaming Generated Ports : Time (s): cpu = 00:00:35 ; elapsed = 00:00:39 . Memory (MB): peak = 1830.270 ; gain = 1098.109
---------------------------------------------------------------------------------
---------------------------------------------------------------------------------
Start Handling Custom Attributes
---------------------------------------------------------------------------------
---------------------------------------------------------------------------------
Finished Handling Custom Attributes : Time (s): cpu = 00:00:35 ; elapsed = 00:00:39 . Memory (MB): peak = 1832.258 ; gain = 1100.098
---------------------------------------------------------------------------------
---------------------------------------------------------------------------------
Start Renaming Generated Nets
---------------------------------------------------------------------------------
---------------------------------------------------------------------------------
Finished Renaming Generated Nets : Time (s): cpu = 00:00:35 ; elapsed = 00:00:39 . Memory (MB): peak = 1832.258 ; gain = 1100.098
---------------------------------------------------------------------------------
---------------------------------------------------------------------------------
Start Writing Synthesis Report
---------------------------------------------------------------------------------

Report BlackBoxes: 
+-+--------------+----------+
| |BlackBox name |Instances |
+-+--------------+----------+
+-+--------------+----------+

Report Cell Usage: 
+------+---------+------+
|      |Cell     |Count |
+------+---------+------+
|1     |BUFG     |     1|
|2     |CARRY4   |    42|
|3     |LUT1     |     7|
|4     |LUT2     |   125|
|5     |LUT3     |  1079|
|6     |LUT4     |   106|
|7     |LUT5     |    85|
|8     |LUT6     |   400|
|9     |MUXF7    |   137|
|10    |MUXF8    |    66|
|11    |RAMB18E1 |     1|
|12    |FDRE     |  1263|
|13    |FDSE     |    38|
|14    |IBUF     |     6|
|15    |OBUF     |    11|
+------+---------+------+
---------------------------------------------------------------------------------
Finished Writing Synthesis Report : Time (s): cpu = 00:00:35 ; elapsed = 00:00:39 . Memory (MB): peak = 1832.258 ; gain = 1100.098
---------------------------------------------------------------------------------
Synthesis finished with 0 errors, 0 critical warnings and 4 warnings.
Synthesis Optimization Runtime : Time (s): cpu = 00:00:30 ; elapsed = 00:00:37 . Memory (MB): peak = 1832.258 ; gain = 1057.695
Synthesis Optimization Complete : Time (s): cpu = 00:00:36 ; elapsed = 00:00:39 . Memory (MB): peak = 1832.258 ; gain = 1100.098
INFO: [Project 1-571] Translating synthesized netlist
Netlist sorting complete. Time (s): cpu = 00:00:00 ; elapsed = 00:00:00.009 . Memory (MB): peak = 1841.418 ; gain = 0.000
INFO: [Netlist 29-17] Analyzing 246 Unisim elements for replacement
INFO: [Netlist 29-28] Unisim Transformation completed in 0 CPU seconds
WARNING: [Netlist 29-101] Netlist 'lab9' is not ideal for floorplanning, since the cellview 'lab9' contains a large number of primitives.  Please consider enabling hierarchy in synthesis if you want to do floorplanning.
INFO: [Project 1-570] Preparing netlist for logic optimization
INFO: [Opt 31-138] Pushed 0 inverter(s) to 0 load pin(s).
Netlist sorting complete. Time (s): cpu = 00:00:00 ; elapsed = 00:00:00 . Memory (MB): peak = 1845.074 ; gain = 0.000
INFO: [Project 1-111] Unisim Transformation Summary:
No Unisim elements were transformed.

Synth Design complete | Checksum: 58a974bf
INFO: [Common 17-83] Releasing license: Synthesis
44 Infos, 5 Warnings, 0 Critical Warnings and 0 Errors encountered.
synth_design completed successfully
synth_design: Time (s): cpu = 00:00:38 ; elapsed = 00:00:53 . Memory (MB): peak = 1845.074 ; gain = 1345.797
Write ShapeDB Complete: Time (s): cpu = 00:00:00 ; elapsed = 00:00:00.004 . Memory (MB): peak = 1845.074 ; gain = 0.000
INFO: [Common 17-1381] The checkpoint 'C:/Users/ryanh/fpga/dlab/lab9/lab9.runs/synth_1/lab9.dcp' has been generated.
INFO: [Vivado 12-24828] Executing command : report_utilization -file lab9_utilization_synth.rpt -pb lab9_utilization_synth.pb
INFO: [Common 17-206] Exiting Vivado at Wed Jan  7 23:37:40 2026...
