
*** Running vivado
    with args -log lab5.vds -m64 -product Vivado -mode batch -messageDb vivado.pb -notrace -source lab5.tcl



****** Vivado v2025.1.1 (64-bit)
  **** SW Build 6233196 on Thu Sep 11 21:27:30 MDT 2025
  **** IP Build 6232796 on Fri Sep 12 01:46:16 MDT 2025
  **** SharedData Build 6233195 on Thu Sep 11 17:56:43 MDT 2025
  **** Start of session at: Thu Jan  1 01:55:22 2026
    ** Copyright 1986-2022 Xilinx, Inc. All Rights Reserved.
    ** Copyright 2022-2025 Advanced Micro Devices, Inc. All Rights Reserved.

source lab5.tcl -notrace
Command: synth_design -top lab5 -part xc7z020clg484-1
Starting synth_design
Attempting to get a license for feature 'Synthesis' and/or device 'xc7z020'
INFO: [Common 17-349] Got license for feature 'Synthesis' and/or device 'xc7z020'
INFO: [Device 21-403] Loading part xc7z020clg484-1
INFO: [Synth 8-7079] Multithreading enabled for synth_design using a maximum of 2 processes.
INFO: [Synth 8-7078] Launching helper process for spawning children vivado processes
INFO: [Synth 8-7075] Helper process launched with PID 54092
---------------------------------------------------------------------------------
Starting RTL Elaboration : Time (s): cpu = 00:00:03 ; elapsed = 00:00:03 . Memory (MB): peak = 1216.023 ; gain = 485.629
---------------------------------------------------------------------------------
INFO: [Synth 8-6157] synthesizing module 'lab5' [C:/Users/ryanh/fpga/dlab/lab5/lab5.srcs/sources_1/new/lab5.v:27]
INFO: [Synth 8-6157] synthesizing module 'LCD_module' [C:/Users/ryanh/fpga/dlab/lab5/lab5.srcs/sources_1/new/LCD_module.v:23]
INFO: [Synth 8-6155] done synthesizing module 'LCD_module' (0#1) [C:/Users/ryanh/fpga/dlab/lab5/lab5.srcs/sources_1/new/LCD_module.v:23]
INFO: [Synth 8-6157] synthesizing module 'debounce' [C:/Users/ryanh/fpga/dlab/lab5/lab5.srcs/sources_1/new/debounce.v:26]
INFO: [Synth 8-6155] done synthesizing module 'debounce' (0#1) [C:/Users/ryanh/fpga/dlab/lab5/lab5.srcs/sources_1/new/debounce.v:26]
INFO: [Synth 8-155] case statement is not full and has no default [C:/Users/ryanh/fpga/dlab/lab5/lab5.srcs/sources_1/new/lab5.v:123]
INFO: [Synth 8-155] case statement is not full and has no default [C:/Users/ryanh/fpga/dlab/lab5/lab5.srcs/sources_1/new/lab5.v:169]
INFO: [Synth 8-155] case statement is not full and has no default [C:/Users/ryanh/fpga/dlab/lab5/lab5.srcs/sources_1/new/lab5.v:185]
INFO: [Synth 8-155] case statement is not full and has no default [C:/Users/ryanh/fpga/dlab/lab5/lab5.srcs/sources_1/new/lab5.v:200]
INFO: [Synth 8-155] case statement is not full and has no default [C:/Users/ryanh/fpga/dlab/lab5/lab5.srcs/sources_1/new/lab5.v:219]
INFO: [Synth 8-155] case statement is not full and has no default [C:/Users/ryanh/fpga/dlab/lab5/lab5.srcs/sources_1/new/lab5.v:251]
INFO: [Synth 8-155] case statement is not full and has no default [C:/Users/ryanh/fpga/dlab/lab5/lab5.srcs/sources_1/new/lab5.v:312]
INFO: [Synth 8-155] case statement is not full and has no default [C:/Users/ryanh/fpga/dlab/lab5/lab5.srcs/sources_1/new/lab5.v:381]
INFO: [Synth 8-6155] done synthesizing module 'lab5' (0#1) [C:/Users/ryanh/fpga/dlab/lab5/lab5.srcs/sources_1/new/lab5.v:27]
WARNING: [Synth 8-3917] design lab5 has port usr_led[3] driven by constant 0
WARNING: [Synth 8-3917] design lab5 has port usr_led[2] driven by constant 0
WARNING: [Synth 8-3917] design lab5 has port usr_led[1] driven by constant 0
WARNING: [Synth 8-3917] design lab5 has port usr_led[0] driven by constant 0
WARNING: [Synth 8-7129] Port usr_btn[2] in module lab5 is either unconnected or has no load
WARNING: [Synth 8-7129] Port usr_btn[1] in module lab5 is either unconnected or has no load
WARNING: [Synth 8-7129] Port usr_btn[0] in module lab5 is either unconnected or has no load
---------------------------------------------------------------------------------
Finished RTL Elaboration : Time (s): cpu = 00:00:05 ; elapsed = 00:00:06 . Memory (MB): peak = 1433.301 ; gain = 702.906
---------------------------------------------------------------------------------
---------------------------------------------------------------------------------
Start Handling Custom Attributes
---------------------------------------------------------------------------------
---------------------------------------------------------------------------------
Finished Handling Custom Attributes : Time (s): cpu = 00:00:05 ; elapsed = 00:00:06 . Memory (MB): peak = 1433.301 ; gain = 702.906
---------------------------------------------------------------------------------
---------------------------------------------------------------------------------
Finished RTL Optimization Phase 1 : Time (s): cpu = 00:00:05 ; elapsed = 00:00:06 . Memory (MB): peak = 1433.301 ; gain = 702.906
---------------------------------------------------------------------------------
Netlist sorting complete. Time (s): cpu = 00:00:00 ; elapsed = 00:00:00.098 . Memory (MB): peak = 1433.301 ; gain = 0.000
INFO: [Project 1-570] Preparing netlist for logic optimization

Processing XDC Constraints
Initializing timing engine
Parsing XDC File [C:/Users/ryanh/fpga/dlab/lab5/lab5.srcs/constrs_1/new/zedboard.xdc]
Finished Parsing XDC File [C:/Users/ryanh/fpga/dlab/lab5/lab5.srcs/constrs_1/new/zedboard.xdc]
INFO: [Project 1-236] Implementation specific constraints were found while reading constraint file [C:/Users/ryanh/fpga/dlab/lab5/lab5.srcs/constrs_1/new/zedboard.xdc]. These constraints will be ignored for synthesis but will be used in implementation. Impacted constraints are listed in the file [.Xil/lab5_propImpl.xdc].
Resolution: To avoid this warning, move constraints listed in [.Xil/lab5_propImpl.xdc] to another XDC file and exclude this new file from synthesis with the used_in_synthesis property (File Properties dialog in GUI) and re-run elaboration/synthesis.
Completed Processing XDC Constraints

Netlist sorting complete. Time (s): cpu = 00:00:00 ; elapsed = 00:00:00.003 . Memory (MB): peak = 1491.199 ; gain = 0.000
INFO: [Project 1-111] Unisim Transformation Summary:
No Unisim elements were transformed.

Constraint Validation Runtime : Time (s): cpu = 00:00:00 ; elapsed = 00:00:00.028 . Memory (MB): peak = 1491.199 ; gain = 0.000
---------------------------------------------------------------------------------
Finished Constraint Validation : Time (s): cpu = 00:00:11 ; elapsed = 00:00:12 . Memory (MB): peak = 1491.199 ; gain = 760.805
---------------------------------------------------------------------------------
---------------------------------------------------------------------------------
Start Loading Part and Timing Information
---------------------------------------------------------------------------------
Loading part: xc7z020clg484-1
---------------------------------------------------------------------------------
Finished Loading Part and Timing Information : Time (s): cpu = 00:00:11 ; elapsed = 00:00:12 . Memory (MB): peak = 1491.199 ; gain = 760.805
---------------------------------------------------------------------------------
---------------------------------------------------------------------------------
Start Applying 'set_property' XDC Constraints
---------------------------------------------------------------------------------
---------------------------------------------------------------------------------
Finished applying 'set_property' XDC Constraints : Time (s): cpu = 00:00:11 ; elapsed = 00:00:12 . Memory (MB): peak = 1491.199 ; gain = 760.805
---------------------------------------------------------------------------------
INFO: [Synth 8-802] inferred FSM for state register 'S_reg' in module 'debounce'
---------------------------------------------------------------------------------------------------
                   State |                     New Encoding |                Previous Encoding 
---------------------------------------------------------------------------------------------------
                  S_IDLE |                                0 |                               00
               S_WAITING |                                1 |                               01
---------------------------------------------------------------------------------------------------
INFO: [Synth 8-3354] encoded FSM with state register 'S_reg' using encoding 'sequential' in module 'debounce'
---------------------------------------------------------------------------------
Finished RTL Optimization Phase 2 : Time (s): cpu = 00:00:17 ; elapsed = 00:00:18 . Memory (MB): peak = 1491.199 ; gain = 760.805
---------------------------------------------------------------------------------
---------------------------------------------------------------------------------
Start RTL Component Statistics 
---------------------------------------------------------------------------------
Detailed RTL Component Info : 
+---Adders : 
	   2 Input   25 Bit       Adders := 1     
	   2 Input   15 Bit       Adders := 1     
	   2 Input   14 Bit       Adders := 1     
	   2 Input   11 Bit       Adders := 3     
	   2 Input    8 Bit       Adders := 1     
	   2 Input    7 Bit       Adders := 404   
	   2 Input    2 Bit       Adders := 1     
+---Registers : 
	             1025 Bit    Registers := 1     
	               25 Bit    Registers := 1     
	               24 Bit    Registers := 202   
	               14 Bit    Registers := 1     
	               11 Bit    Registers := 1     
	               10 Bit    Registers := 200   
	                4 Bit    Registers := 4     
	                2 Bit    Registers := 1     
	                1 Bit    Registers := 8     
+---Muxes : 
	   2 Input 1025 Bit        Muxes := 5     
	   2 Input  128 Bit        Muxes := 4     
	   2 Input   25 Bit        Muxes := 1     
	   5 Input   24 Bit        Muxes := 202   
	   2 Input   24 Bit        Muxes := 2     
	   2 Input   14 Bit        Muxes := 1     
	   4 Input   14 Bit        Muxes := 1     
	   2 Input   11 Bit        Muxes := 1     
	   2 Input   10 Bit        Muxes := 1     
	   3 Input   10 Bit        Muxes := 1     
	   2 Input    8 Bit        Muxes := 3     
	   3 Input    8 Bit        Muxes := 1     
	   2 Input    7 Bit        Muxes := 404   
	  13 Input    4 Bit        Muxes := 1     
	   2 Input    4 Bit        Muxes := 1     
	   2 Input    3 Bit        Muxes := 1     
	   2 Input    2 Bit        Muxes := 2     
	   3 Input    2 Bit        Muxes := 1     
	   2 Input    1 Bit        Muxes := 223   
	   3 Input    1 Bit        Muxes := 202   
	   7 Input    1 Bit        Muxes := 1     
	   4 Input    1 Bit        Muxes := 1     
	   5 Input    1 Bit        Muxes := 3     
	  13 Input    1 Bit        Muxes := 2     
---------------------------------------------------------------------------------
Finished RTL Component Statistics 
---------------------------------------------------------------------------------
---------------------------------------------------------------------------------
Start Part Resource Summary
---------------------------------------------------------------------------------
Part Resources:
DSPs: 220 (col length:60)
BRAMs: 280 (col length: RAMB18 60 RAMB36 30)
---------------------------------------------------------------------------------
Finished Part Resource Summary
---------------------------------------------------------------------------------
---------------------------------------------------------------------------------
Start Cross Boundary and Area Optimization
---------------------------------------------------------------------------------
WARNING: [Synth 8-7080] Parallel synthesis criteria is not met
WARNING: [Synth 8-3917] design lab5 has port usr_led[3] driven by constant 0
WARNING: [Synth 8-3917] design lab5 has port usr_led[2] driven by constant 0
WARNING: [Synth 8-3917] design lab5 has port usr_led[1] driven by constant 0
WARNING: [Synth 8-3917] design lab5 has port usr_led[0] driven by constant 0
WARNING: [Synth 8-7129] Port usr_btn[2] in module lab5 is either unconnected or has no load
WARNING: [Synth 8-7129] Port usr_btn[1] in module lab5 is either unconnected or has no load
WARNING: [Synth 8-7129] Port usr_btn[0] in module lab5 is either unconnected or has no load
---------------------------------------------------------------------------------
Finished Cross Boundary and Area Optimization : Time (s): cpu = 00:00:55 ; elapsed = 00:00:58 . Memory (MB): peak = 1679.035 ; gain = 948.641
---------------------------------------------------------------------------------
---------------------------------------------------------------------------------
Start Applying XDC Timing Constraints
---------------------------------------------------------------------------------
---------------------------------------------------------------------------------
Finished Applying XDC Timing Constraints : Time (s): cpu = 00:00:59 ; elapsed = 00:01:02 . Memory (MB): peak = 1679.035 ; gain = 948.641
---------------------------------------------------------------------------------
---------------------------------------------------------------------------------
Start Timing Optimization
---------------------------------------------------------------------------------
---------------------------------------------------------------------------------
Finished Timing Optimization : Time (s): cpu = 00:01:05 ; elapsed = 00:01:09 . Memory (MB): peak = 1860.297 ; gain = 1129.902
---------------------------------------------------------------------------------
---------------------------------------------------------------------------------
Start Technology Mapping
---------------------------------------------------------------------------------
---------------------------------------------------------------------------------
Finished Technology Mapping : Time (s): cpu = 00:01:08 ; elapsed = 00:01:12 . Memory (MB): peak = 1860.355 ; gain = 1129.961
---------------------------------------------------------------------------------
---------------------------------------------------------------------------------
Start IO Insertion
---------------------------------------------------------------------------------
---------------------------------------------------------------------------------
Start Flattening Before IO Insertion
---------------------------------------------------------------------------------
---------------------------------------------------------------------------------
Finished Flattening Before IO Insertion
---------------------------------------------------------------------------------
---------------------------------------------------------------------------------
Start Final Netlist Cleanup
---------------------------------------------------------------------------------
---------------------------------------------------------------------------------
Finished Final Netlist Cleanup
---------------------------------------------------------------------------------
---------------------------------------------------------------------------------
Finished IO Insertion : Time (s): cpu = 00:01:15 ; elapsed = 00:01:18 . Memory (MB): peak = 1879.586 ; gain = 1149.191
---------------------------------------------------------------------------------
---------------------------------------------------------------------------------
Start Renaming Generated Instances
---------------------------------------------------------------------------------
---------------------------------------------------------------------------------
Finished Renaming Generated Instances : Time (s): cpu = 00:01:15 ; elapsed = 00:01:18 . Memory (MB): peak = 1879.586 ; gain = 1149.191
---------------------------------------------------------------------------------
---------------------------------------------------------------------------------
Start Rebuilding User Hierarchy
---------------------------------------------------------------------------------
---------------------------------------------------------------------------------
Finished Rebuilding User Hierarchy : Time (s): cpu = 00:01:16 ; elapsed = 00:01:19 . Memory (MB): peak = 1879.586 ; gain = 1149.191
---------------------------------------------------------------------------------
---------------------------------------------------------------------------------
Start Renaming Generated Ports
---------------------------------------------------------------------------------
---------------------------------------------------------------------------------
Finished Renaming Generated Ports : Time (s): cpu = 00:01:16 ; elapsed = 00:01:19 . Memory (MB): peak = 1879.586 ; gain = 1149.191
---------------------------------------------------------------------------------
---------------------------------------------------------------------------------
Start Handling Custom Attributes
---------------------------------------------------------------------------------
---------------------------------------------------------------------------------
Finished Handling Custom Attributes : Time (s): cpu = 00:01:18 ; elapsed = 00:01:21 . Memory (MB): peak = 1879.586 ; gain = 1149.191
---------------------------------------------------------------------------------
---------------------------------------------------------------------------------
Start Renaming Generated Nets
---------------------------------------------------------------------------------
---------------------------------------------------------------------------------
Finished Renaming Generated Nets : Time (s): cpu = 00:01:18 ; elapsed = 00:01:21 . Memory (MB): peak = 1879.586 ; gain = 1149.191
---------------------------------------------------------------------------------
---------------------------------------------------------------------------------
Start Writing Synthesis Report
---------------------------------------------------------------------------------

Report BlackBoxes: 
+-+--------------+----------+
| |BlackBox name |Instances |
+-+--------------+----------+
+-+--------------+----------+

Report Cell Usage: 
+------+-------+------+
|      |Cell   |Count |
+------+-------+------+
|1     |BUFG   |     1|
|2     |CARRY4 |    37|
|3     |LUT1   |    19|
|4     |LUT2   |   886|
|5     |LUT3   |  3314|
|6     |LUT4   |  1552|
|7     |LUT5   |   474|
|8     |LUT6   |  6042|
|9     |MUXF7  |    15|
|10    |MUXF8  |     4|
|11    |FDRE   |  7098|
|12    |FDSE   |  1026|
|13    |IBUF   |     3|
|14    |OBUF   |    11|
+------+-------+------+
---------------------------------------------------------------------------------
Finished Writing Synthesis Report : Time (s): cpu = 00:01:18 ; elapsed = 00:01:21 . Memory (MB): peak = 1879.586 ; gain = 1149.191
---------------------------------------------------------------------------------
Synthesis finished with 0 errors, 0 critical warnings and 8 warnings.
Synthesis Optimization Runtime : Time (s): cpu = 00:01:11 ; elapsed = 00:01:19 . Memory (MB): peak = 1879.586 ; gain = 1091.293
Synthesis Optimization Complete : Time (s): cpu = 00:01:18 ; elapsed = 00:01:21 . Memory (MB): peak = 1879.586 ; gain = 1149.191
INFO: [Project 1-571] Translating synthesized netlist
Netlist sorting complete. Time (s): cpu = 00:00:00 ; elapsed = 00:00:00.075 . Memory (MB): peak = 1894.711 ; gain = 0.000
INFO: [Netlist 29-17] Analyzing 56 Unisim elements for replacement
INFO: [Netlist 29-28] Unisim Transformation completed in 1 CPU seconds
WARNING: [Netlist 29-101] Netlist 'lab5' is not ideal for floorplanning, since the cellview 'lab5' contains a large number of primitives.  Please consider enabling hierarchy in synthesis if you want to do floorplanning.
INFO: [Project 1-570] Preparing netlist for logic optimization
INFO: [Opt 31-138] Pushed 0 inverter(s) to 0 load pin(s).
Netlist sorting complete. Time (s): cpu = 00:00:00 ; elapsed = 00:00:00.003 . Memory (MB): peak = 1898.816 ; gain = 0.000
INFO: [Project 1-111] Unisim Transformation Summary:
No Unisim elements were transformed.

Synth Design complete | Checksum: 288ac740
INFO: [Common 17-83] Releasing license: Synthesis
31 Infos, 16 Warnings, 0 Critical Warnings and 0 Errors encountered.
synth_design completed successfully
synth_design: Time (s): cpu = 00:01:21 ; elapsed = 00:01:27 . Memory (MB): peak = 1898.816 ; gain = 1405.977
Write ShapeDB Complete: Time (s): cpu = 00:00:00 ; elapsed = 00:00:00.014 . Memory (MB): peak = 1898.816 ; gain = 0.000
INFO: [Common 17-1381] The checkpoint 'C:/Users/ryanh/fpga/dlab/lab5/lab5.runs/synth_1/lab5.dcp' has been generated.
INFO: [Vivado 12-24828] Executing command : report_utilization -file lab5_utilization_synth.rpt -pb lab5_utilization_synth.pb
INFO: [Common 17-206] Exiting Vivado at Thu Jan  1 01:56:54 2026...
