
*** Running vivado
    with args -log lab7.vds -m64 -product Vivado -mode batch -messageDb vivado.pb -notrace -source lab7.tcl



****** Vivado v2025.1.1 (64-bit)
  **** SW Build 6233196 on Thu Sep 11 21:27:30 MDT 2025
  **** IP Build 6232796 on Fri Sep 12 01:46:16 MDT 2025
  **** SharedData Build 6233195 on Thu Sep 11 17:56:43 MDT 2025
  **** Start of session at: Fri Jan  9 23:58:00 2026
    ** Copyright 1986-2022 Xilinx, Inc. All Rights Reserved.
    ** Copyright 2022-2025 Advanced Micro Devices, Inc. All Rights Reserved.

source lab7.tcl -notrace
Command: read_checkpoint -auto_incremental -incremental C:/Users/ryanh/fpga/dlab/lab7/lab7.srcs/utils_1/imports/synth_1/lab7.dcp
INFO: [Vivado 12-5825] Read reference checkpoint from C:/Users/ryanh/fpga/dlab/lab7/lab7.srcs/utils_1/imports/synth_1/lab7.dcp for incremental synthesis
INFO: [Vivado 12-7989] Please ensure there are no constraint changes
Command: synth_design -top lab7 -part xc7z020clg484-1
Starting synth_design
Attempting to get a license for feature 'Synthesis' and/or device 'xc7z020'
INFO: [Common 17-349] Got license for feature 'Synthesis' and/or device 'xc7z020'
INFO: [Device 21-403] Loading part xc7z020clg484-1
INFO: [Designutils 20-5440] No compile time benefit to using incremental synthesis; A full resynthesis will be run
INFO: [Designutils 20-4379] Flow is switching to default flow due to incremental criteria not met. If you would like to alter this behaviour and have the flow terminate instead, please set the following parameter config_implementation {autoIncr.Synth.RejectBehavior Terminate}
INFO: [Synth 8-7079] Multithreading enabled for synth_design using a maximum of 2 processes.
INFO: [Synth 8-7078] Launching helper process for spawning children vivado processes
INFO: [Synth 8-7075] Helper process launched with PID 59928
---------------------------------------------------------------------------------
Starting RTL Elaboration : Time (s): cpu = 00:00:05 ; elapsed = 00:00:04 . Memory (MB): peak = 1222.250 ; gain = 488.648
---------------------------------------------------------------------------------
INFO: [Synth 8-6157] synthesizing module 'lab7' [C:/Users/ryanh/fpga/dlab/lab7/lab7.srcs/sources_1/new/lab7.v:23]
INFO: [Synth 8-6157] synthesizing module 'debounce' [C:/Users/ryanh/fpga/dlab/lab7/lab7.srcs/sources_1/new/debounce.v:26]
INFO: [Synth 8-6155] done synthesizing module 'debounce' (0#1) [C:/Users/ryanh/fpga/dlab/lab7/lab7.srcs/sources_1/new/debounce.v:26]
INFO: [Synth 8-6157] synthesizing module 'one_pulser' [C:/Users/ryanh/fpga/dlab/lab7/lab7.srcs/sources_1/new/one_pulser.v:23]
INFO: [Synth 8-6155] done synthesizing module 'one_pulser' (0#1) [C:/Users/ryanh/fpga/dlab/lab7/lab7.srcs/sources_1/new/one_pulser.v:23]
INFO: [Synth 8-6157] synthesizing module 'uart_teacher' [C:/Users/ryanh/fpga/dlab/lab7/lab7.srcs/sources_1/imports/new/uart_teacher.v:23]
INFO: [Synth 8-6155] done synthesizing module 'uart_teacher' (0#1) [C:/Users/ryanh/fpga/dlab/lab7/lab7.srcs/sources_1/imports/new/uart_teacher.v:23]
INFO: [Synth 8-6157] synthesizing module 'sram' [C:/Users/ryanh/fpga/dlab/lab7/lab7.srcs/sources_1/imports/new/sram.v:29]
INFO: [Synth 8-3876] $readmem data file 'matrix.mem' is read successfully [C:/Users/ryanh/fpga/dlab/lab7/lab7.srcs/sources_1/imports/new/sram.v:45]
INFO: [Synth 8-6155] done synthesizing module 'sram' (0#1) [C:/Users/ryanh/fpga/dlab/lab7/lab7.srcs/sources_1/imports/new/sram.v:29]
INFO: [Synth 8-155] case statement is not full and has no default [C:/Users/ryanh/fpga/dlab/lab7/lab7.srcs/sources_1/new/lab7.v:170]
INFO: [Synth 8-155] case statement is not full and has no default [C:/Users/ryanh/fpga/dlab/lab7/lab7.srcs/sources_1/new/lab7.v:181]
INFO: [Synth 8-155] case statement is not full and has no default [C:/Users/ryanh/fpga/dlab/lab7/lab7.srcs/sources_1/new/lab7.v:195]
INFO: [Synth 8-155] case statement is not full and has no default [C:/Users/ryanh/fpga/dlab/lab7/lab7.srcs/sources_1/new/lab7.v:215]
INFO: [Synth 8-155] case statement is not full and has no default [C:/Users/ryanh/fpga/dlab/lab7/lab7.srcs/sources_1/new/lab7.v:235]
INFO: [Synth 8-155] case statement is not full and has no default [C:/Users/ryanh/fpga/dlab/lab7/lab7.srcs/sources_1/new/lab7.v:253]
INFO: [Synth 8-155] case statement is not full and has no default [C:/Users/ryanh/fpga/dlab/lab7/lab7.srcs/sources_1/new/lab7.v:277]
INFO: [Synth 8-155] case statement is not full and has no default [C:/Users/ryanh/fpga/dlab/lab7/lab7.srcs/sources_1/new/lab7.v:436]
INFO: [Synth 8-6155] done synthesizing module 'lab7' (0#1) [C:/Users/ryanh/fpga/dlab/lab7/lab7.srcs/sources_1/new/lab7.v:23]
WARNING: [Synth 8-6014] Unused sequential element rx_temp_reg was removed.  [C:/Users/ryanh/fpga/dlab/lab7/lab7.srcs/sources_1/new/lab7.v:448]
---------------------------------------------------------------------------------
Finished RTL Elaboration : Time (s): cpu = 00:00:06 ; elapsed = 00:00:06 . Memory (MB): peak = 1344.043 ; gain = 610.441
---------------------------------------------------------------------------------
---------------------------------------------------------------------------------
Start Handling Custom Attributes
---------------------------------------------------------------------------------
---------------------------------------------------------------------------------
Finished Handling Custom Attributes : Time (s): cpu = 00:00:06 ; elapsed = 00:00:06 . Memory (MB): peak = 1344.043 ; gain = 610.441
---------------------------------------------------------------------------------
---------------------------------------------------------------------------------
Finished RTL Optimization Phase 1 : Time (s): cpu = 00:00:06 ; elapsed = 00:00:06 . Memory (MB): peak = 1344.043 ; gain = 610.441
---------------------------------------------------------------------------------
Netlist sorting complete. Time (s): cpu = 00:00:00 ; elapsed = 00:00:00.010 . Memory (MB): peak = 1344.043 ; gain = 0.000
INFO: [Project 1-570] Preparing netlist for logic optimization

Processing XDC Constraints
Initializing timing engine
Parsing XDC File [C:/Users/ryanh/fpga/dlab/lab7/lab7.srcs/constrs_1/imports/new/zedboard.xdc]
Finished Parsing XDC File [C:/Users/ryanh/fpga/dlab/lab7/lab7.srcs/constrs_1/imports/new/zedboard.xdc]
INFO: [Project 1-236] Implementation specific constraints were found while reading constraint file [C:/Users/ryanh/fpga/dlab/lab7/lab7.srcs/constrs_1/imports/new/zedboard.xdc]. These constraints will be ignored for synthesis but will be used in implementation. Impacted constraints are listed in the file [.Xil/lab7_propImpl.xdc].
Resolution: To avoid this warning, move constraints listed in [.Xil/lab7_propImpl.xdc] to another XDC file and exclude this new file from synthesis with the used_in_synthesis property (File Properties dialog in GUI) and re-run elaboration/synthesis.
Completed Processing XDC Constraints

Netlist sorting complete. Time (s): cpu = 00:00:00 ; elapsed = 00:00:00 . Memory (MB): peak = 1410.156 ; gain = 0.000
INFO: [Project 1-111] Unisim Transformation Summary:
No Unisim elements were transformed.

Constraint Validation Runtime : Time (s): cpu = 00:00:00 ; elapsed = 00:00:00.005 . Memory (MB): peak = 1410.156 ; gain = 0.000
INFO: [Designutils 20-5440] No compile time benefit to using incremental synthesis; A full resynthesis will be run
INFO: [Designutils 20-4379] Flow is switching to default flow due to incremental criteria not met. If you would like to alter this behaviour and have the flow terminate instead, please set the following parameter config_implementation {autoIncr.Synth.RejectBehavior Terminate}
---------------------------------------------------------------------------------
Finished Constraint Validation : Time (s): cpu = 00:00:11 ; elapsed = 00:00:12 . Memory (MB): peak = 1410.156 ; gain = 676.555
---------------------------------------------------------------------------------
---------------------------------------------------------------------------------
Start Loading Part and Timing Information
---------------------------------------------------------------------------------
Loading part: xc7z020clg484-1
---------------------------------------------------------------------------------
Finished Loading Part and Timing Information : Time (s): cpu = 00:00:11 ; elapsed = 00:00:12 . Memory (MB): peak = 1410.156 ; gain = 676.555
---------------------------------------------------------------------------------
---------------------------------------------------------------------------------
Start Applying 'set_property' XDC Constraints
---------------------------------------------------------------------------------
---------------------------------------------------------------------------------
Finished applying 'set_property' XDC Constraints : Time (s): cpu = 00:00:11 ; elapsed = 00:00:12 . Memory (MB): peak = 1410.156 ; gain = 676.555
---------------------------------------------------------------------------------
INFO: [Synth 8-802] inferred FSM for state register 'S_reg' in module 'debounce'
INFO: [Synth 8-802] inferred FSM for state register 'state_reg' in module 'lab7'
INFO: [Synth 8-802] inferred FSM for state register 'Q_reg' in module 'lab7'
---------------------------------------------------------------------------------------------------
                   State |                     New Encoding |                Previous Encoding 
---------------------------------------------------------------------------------------------------
                  S_IDLE |                                0 |                               00
               S_WAITING |                                1 |                               01
---------------------------------------------------------------------------------------------------
INFO: [Synth 8-3354] encoded FSM with state register 'S_reg' using encoding 'sequential' in module 'debounce'
---------------------------------------------------------------------------------------------------
                   State |                     New Encoding |                Previous Encoding 
---------------------------------------------------------------------------------------------------
             S_MAIN_IDLE |                        000000001 |                             0000
      S_MAIN_PREP_A_ADDR |                        000000010 |                             0001
           S_MAIN_LOAD_A |                        000000100 |                             0010
      S_MAIN_PREP_B_ADDR |                        000001000 |                             0011
           S_MAIN_LOAD_B |                        000010000 |                             0100
         S_MAIN_COL_MULT |                        000100000 |                             0101
          S_MAIN_COL_ADD |                        001000000 |                             0110
             S_MAIN_UART |                        010000000 |                             0111
             S_MAIN_DONE |                        100000000 |                             1000
---------------------------------------------------------------------------------------------------
INFO: [Synth 8-3354] encoded FSM with state register 'state_reg' using encoding 'one-hot' in module 'lab7'
---------------------------------------------------------------------------------------------------
                   State |                     New Encoding |                Previous Encoding 
---------------------------------------------------------------------------------------------------
             S_UART_IDLE |                               00 |                               00
             S_UART_WAIT |                               01 |                               01
             S_UART_SEND |                               10 |                               10
             S_UART_INCR |                               11 |                               11
---------------------------------------------------------------------------------------------------
INFO: [Synth 8-3354] encoded FSM with state register 'Q_reg' using encoding 'sequential' in module 'lab7'
---------------------------------------------------------------------------------
Finished RTL Optimization Phase 2 : Time (s): cpu = 00:00:12 ; elapsed = 00:00:13 . Memory (MB): peak = 1410.156 ; gain = 676.555
---------------------------------------------------------------------------------
---------------------------------------------------------------------------------
Start RTL Component Statistics 
---------------------------------------------------------------------------------
Detailed RTL Component Info : 
+---Adders : 
	   2 Input   25 Bit       Adders := 4     
	   2 Input   11 Bit       Adders := 2     
	   2 Input    9 Bit       Adders := 1     
	   2 Input    7 Bit       Adders := 64    
	   2 Input    6 Bit       Adders := 2     
	   2 Input    5 Bit       Adders := 2     
	   2 Input    4 Bit       Adders := 2     
	   2 Input    2 Bit       Adders := 1     
+---Registers : 
	               25 Bit    Registers := 4     
	               18 Bit    Registers := 20    
	               11 Bit    Registers := 2     
	                9 Bit    Registers := 1     
	                8 Bit    Registers := 19    
	                6 Bit    Registers := 2     
	                5 Bit    Registers := 2     
	                4 Bit    Registers := 2     
	                3 Bit    Registers := 1     
	                2 Bit    Registers := 2     
	                1 Bit    Registers := 5     
+---RAMs : 
	              256 Bit	(32 X 8 bit)          RAMs := 1     
+---Muxes : 
	   2 Input   25 Bit        Muxes := 4     
	   3 Input   18 Bit        Muxes := 8     
	   4 Input   11 Bit        Muxes := 1     
	   2 Input   11 Bit        Muxes := 4     
	   8 Input   11 Bit        Muxes := 1     
	   3 Input    9 Bit        Muxes := 1     
	   9 Input    9 Bit        Muxes := 1     
	   2 Input    9 Bit        Muxes := 7     
	   4 Input    8 Bit        Muxes := 1     
	   2 Input    8 Bit        Muxes := 1     
	   3 Input    8 Bit        Muxes := 2     
	   2 Input    7 Bit        Muxes := 1     
	   3 Input    6 Bit        Muxes := 1     
	   2 Input    6 Bit        Muxes := 4     
	   4 Input    6 Bit        Muxes := 1     
	   2 Input    5 Bit        Muxes := 3     
	   6 Input    5 Bit        Muxes := 1     
	   7 Input    5 Bit        Muxes := 1     
	   4 Input    4 Bit        Muxes := 1     
	   8 Input    4 Bit        Muxes := 1     
	   3 Input    3 Bit        Muxes := 2     
	   7 Input    2 Bit        Muxes := 1     
	   2 Input    2 Bit        Muxes := 9     
	   3 Input    2 Bit        Muxes := 2     
	   4 Input    2 Bit        Muxes := 3     
	   2 Input    1 Bit        Muxes := 51    
	   4 Input    1 Bit        Muxes := 3     
	   8 Input    1 Bit        Muxes := 2     
	   3 Input    1 Bit        Muxes := 27    
	   6 Input    1 Bit        Muxes := 1     
	   7 Input    1 Bit        Muxes := 1     
---------------------------------------------------------------------------------
Finished RTL Component Statistics 
---------------------------------------------------------------------------------
---------------------------------------------------------------------------------
Start Part Resource Summary
---------------------------------------------------------------------------------
Part Resources:
DSPs: 220 (col length:60)
BRAMs: 280 (col length: RAMB18 60 RAMB36 30)
---------------------------------------------------------------------------------
Finished Part Resource Summary
---------------------------------------------------------------------------------
---------------------------------------------------------------------------------
Start Cross Boundary and Area Optimization
---------------------------------------------------------------------------------
WARNING: [Synth 8-7080] Parallel synthesis criteria is not met
WARNING: [Synth 8-3332] Sequential element (FSM_onehot_state_reg[8]) is unused and will be removed from module lab7.
WARNING: [Synth 8-3332] Sequential element (FSM_sequential_S_reg) is unused and will be removed from module debounce__1.
WARNING: [Synth 8-3332] Sequential element (FSM_sequential_S_reg) is unused and will be removed from module debounce__3.
WARNING: [Synth 8-3332] Sequential element (FSM_sequential_S_reg) is unused and will be removed from module debounce.
---------------------------------------------------------------------------------
Finished Cross Boundary and Area Optimization : Time (s): cpu = 00:00:22 ; elapsed = 00:00:23 . Memory (MB): peak = 1522.211 ; gain = 788.609
---------------------------------------------------------------------------------
---------------------------------------------------------------------------------
Start ROM, RAM, DSP, Shift Register and Retiming Reporting
---------------------------------------------------------------------------------

Distributed RAM: Preliminary Mapping Report (see note below)
+------------+--------------+-----------+----------------------+---------------+
|Module Name | RTL Object   | Inference | Size (Depth x Width) | Primitives    | 
+------------+--------------+-----------+----------------------+---------------+
|lab7        | ram0/RAM_reg | Implied   | 32 x 8               | RAM32X1S x 8  | 
+------------+--------------+-----------+----------------------+---------------+

Note: The table above is a preliminary report that shows the Distributed RAMs at the current stage of the synthesis flow. Some Distributed RAMs may be reimplemented as non Distributed RAM primitives later in the synthesis flow. Multiple instantiated RAMs are reported only once.
---------------------------------------------------------------------------------
Finished ROM, RAM, DSP, Shift Register and Retiming Reporting
---------------------------------------------------------------------------------
---------------------------------------------------------------------------------
Start Applying XDC Timing Constraints
---------------------------------------------------------------------------------
---------------------------------------------------------------------------------
Finished Applying XDC Timing Constraints : Time (s): cpu = 00:00:26 ; elapsed = 00:00:27 . Memory (MB): peak = 1559.762 ; gain = 826.160
---------------------------------------------------------------------------------
---------------------------------------------------------------------------------
Start Timing Optimization
---------------------------------------------------------------------------------
---------------------------------------------------------------------------------
Finished Timing Optimization : Time (s): cpu = 00:00:32 ; elapsed = 00:00:33 . Memory (MB): peak = 1675.867 ; gain = 942.266
---------------------------------------------------------------------------------
---------------------------------------------------------------------------------
Start ROM, RAM, DSP, Shift Register and Retiming Reporting
---------------------------------------------------------------------------------

Distributed RAM: Final Mapping Report
+------------+--------------+-----------+----------------------+---------------+
|Module Name | RTL Object   | Inference | Size (Depth x Width) | Primitives    | 
+------------+--------------+-----------+----------------------+---------------+
|lab7        | ram0/RAM_reg | Implied   | 32 x 8               | RAM32X1S x 8  | 
+------------+--------------+-----------+----------------------+---------------+

---------------------------------------------------------------------------------
Finished ROM, RAM, DSP, Shift Register and Retiming Reporting
---------------------------------------------------------------------------------
---------------------------------------------------------------------------------
Start Technology Mapping
---------------------------------------------------------------------------------
---------------------------------------------------------------------------------
Finished Technology Mapping : Time (s): cpu = 00:00:32 ; elapsed = 00:00:34 . Memory (MB): peak = 1693.941 ; gain = 960.340
---------------------------------------------------------------------------------
---------------------------------------------------------------------------------
Start IO Insertion
---------------------------------------------------------------------------------
---------------------------------------------------------------------------------
Start Flattening Before IO Insertion
---------------------------------------------------------------------------------
---------------------------------------------------------------------------------
Finished Flattening Before IO Insertion
---------------------------------------------------------------------------------
---------------------------------------------------------------------------------
Start Final Netlist Cleanup
---------------------------------------------------------------------------------
---------------------------------------------------------------------------------
Finished Final Netlist Cleanup
---------------------------------------------------------------------------------
---------------------------------------------------------------------------------
Finished IO Insertion : Time (s): cpu = 00:00:34 ; elapsed = 00:00:36 . Memory (MB): peak = 1825.188 ; gain = 1091.586
---------------------------------------------------------------------------------
---------------------------------------------------------------------------------
Start Renaming Generated Instances
---------------------------------------------------------------------------------
---------------------------------------------------------------------------------
Finished Renaming Generated Instances : Time (s): cpu = 00:00:34 ; elapsed = 00:00:36 . Memory (MB): peak = 1825.188 ; gain = 1091.586
---------------------------------------------------------------------------------
---------------------------------------------------------------------------------
Start Rebuilding User Hierarchy
---------------------------------------------------------------------------------
---------------------------------------------------------------------------------
Finished Rebuilding User Hierarchy : Time (s): cpu = 00:00:35 ; elapsed = 00:00:36 . Memory (MB): peak = 1825.188 ; gain = 1091.586
---------------------------------------------------------------------------------
---------------------------------------------------------------------------------
Start Renaming Generated Ports
---------------------------------------------------------------------------------
---------------------------------------------------------------------------------
Finished Renaming Generated Ports : Time (s): cpu = 00:00:35 ; elapsed = 00:00:36 . Memory (MB): peak = 1825.188 ; gain = 1091.586
---------------------------------------------------------------------------------
---------------------------------------------------------------------------------
Start Handling Custom Attributes
---------------------------------------------------------------------------------
---------------------------------------------------------------------------------
Finished Handling Custom Attributes : Time (s): cpu = 00:00:35 ; elapsed = 00:00:36 . Memory (MB): peak = 1825.188 ; gain = 1091.586
---------------------------------------------------------------------------------
---------------------------------------------------------------------------------
Start Renaming Generated Nets
---------------------------------------------------------------------------------
---------------------------------------------------------------------------------
Finished Renaming Generated Nets : Time (s): cpu = 00:00:35 ; elapsed = 00:00:36 . Memory (MB): peak = 1825.188 ; gain = 1091.586
---------------------------------------------------------------------------------
---------------------------------------------------------------------------------
Start Writing Synthesis Report
---------------------------------------------------------------------------------

Report BlackBoxes: 
+-+--------------+----------+
| |BlackBox name |Instances |
+-+--------------+----------+
+-+--------------+----------+

Report Cell Usage: 
+------+---------+------+
|      |Cell     |Count |
+------+---------+------+
|1     |BUFG     |     1|
|2     |CARRY4   |   227|
|3     |LUT1     |     1|
|4     |LUT2     |   761|
|5     |LUT3     |   151|
|6     |LUT4     |   368|
|7     |LUT5     |   148|
|8     |LUT6     |   876|
|9     |MUXF7    |    41|
|10    |MUXF8    |     3|
|11    |RAM32X1S |     8|
|12    |FDRE     |   617|
|13    |FDSE     |     1|
|14    |IBUF     |     6|
|15    |OBUF     |     5|
+------+---------+------+
---------------------------------------------------------------------------------
Finished Writing Synthesis Report : Time (s): cpu = 00:00:35 ; elapsed = 00:00:36 . Memory (MB): peak = 1825.188 ; gain = 1091.586
---------------------------------------------------------------------------------
Synthesis finished with 0 errors, 0 critical warnings and 5 warnings.
Synthesis Optimization Runtime : Time (s): cpu = 00:00:28 ; elapsed = 00:00:35 . Memory (MB): peak = 1825.188 ; gain = 1025.473
Synthesis Optimization Complete : Time (s): cpu = 00:00:35 ; elapsed = 00:00:37 . Memory (MB): peak = 1825.188 ; gain = 1091.586
INFO: [Project 1-571] Translating synthesized netlist
Netlist sorting complete. Time (s): cpu = 00:00:00 ; elapsed = 00:00:00.011 . Memory (MB): peak = 1834.332 ; gain = 0.000
INFO: [Netlist 29-17] Analyzing 279 Unisim elements for replacement
INFO: [Netlist 29-28] Unisim Transformation completed in 0 CPU seconds
INFO: [Project 1-570] Preparing netlist for logic optimization
INFO: [Opt 31-138] Pushed 0 inverter(s) to 0 load pin(s).
Netlist sorting complete. Time (s): cpu = 00:00:00 ; elapsed = 00:00:00.002 . Memory (MB): peak = 1837.961 ; gain = 0.000
INFO: [Project 1-111] Unisim Transformation Summary:
  A total of 8 instances were transformed.
  RAM32X1S => RAM32X1S (RAMS32): 8 instances

Synth Design complete | Checksum: 84950d5c
INFO: [Common 17-83] Releasing license: Synthesis
46 Infos, 6 Warnings, 0 Critical Warnings and 0 Errors encountered.
synth_design completed successfully
synth_design: Time (s): cpu = 00:00:37 ; elapsed = 00:00:41 . Memory (MB): peak = 1837.961 ; gain = 1334.980
Write ShapeDB Complete: Time (s): cpu = 00:00:00 ; elapsed = 00:00:00.006 . Memory (MB): peak = 1837.961 ; gain = 0.000
INFO: [Common 17-1381] The checkpoint 'C:/Users/ryanh/fpga/dlab/lab7/lab7.runs/synth_1/lab7.dcp' has been generated.
INFO: [Vivado 12-24828] Executing command : report_utilization -file lab7_utilization_synth.rpt -pb lab7_utilization_synth.pb
INFO: [Common 17-206] Exiting Vivado at Fri Jan  9 23:58:48 2026...
