
*** Running vivado
    with args -log lab9.vdi -applog -m64 -product Vivado -messageDb vivado.pb -mode batch -source lab9.tcl -notrace



****** Vivado v2025.1.1 (64-bit)
  **** SW Build 6233196 on Thu Sep 11 21:27:30 MDT 2025
  **** IP Build 6232796 on Fri Sep 12 01:46:16 MDT 2025
  **** SharedData Build 6233195 on Thu Sep 11 17:56:43 MDT 2025
  **** Start of session at: Wed Jan  7 23:37:47 2026
    ** Copyright 1986-2022 Xilinx, Inc. All Rights Reserved.
    ** Copyright 2022-2025 Advanced Micro Devices, Inc. All Rights Reserved.

source lab9.tcl -notrace
Command: link_design -top lab9 -part xc7z020clg484-1
Design is defaulting to srcset: sources_1
Design is defaulting to constrset: constrs_1
INFO: [Device 21-403] Loading part xc7z020clg484-1
Netlist sorting complete. Time (s): cpu = 00:00:00 ; elapsed = 00:00:00.006 . Memory (MB): peak = 740.156 ; gain = 0.000
INFO: [Netlist 29-17] Analyzing 246 Unisim elements for replacement
INFO: [Netlist 29-28] Unisim Transformation completed in 0 CPU seconds
WARNING: [Netlist 29-101] Netlist 'lab9' is not ideal for floorplanning, since the cellview 'lab9' contains a large number of primitives.  Please consider enabling hierarchy in synthesis if you want to do floorplanning.
INFO: [Project 1-479] Netlist was created with Vivado 2025.1.1
INFO: [Project 1-570] Preparing netlist for logic optimization
Parsing XDC File [C:/Users/ryanh/fpga/dlab/lab9/lab9.srcs/constrs_1/imports/new/zedboard.xdc]
Finished Parsing XDC File [C:/Users/ryanh/fpga/dlab/lab9/lab9.srcs/constrs_1/imports/new/zedboard.xdc]
INFO: [Opt 31-138] Pushed 0 inverter(s) to 0 load pin(s).
Netlist sorting complete. Time (s): cpu = 00:00:00 ; elapsed = 00:00:00.001 . Memory (MB): peak = 880.625 ; gain = 0.000
INFO: [Project 1-111] Unisim Transformation Summary:
No Unisim elements were transformed.

7 Infos, 1 Warnings, 0 Critical Warnings and 0 Errors encountered.
link_design completed successfully
Command: opt_design
Attempting to get a license for feature 'Implementation' and/or device 'xc7z020'
INFO: [Common 17-349] Got license for feature 'Implementation' and/or device 'xc7z020'
Running DRC as a precondition to command opt_design

Starting DRC Task
INFO: [DRC 23-27] Running DRC with 2 threads
INFO: [Project 1-461] DRC finished with 0 Errors
INFO: [Project 1-462] Please refer to the DRC report (report_drc) for more information.

Time (s): cpu = 00:00:01 ; elapsed = 00:00:01 . Memory (MB): peak = 917.312 ; gain = 32.660

Starting Cache Timing Information Task
INFO: [Timing 38-35] Done setting XDC timing constraints.
Ending Cache Timing Information Task | Checksum: c8370150

Time (s): cpu = 00:00:05 ; elapsed = 00:00:06 . Memory (MB): peak = 1464.812 ; gain = 547.500

Starting Logic Optimization Task

Phase 1 Initialization

Phase 1.1 Core Generation And Design Setup
Phase 1.1 Core Generation And Design Setup | Checksum: c8370150

Time (s): cpu = 00:00:00 ; elapsed = 00:00:00.003 . Memory (MB): peak = 1891.473 ; gain = 0.000

Phase 1.2 Setup Constraints And Sort Netlist
Phase 1.2 Setup Constraints And Sort Netlist | Checksum: c8370150

Time (s): cpu = 00:00:00 ; elapsed = 00:00:00.005 . Memory (MB): peak = 1891.473 ; gain = 0.000
Phase 1 Initialization | Checksum: c8370150

Time (s): cpu = 00:00:00 ; elapsed = 00:00:00.006 . Memory (MB): peak = 1891.473 ; gain = 0.000

Phase 2 Timer Update And Timing Data Collection

Phase 2.1 Timer Update
Phase 2.1 Timer Update | Checksum: c8370150

Time (s): cpu = 00:00:00 ; elapsed = 00:00:00.045 . Memory (MB): peak = 1891.473 ; gain = 0.000

Phase 2.2 Timing Data Collection
Phase 2.2 Timing Data Collection | Checksum: c8370150

Time (s): cpu = 00:00:00 ; elapsed = 00:00:00.061 . Memory (MB): peak = 1891.473 ; gain = 0.000
Phase 2 Timer Update And Timing Data Collection | Checksum: c8370150

Time (s): cpu = 00:00:00 ; elapsed = 00:00:00.062 . Memory (MB): peak = 1891.473 ; gain = 0.000

Phase 3 Retarget
INFO: [Opt 31-1851] Number of loadless carry chains removed were: 0
INFO: [Opt 31-1834] Total Chains To Be Transformed Were: 0 AND Number of Transformed insts Created are: 0
INFO: [Opt 31-138] Pushed 0 inverter(s) to 0 load pin(s).
INFO: [Opt 31-49] Retargeted 0 cell(s).
Phase 3 Retarget | Checksum: d04fdf1f

Time (s): cpu = 00:00:00 ; elapsed = 00:00:00.085 . Memory (MB): peak = 1891.473 ; gain = 0.000
Retarget | Checksum: d04fdf1f
INFO: [Opt 31-389] Phase Retarget created 0 cells and removed 0 cells

Phase 4 Constant propagation
INFO: [Opt 31-138] Pushed 0 inverter(s) to 0 load pin(s).
Phase 4 Constant propagation | Checksum: 147e4d361

Time (s): cpu = 00:00:00 ; elapsed = 00:00:00.094 . Memory (MB): peak = 1891.473 ; gain = 0.000
Constant propagation | Checksum: 147e4d361
INFO: [Opt 31-389] Phase Constant propagation created 0 cells and removed 0 cells

Phase 5 Sweep
INFO: [Constraints 18-11670] Building netlist checker database with flags, 0x8
Done building netlist checker database: Time (s): cpu = 00:00:00 ; elapsed = 00:00:00.001 . Memory (MB): peak = 1891.473 ; gain = 0.000
Phase 5 Sweep | Checksum: c8ccd923

Time (s): cpu = 00:00:00 ; elapsed = 00:00:00.104 . Memory (MB): peak = 1891.473 ; gain = 0.000
Sweep | Checksum: c8ccd923
INFO: [Opt 31-389] Phase Sweep created 0 cells and removed 1 cells

Phase 6 BUFG optimization
Phase 6 BUFG optimization | Checksum: c8ccd923

Time (s): cpu = 00:00:00 ; elapsed = 00:00:00.124 . Memory (MB): peak = 1891.473 ; gain = 0.000
BUFG optimization | Checksum: c8ccd923
INFO: [Opt 31-662] Phase BUFG optimization created 0 cells of which 0 are BUFGs and removed 0 cells.

Phase 7 Shift Register Optimization
INFO: [Opt 31-1064] SRL Remap converted 0 SRLs to 0 registers and converted 0 registers of register chains to 0 SRLs
Phase 7 Shift Register Optimization | Checksum: c8ccd923

Time (s): cpu = 00:00:00 ; elapsed = 00:00:00.128 . Memory (MB): peak = 1891.473 ; gain = 0.000
Shift Register Optimization | Checksum: c8ccd923
INFO: [Opt 31-389] Phase Shift Register Optimization created 0 cells and removed 0 cells

Phase 8 Post Processing Netlist
Phase 8 Post Processing Netlist | Checksum: c8ccd923

Time (s): cpu = 00:00:00 ; elapsed = 00:00:00.134 . Memory (MB): peak = 1891.473 ; gain = 0.000
Post Processing Netlist | Checksum: c8ccd923
INFO: [Opt 31-389] Phase Post Processing Netlist created 0 cells and removed 0 cells

Phase 9 Finalization

Phase 9.1 Finalizing Design Cores and Updating Shapes
Phase 9.1 Finalizing Design Cores and Updating Shapes | Checksum: 139825ef9

Time (s): cpu = 00:00:00 ; elapsed = 00:00:00.158 . Memory (MB): peak = 1891.473 ; gain = 0.000

Phase 9.2 Verifying Netlist Connectivity

Starting Connectivity Check Task

Time (s): cpu = 00:00:00 ; elapsed = 00:00:00.008 . Memory (MB): peak = 1891.473 ; gain = 0.000
Phase 9.2 Verifying Netlist Connectivity | Checksum: 139825ef9

Time (s): cpu = 00:00:00 ; elapsed = 00:00:00.169 . Memory (MB): peak = 1891.473 ; gain = 0.000
Phase 9 Finalization | Checksum: 139825ef9

Time (s): cpu = 00:00:00 ; elapsed = 00:00:00.170 . Memory (MB): peak = 1891.473 ; gain = 0.000
Opt_design Change Summary
=========================


-------------------------------------------------------------------------------------------------------------------------
|  Phase                        |  #Cells created  |  #Cells Removed  |  #Constrained objects preventing optimizations  |
-------------------------------------------------------------------------------------------------------------------------
|  Retarget                     |               0  |               0  |                                              0  |
|  Constant propagation         |               0  |               0  |                                              0  |
|  Sweep                        |               0  |               1  |                                              0  |
|  BUFG optimization            |               0  |               0  |                                              0  |
|  Shift Register Optimization  |               0  |               0  |                                              0  |
|  Post Processing Netlist      |               0  |               0  |                                              0  |
-------------------------------------------------------------------------------------------------------------------------


Ending Logic Optimization Task | Checksum: 139825ef9

Time (s): cpu = 00:00:00 ; elapsed = 00:00:00.172 . Memory (MB): peak = 1891.473 ; gain = 0.000

Starting Power Optimization Task
INFO: [Pwropt 34-132] Skipping clock gating for clocks with a period < 2.00 ns.
INFO: [Pwropt 34-9] Applying IDT optimizations ...
INFO: [Pwropt 34-10] Applying ODC optimizations ...
INFO: [Timing 38-35] Done setting XDC timing constraints.
Running Vector-less Activity Propagation...

Finished Running Vector-less Activity Propagation


Starting PowerOpt Patch Enables Task
INFO: [Pwropt 34-162] WRITE_MODE attribute of 0 BRAM(s) out of a total of 1 has been updated to save power. Run report_power_opt to get a complete listing of the BRAMs updated.
INFO: [Pwropt 34-201] Structural ODC has moved 0 WE to EN ports
Number of BRAM Ports augmented: 0 newly gated: 1 Total Ports: 2
Number of Flops added for Enable Generation: 3

Ending PowerOpt Patch Enables Task | Checksum: aaeb36d9

Time (s): cpu = 00:00:00 ; elapsed = 00:00:00.019 . Memory (MB): peak = 1952.434 ; gain = 0.000
Ending Power Optimization Task | Checksum: aaeb36d9

Time (s): cpu = 00:00:00 ; elapsed = 00:00:00.492 . Memory (MB): peak = 1952.434 ; gain = 60.961

Starting Final Cleanup Task

Starting Logic Optimization Task
INFO: [Timing 38-35] Done setting XDC timing constraints.
Ending Logic Optimization Task | Checksum: 71447333

Time (s): cpu = 00:00:00 ; elapsed = 00:00:00.123 . Memory (MB): peak = 1952.434 ; gain = 0.000
Ending Final Cleanup Task | Checksum: 71447333

Time (s): cpu = 00:00:03 ; elapsed = 00:00:03 . Memory (MB): peak = 1952.434 ; gain = 0.000

Starting Netlist Obfuscation Task
Netlist sorting complete. Time (s): cpu = 00:00:00 ; elapsed = 00:00:00.001 . Memory (MB): peak = 1952.434 ; gain = 0.000
Ending Netlist Obfuscation Task | Checksum: 71447333

Time (s): cpu = 00:00:00 ; elapsed = 00:00:00.002 . Memory (MB): peak = 1952.434 ; gain = 0.000
INFO: [Common 17-83] Releasing license: Implementation
33 Infos, 1 Warnings, 0 Critical Warnings and 0 Errors encountered.
opt_design completed successfully
opt_design: Time (s): cpu = 00:00:13 ; elapsed = 00:00:14 . Memory (MB): peak = 1952.434 ; gain = 1067.781
INFO: [Vivado 12-24828] Executing command : report_drc -file lab9_drc_opted.rpt -pb lab9_drc_opted.pb -rpx lab9_drc_opted.rpx
Command: report_drc -file lab9_drc_opted.rpt -pb lab9_drc_opted.pb -rpx lab9_drc_opted.rpx
INFO: [IP_Flow 19-234] Refreshing IP repositories
INFO: [IP_Flow 19-1704] No user IP repositories specified
INFO: [IP_Flow 19-2313] Loaded Vivado IP repository 'C:/Xilinx/2025.1.1/Vivado/data/ip'.
INFO: [DRC 23-27] Running DRC with 2 threads
INFO: [Vivado_Tcl 2-168] The results of DRC are in file C:/Users/ryanh/fpga/dlab/lab9/lab9.runs/impl_1/lab9_drc_opted.rpt.
report_drc completed successfully
INFO: [Timing 38-480] Writing timing data to binary archive.
Wrote PlaceDB: Time (s): cpu = 00:00:00 ; elapsed = 00:00:00.002 . Memory (MB): peak = 1952.434 ; gain = 0.000
Wrote PulsedLatchDB: Time (s): cpu = 00:00:00 ; elapsed = 00:00:00 . Memory (MB): peak = 1952.434 ; gain = 0.000
Write ShapeDB Complete: Time (s): cpu = 00:00:00 ; elapsed = 00:00:00.007 . Memory (MB): peak = 1952.434 ; gain = 0.000
Writing XDEF routing.
Writing XDEF routing logical nets.
Writing XDEF routing special nets.
Wrote RouteStorage: Time (s): cpu = 00:00:00 ; elapsed = 00:00:00.025 . Memory (MB): peak = 1952.434 ; gain = 0.000
Wrote Netlist Cache: Time (s): cpu = 00:00:00 ; elapsed = 00:00:00 . Memory (MB): peak = 1952.434 ; gain = 0.000
Wrote Device Cache: Time (s): cpu = 00:00:00 ; elapsed = 00:00:00.009 . Memory (MB): peak = 1952.434 ; gain = 0.000
Write Physdb Complete: Time (s): cpu = 00:00:00 ; elapsed = 00:00:00.046 . Memory (MB): peak = 1952.434 ; gain = 0.000
INFO: [Common 17-1381] The checkpoint 'C:/Users/ryanh/fpga/dlab/lab9/lab9.runs/impl_1/lab9_opt.dcp' has been generated.
Command: place_design
Attempting to get a license for feature 'Implementation' and/or device 'xc7z020'
INFO: [Common 17-349] Got license for feature 'Implementation' and/or device 'xc7z020'
INFO: [Common 17-83] Releasing license: Implementation
INFO: [DRC 23-27] Running DRC with 2 threads
INFO: [Vivado_Tcl 4-198] DRC finished with 0 Errors
INFO: [Vivado_Tcl 4-199] Please refer to the DRC report (report_drc) for more information.
Running DRC as a precondition to command place_design
INFO: [DRC 23-27] Running DRC with 2 threads
INFO: [Vivado_Tcl 4-198] DRC finished with 0 Errors
INFO: [Vivado_Tcl 4-199] Please refer to the DRC report (report_drc) for more information.
INFO: [Place 30-611] Multithreading enabled for place_design using a maximum of 2 CPUs

Starting Placer Task

Phase 1 Placer Initialization

Phase 1.1 Placer Initialization Netlist Sorting
Netlist sorting complete. Time (s): cpu = 00:00:00 ; elapsed = 00:00:00.001 . Memory (MB): peak = 1952.434 ; gain = 0.000
Phase 1.1 Placer Initialization Netlist Sorting | Checksum: 3c1f88b6

Time (s): cpu = 00:00:00 ; elapsed = 00:00:00.003 . Memory (MB): peak = 1952.434 ; gain = 0.000
Netlist sorting complete. Time (s): cpu = 00:00:00 ; elapsed = 00:00:00 . Memory (MB): peak = 1952.434 ; gain = 0.000

Phase 1.2 IO Placement/ Clock Placement/ Build Placer Device
INFO: [Timing 38-35] Done setting XDC timing constraints.
Phase 1.2 IO Placement/ Clock Placement/ Build Placer Device | Checksum: 14fe0a541

Time (s): cpu = 00:00:00 ; elapsed = 00:00:00.290 . Memory (MB): peak = 1952.434 ; gain = 0.000

Phase 1.3 Build Placer Netlist Model
Phase 1.3 Build Placer Netlist Model | Checksum: 16c44b119

Time (s): cpu = 00:00:00 ; elapsed = 00:00:00.625 . Memory (MB): peak = 1952.434 ; gain = 0.000

Phase 1.4 Constrain Clocks/Macros
Phase 1.4 Constrain Clocks/Macros | Checksum: 16c44b119

Time (s): cpu = 00:00:00 ; elapsed = 00:00:00.628 . Memory (MB): peak = 1952.434 ; gain = 0.000
Phase 1 Placer Initialization | Checksum: 16c44b119

Time (s): cpu = 00:00:01 ; elapsed = 00:00:00.635 . Memory (MB): peak = 1952.434 ; gain = 0.000

Phase 2 Global Placement

Phase 2.1 Floorplanning
Phase 2.1 Floorplanning | Checksum: 18905a067

Time (s): cpu = 00:00:01 ; elapsed = 00:00:00.769 . Memory (MB): peak = 1952.434 ; gain = 0.000

Phase 2.2 Update Timing before SLR Path Opt
Phase 2.2 Update Timing before SLR Path Opt | Checksum: 236eb61a5

Time (s): cpu = 00:00:01 ; elapsed = 00:00:00.870 . Memory (MB): peak = 1952.434 ; gain = 0.000

Phase 2.3 Post-Processing in Floorplanning
Phase 2.3 Post-Processing in Floorplanning | Checksum: 1e08b9a98

Time (s): cpu = 00:00:01 ; elapsed = 00:00:00.880 . Memory (MB): peak = 1952.434 ; gain = 0.000

Phase 2.4 Global Place Phase1
Phase 2.4 Global Place Phase1 | Checksum: 184c2ee4d

Time (s): cpu = 00:00:05 ; elapsed = 00:00:03 . Memory (MB): peak = 1952.434 ; gain = 0.000

Phase 2.5 Global Place Phase2

Phase 2.5.1 UpdateTiming Before Physical Synthesis
Phase 2.5.1 UpdateTiming Before Physical Synthesis | Checksum: 1eaa3b709

Time (s): cpu = 00:00:05 ; elapsed = 00:00:03 . Memory (MB): peak = 1952.434 ; gain = 0.000

Phase 2.5.2 Physical Synthesis In Placer
INFO: [Physopt 32-1035] Found 0 LUTNM shape to break, 22 LUT instances to create LUTNM shape
INFO: [Physopt 32-1044] Break lutnm for timing: one critical 0, two critical 0, total 0, new lutff created 0
INFO: [Physopt 32-1138] End 1 Pass. Optimized 9 nets or LUTs. Breaked 0 LUT, combined 9 existing LUTs and moved 0 existing LUT
INFO: [Physopt 32-65] No nets found for high-fanout optimization.
INFO: [Physopt 32-232] Optimized 0 net. Created 0 new instance.
INFO: [Physopt 32-775] End 1 Pass. Optimized 0 net or cell. Created 0 new cell, deleted 0 existing cell and moved 0 existing cell
INFO: [Physopt 32-456] No candidate cells for DSP register optimization found in the design.
INFO: [Physopt 32-775] End 2 Pass. Optimized 0 net or cell. Created 0 new cell, deleted 0 existing cell and moved 0 existing cell
INFO: [Physopt 32-1123] No candidate cells found for Shift Register to Pipeline optimization
INFO: [Physopt 32-775] End 2 Pass. Optimized 0 net or cell. Created 0 new cell, deleted 0 existing cell and moved 0 existing cell
INFO: [Physopt 32-1401] No candidate cells found for Shift Register optimization.
INFO: [Physopt 32-677] No candidate cells for Shift Register optimization found in the design
INFO: [Physopt 32-775] End 1 Pass. Optimized 0 net or cell. Created 0 new cell, deleted 0 existing cell and moved 0 existing cell
INFO: [Physopt 32-526] No candidate cells for BRAM register optimization found in the design
INFO: [Physopt 32-775] End 1 Pass. Optimized 0 net or cell. Created 0 new cell, deleted 0 existing cell and moved 0 existing cell
INFO: [Physopt 32-846] No candidate cells for URAM register optimization found in the design
INFO: [Physopt 32-775] End 1 Pass. Optimized 0 net or cell. Created 0 new cell, deleted 0 existing cell and moved 0 existing cell
INFO: [Physopt 32-846] No candidate cells for URAM register optimization found in the design
INFO: [Physopt 32-775] End 1 Pass. Optimized 0 net or cell. Created 0 new cell, deleted 0 existing cell and moved 0 existing cell
INFO: [Physopt 32-949] No candidate nets found for dynamic/static region interface net replication
INFO: [Physopt 32-775] End 1 Pass. Optimized 0 net or cell. Created 0 new cell, deleted 0 existing cell and moved 0 existing cell
Netlist sorting complete. Time (s): cpu = 00:00:00 ; elapsed = 00:00:00 . Memory (MB): peak = 1952.434 ; gain = 0.000

Summary of Physical Synthesis Optimizations
============================================


-----------------------------------------------------------------------------------------------------------------------------------------------------------
|  Optimization                                     |  Added Cells  |  Removed Cells  |  Optimized Cells/Nets  |  Dont Touch  |  Iterations  |  Elapsed   |
-----------------------------------------------------------------------------------------------------------------------------------------------------------
|  LUT Combining                                    |            0  |              9  |                     9  |           0  |           1  |  00:00:00  |
|  Retime                                           |            0  |              0  |                     0  |           0  |           1  |  00:00:00  |
|  Very High Fanout                                 |            0  |              0  |                     0  |           0  |           1  |  00:00:00  |
|  DSP Register                                     |            0  |              0  |                     0  |           0  |           1  |  00:00:00  |
|  Shift Register to Pipeline                       |            0  |              0  |                     0  |           0  |           1  |  00:00:00  |
|  Shift Register                                   |            0  |              0  |                     0  |           0  |           1  |  00:00:00  |
|  BRAM Register                                    |            0  |              0  |                     0  |           0  |           1  |  00:00:00  |
|  URAM Register                                    |            0  |              0  |                     0  |           0  |           1  |  00:00:00  |
|  Dynamic/Static Region Interface Net Replication  |            0  |              0  |                     0  |           0  |           1  |  00:00:00  |
|  Total                                            |            0  |              9  |                     9  |           0  |           9  |  00:00:00  |
-----------------------------------------------------------------------------------------------------------------------------------------------------------


Phase 2.5.2 Physical Synthesis In Placer | Checksum: 1c42867f2

Time (s): cpu = 00:00:06 ; elapsed = 00:00:03 . Memory (MB): peak = 1952.434 ; gain = 0.000
Phase 2.5 Global Place Phase2 | Checksum: 236c5a164

Time (s): cpu = 00:00:06 ; elapsed = 00:00:04 . Memory (MB): peak = 1952.434 ; gain = 0.000
Phase 2 Global Placement | Checksum: 236c5a164

Time (s): cpu = 00:00:06 ; elapsed = 00:00:04 . Memory (MB): peak = 1952.434 ; gain = 0.000

Phase 3 Detail Placement

Phase 3.1 Commit Multi Column Macros
Phase 3.1 Commit Multi Column Macros | Checksum: 1925d394b

Time (s): cpu = 00:00:06 ; elapsed = 00:00:04 . Memory (MB): peak = 1952.434 ; gain = 0.000

Phase 3.2 Commit Most Macros & LUTRAMs
Phase 3.2 Commit Most Macros & LUTRAMs | Checksum: 1cc56d906

Time (s): cpu = 00:00:06 ; elapsed = 00:00:04 . Memory (MB): peak = 1952.434 ; gain = 0.000

Phase 3.3 Area Swap Optimization
Phase 3.3 Area Swap Optimization | Checksum: 23de14b84

Time (s): cpu = 00:00:06 ; elapsed = 00:00:04 . Memory (MB): peak = 1952.434 ; gain = 0.000

Phase 3.4 Pipeline Register Optimization
Phase 3.4 Pipeline Register Optimization | Checksum: 1f268bbeb

Time (s): cpu = 00:00:06 ; elapsed = 00:00:04 . Memory (MB): peak = 1952.434 ; gain = 0.000

Phase 3.5 Fast Optimization
Phase 3.5 Fast Optimization | Checksum: 244c2d5fb

Time (s): cpu = 00:00:07 ; elapsed = 00:00:05 . Memory (MB): peak = 1952.434 ; gain = 0.000

Phase 3.6 Small Shape Detail Placement
Phase 3.6 Small Shape Detail Placement | Checksum: 18e245397

Time (s): cpu = 00:00:08 ; elapsed = 00:00:05 . Memory (MB): peak = 1952.434 ; gain = 0.000

Phase 3.7 Re-assign LUT pins
Phase 3.7 Re-assign LUT pins | Checksum: 1bcfcf558

Time (s): cpu = 00:00:08 ; elapsed = 00:00:06 . Memory (MB): peak = 1952.434 ; gain = 0.000

Phase 3.8 Pipeline Register Optimization
Phase 3.8 Pipeline Register Optimization | Checksum: 1808563f1

Time (s): cpu = 00:00:08 ; elapsed = 00:00:06 . Memory (MB): peak = 1952.434 ; gain = 0.000

Phase 3.9 Fast Optimization
Phase 3.9 Fast Optimization | Checksum: 207d82308

Time (s): cpu = 00:00:09 ; elapsed = 00:00:06 . Memory (MB): peak = 1952.434 ; gain = 0.000
Phase 3 Detail Placement | Checksum: 207d82308

Time (s): cpu = 00:00:09 ; elapsed = 00:00:06 . Memory (MB): peak = 1952.434 ; gain = 0.000

Phase 4 Post Placement Optimization and Clean-Up

Phase 4.1 Post Commit Optimization
INFO: [Timing 38-35] Done setting XDC timing constraints.

Phase 4.1.1 Post Placement Optimization
Post Placement Optimization Initialization | Checksum: 138d2074e

Phase 4.1.1.1 BUFG Insertion

Starting Physical Synthesis Task

Phase 1 Physical Synthesis Initialization
INFO: [Physopt 32-721] Multithreading enabled for phys_opt_design using a maximum of 2 CPUs
INFO: [Physopt 32-619] Estimated Timing Summary | WNS=-1.602 | TNS=-12.512 |
Phase 1 Physical Synthesis Initialization | Checksum: ac3b0688

Time (s): cpu = 00:00:00 ; elapsed = 00:00:00.041 . Memory (MB): peak = 1952.434 ; gain = 0.000
INFO: [Place 46-33] Processed net lcd0/reset_n, BUFG insertion was skipped due to placement/routing conflicts.
INFO: [Place 46-56] BUFG insertion identified 1 candidate nets. Inserted BUFG: 0, Replicated BUFG Driver: 0, Skipped due to Placement/Routing Conflicts: 1, Skipped due to Timing Degradation: 0, Skipped due to netlist editing failed: 0.
Ending Physical Synthesis Task | Checksum: f9e20e77

Time (s): cpu = 00:00:00 ; elapsed = 00:00:00.121 . Memory (MB): peak = 1952.434 ; gain = 0.000
Phase 4.1.1.1 BUFG Insertion | Checksum: 138d2074e

Time (s): cpu = 00:00:10 ; elapsed = 00:00:07 . Memory (MB): peak = 1952.434 ; gain = 0.000

Phase 4.1.1.2 Post Placement Timing Optimization
INFO: [Place 30-746] Post Placement Timing Summary WNS=-1.126. For the most accurate timing information please run report_timing.
Phase 4.1.1.2 Post Placement Timing Optimization | Checksum: 926c57e7

Time (s): cpu = 00:00:16 ; elapsed = 00:00:13 . Memory (MB): peak = 1952.434 ; gain = 0.000

Time (s): cpu = 00:00:16 ; elapsed = 00:00:13 . Memory (MB): peak = 1952.434 ; gain = 0.000
Phase 4.1 Post Commit Optimization | Checksum: 926c57e7

Time (s): cpu = 00:00:16 ; elapsed = 00:00:13 . Memory (MB): peak = 1952.434 ; gain = 0.000

Phase 4.2 Post Placement Cleanup
Phase 4.2 Post Placement Cleanup | Checksum: 926c57e7

Time (s): cpu = 00:00:16 ; elapsed = 00:00:13 . Memory (MB): peak = 1952.434 ; gain = 0.000

Phase 4.3 Placer Reporting

Phase 4.3.1 Print Estimated Congestion
INFO: [Place 30-612] Post-Placement Estimated Congestion 
 ____________________________________________________
|           | Global Congestion | Short Congestion  |
| Direction | Region Size       | Region Size       |
|___________|___________________|___________________|
|      North|                1x1|                2x2|
|___________|___________________|___________________|
|      South|                1x1|                1x1|
|___________|___________________|___________________|
|       East|                1x1|                1x1|
|___________|___________________|___________________|
|       West|                1x1|                1x1|
|___________|___________________|___________________|

Phase 4.3.1 Print Estimated Congestion | Checksum: 926c57e7

Time (s): cpu = 00:00:16 ; elapsed = 00:00:13 . Memory (MB): peak = 1952.434 ; gain = 0.000
Phase 4.3 Placer Reporting | Checksum: 926c57e7

Time (s): cpu = 00:00:16 ; elapsed = 00:00:13 . Memory (MB): peak = 1952.434 ; gain = 0.000

Phase 4.4 Final Placement Cleanup
Netlist sorting complete. Time (s): cpu = 00:00:00 ; elapsed = 00:00:00.001 . Memory (MB): peak = 1952.434 ; gain = 0.000

Time (s): cpu = 00:00:16 ; elapsed = 00:00:13 . Memory (MB): peak = 1952.434 ; gain = 0.000
Phase 4 Post Placement Optimization and Clean-Up | Checksum: 136f9fcd1

Time (s): cpu = 00:00:16 ; elapsed = 00:00:13 . Memory (MB): peak = 1952.434 ; gain = 0.000
Ending Placer Task | Checksum: 1242e6b97

Time (s): cpu = 00:00:16 ; elapsed = 00:00:13 . Memory (MB): peak = 1952.434 ; gain = 0.000
79 Infos, 1 Warnings, 0 Critical Warnings and 0 Errors encountered.
place_design completed successfully
place_design: Time (s): cpu = 00:00:18 ; elapsed = 00:00:14 . Memory (MB): peak = 1952.434 ; gain = 0.000
INFO: [Vivado 12-24838] Running report commands "report_control_sets, report_io, report_utilization" in parallel.
Running report generation with 2 threads.
INFO: [Vivado 12-24828] Executing command : report_utilization -file lab9_utilization_placed.rpt -pb lab9_utilization_placed.pb
INFO: [Vivado 12-24828] Executing command : report_control_sets -verbose -file lab9_control_sets_placed.rpt
report_control_sets: Time (s): cpu = 00:00:00 ; elapsed = 00:00:00.005 . Memory (MB): peak = 1952.434 ; gain = 0.000
INFO: [Vivado 12-24828] Executing command : report_io -file lab9_io_placed.rpt
report_io: Time (s): cpu = 00:00:00 ; elapsed = 00:00:00.059 . Memory (MB): peak = 1952.434 ; gain = 0.000
INFO: [Timing 38-480] Writing timing data to binary archive.
Write ShapeDB Complete: Time (s): cpu = 00:00:00 ; elapsed = 00:00:00.010 . Memory (MB): peak = 1952.434 ; gain = 0.000
Wrote PlaceDB: Time (s): cpu = 00:00:01 ; elapsed = 00:00:00.108 . Memory (MB): peak = 1952.434 ; gain = 0.000
Wrote PulsedLatchDB: Time (s): cpu = 00:00:00 ; elapsed = 00:00:00 . Memory (MB): peak = 1952.434 ; gain = 0.000
Writing XDEF routing.
Writing XDEF routing logical nets.
Writing XDEF routing special nets.
Wrote RouteStorage: Time (s): cpu = 00:00:00 ; elapsed = 00:00:00.025 . Memory (MB): peak = 1952.434 ; gain = 0.000
Wrote Netlist Cache: Time (s): cpu = 00:00:00 ; elapsed = 00:00:00.005 . Memory (MB): peak = 1952.434 ; gain = 0.000
Wrote Device Cache: Time (s): cpu = 00:00:00 ; elapsed = 00:00:00.009 . Memory (MB): peak = 1952.434 ; gain = 0.000
Write Physdb Complete: Time (s): cpu = 00:00:01 ; elapsed = 00:00:00.156 . Memory (MB): peak = 1952.434 ; gain = 0.000
INFO: [Common 17-1381] The checkpoint 'C:/Users/ryanh/fpga/dlab/lab9/lab9.runs/impl_1/lab9_placed.dcp' has been generated.
Command: phys_opt_design
Attempting to get a license for feature 'Implementation' and/or device 'xc7z020'
INFO: [Common 17-349] Got license for feature 'Implementation' and/or device 'xc7z020'

Starting Initial Update Timing Task

Time (s): cpu = 00:00:00 ; elapsed = 00:00:00.206 . Memory (MB): peak = 1952.434 ; gain = 0.000
INFO: [Vivado_Tcl 4-1435] PhysOpt_Tcl_Interface Runtime Before Starting Physical Synthesis Task | CPU: 0.00s |  WALL: 0.23s
Netlist sorting complete. Time (s): cpu = 00:00:00 ; elapsed = 00:00:00.001 . Memory (MB): peak = 1952.434 ; gain = 0.000

Starting Physical Synthesis Task

Phase 1 Physical Synthesis Initialization
INFO: [Physopt 32-721] Multithreading enabled for phys_opt_design using a maximum of 2 CPUs
INFO: [Physopt 32-619] Estimated Timing Summary | WNS=-1.126 | TNS=-7.586 |
Phase 1 Physical Synthesis Initialization | Checksum: 14e2f7dc6

Time (s): cpu = 00:00:00 ; elapsed = 00:00:00.264 . Memory (MB): peak = 1952.434 ; gain = 0.000
INFO: [Physopt 32-619] Estimated Timing Summary | WNS=-1.126 | TNS=-7.586 |

Phase 2 DSP Register Optimization
INFO: [Physopt 32-456] No candidate cells for DSP register optimization found in the design.
INFO: [Physopt 32-775] End 2 Pass. Optimized 0 net or cell. Created 0 new cell, deleted 0 existing cell and moved 0 existing cell
Phase 2 DSP Register Optimization | Checksum: 14e2f7dc6

Time (s): cpu = 00:00:00 ; elapsed = 00:00:00.268 . Memory (MB): peak = 1952.434 ; gain = 0.000

Phase 3 Critical Path Optimization
INFO: [Physopt 32-619] Estimated Timing Summary | WNS=-1.126 | TNS=-7.586 |
INFO: [Physopt 32-702] Processed net corr_reg_n_0_[21]. Optimizations did not improve timing on the net.
INFO: [Physopt 32-663] Processed net f_reg[23][4].  Re-placed instance f_reg[23][4]
INFO: [Physopt 32-735] Processed net f_reg[23][4]. Optimization improves timing on the net.
INFO: [Physopt 32-619] Estimated Timing Summary | WNS=-1.111 | TNS=-7.406 |
INFO: [Physopt 32-663] Processed net f_reg[22][3].  Re-placed instance f_reg[22][3]
INFO: [Physopt 32-735] Processed net f_reg[22][3]. Optimization improves timing on the net.
INFO: [Physopt 32-619] Estimated Timing Summary | WNS=-1.065 | TNS=-6.854 |
INFO: [Physopt 32-81] Processed net corr_counter_reg[1]_rep__0_n_0. Replicated 2 times.
INFO: [Physopt 32-735] Processed net corr_counter_reg[1]_rep__0_n_0. Optimization improves timing on the net.
INFO: [Physopt 32-619] Estimated Timing Summary | WNS=-1.045 | TNS=-6.614 |
INFO: [Physopt 32-663] Processed net f_reg[23][3].  Re-placed instance f_reg[23][3]
INFO: [Physopt 32-735] Processed net f_reg[23][3]. Optimization improves timing on the net.
INFO: [Physopt 32-619] Estimated Timing Summary | WNS=-1.039 | TNS=-6.542 |
INFO: [Physopt 32-663] Processed net f_reg[26][3].  Re-placed instance f_reg[26][3]
INFO: [Physopt 32-735] Processed net f_reg[26][3]. Optimization improves timing on the net.
INFO: [Physopt 32-619] Estimated Timing Summary | WNS=-1.033 | TNS=-6.470 |
INFO: [Physopt 32-663] Processed net f_reg[27][4].  Re-placed instance f_reg[27][4]
INFO: [Physopt 32-735] Processed net f_reg[27][4]. Optimization improves timing on the net.
INFO: [Physopt 32-619] Estimated Timing Summary | WNS=-1.030 | TNS=-6.434 |
INFO: [Physopt 32-663] Processed net f_reg[30][4].  Re-placed instance f_reg[30][4]
INFO: [Physopt 32-735] Processed net f_reg[30][4]. Optimization improves timing on the net.
INFO: [Physopt 32-619] Estimated Timing Summary | WNS=-1.019 | TNS=-6.302 |
INFO: [Physopt 32-663] Processed net f_reg[31][4].  Re-placed instance f_reg[31][4]
INFO: [Physopt 32-735] Processed net f_reg[31][4]. Optimization improves timing on the net.
INFO: [Physopt 32-619] Estimated Timing Summary | WNS=-1.018 | TNS=-6.290 |
INFO: [Physopt 32-663] Processed net f_reg[31][3].  Re-placed instance f_reg[31][3]
INFO: [Physopt 32-735] Processed net f_reg[31][3]. Optimization improves timing on the net.
INFO: [Physopt 32-619] Estimated Timing Summary | WNS=-1.009 | TNS=-6.182 |
INFO: [Physopt 32-663] Processed net f_reg[46][1].  Re-placed instance f_reg[46][1]
INFO: [Physopt 32-735] Processed net f_reg[46][1]. Optimization improves timing on the net.
INFO: [Physopt 32-619] Estimated Timing Summary | WNS=-1.008 | TNS=-6.170 |
INFO: [Physopt 32-663] Processed net f_reg[30][4].  Re-placed instance f_reg[30][4]
INFO: [Physopt 32-735] Processed net f_reg[30][4]. Optimization improves timing on the net.
INFO: [Physopt 32-619] Estimated Timing Summary | WNS=-1.002 | TNS=-6.098 |
INFO: [Physopt 32-663] Processed net f_reg[27][3].  Re-placed instance f_reg[27][3]
INFO: [Physopt 32-735] Processed net f_reg[27][3]. Optimization improves timing on the net.
INFO: [Physopt 32-619] Estimated Timing Summary | WNS=-1.002 | TNS=-6.098 |
INFO: [Physopt 32-81] Processed net f_reg[30][4]. Replicated 1 times.
INFO: [Physopt 32-735] Processed net f_reg[30][4]. Optimization improves timing on the net.
INFO: [Physopt 32-619] Estimated Timing Summary | WNS=-0.998 | TNS=-6.050 |
INFO: [Physopt 32-663] Processed net f_reg[19][3].  Re-placed instance f_reg[19][3]
INFO: [Physopt 32-735] Processed net f_reg[19][3]. Optimization improves timing on the net.
INFO: [Physopt 32-619] Estimated Timing Summary | WNS=-0.997 | TNS=-6.038 |
INFO: [Physopt 32-702] Processed net f_reg[30][4]_repN. Optimizations did not improve timing on the net.
INFO: [Physopt 32-702] Processed net corr0[21]. Optimizations did not improve timing on the net.
INFO: [Physopt 32-702] Processed net corr_reg[19]_i_2_n_0. Optimizations did not improve timing on the net.
INFO: [Physopt 32-702] Processed net corr_reg[15]_i_2_n_0. Optimizations did not improve timing on the net.
INFO: [Physopt 32-702] Processed net corr[15]_i_7_n_0. Optimizations did not improve timing on the net.
INFO: [Physopt 32-702] Processed net corr1[12]. Optimizations did not improve timing on the net.
INFO: [Physopt 32-702] Processed net corr_reg[15]_i_8_n_0. Optimizations did not improve timing on the net.
INFO: [Physopt 32-702] Processed net corr[15]_i_22_n_0. Optimizations did not improve timing on the net.
INFO: [Physopt 32-571] Net corr[15]_i_18_n_0 was not replicated.
INFO: [Physopt 32-608] Optimized 1 net.  Swapped 25 pins.
INFO: [Physopt 32-735] Processed net corr[15]_i_18_n_0. Optimization improves timing on the net.
INFO: [Physopt 32-619] Estimated Timing Summary | WNS=-0.965 | TNS=-6.420 |
INFO: [Physopt 32-81] Processed net corr_counter_reg[1]_rep__0_n_0_repN. Replicated 1 times.
INFO: [Physopt 32-735] Processed net corr_counter_reg[1]_rep__0_n_0_repN. Optimization improves timing on the net.
INFO: [Physopt 32-619] Estimated Timing Summary | WNS=-0.964 | TNS=-6.414 |
INFO: [Physopt 32-663] Processed net g[63][5].  Re-placed instance g_reg[63][5]
INFO: [Physopt 32-735] Processed net g[63][5]. Optimization improves timing on the net.
INFO: [Physopt 32-619] Estimated Timing Summary | WNS=-0.953 | TNS=-6.348 |
INFO: [Physopt 32-663] Processed net g[62][5].  Re-placed instance g_reg[62][5]
INFO: [Physopt 32-735] Processed net g[62][5]. Optimization improves timing on the net.
INFO: [Physopt 32-619] Estimated Timing Summary | WNS=-0.944 | TNS=-6.294 |
INFO: [Physopt 32-663] Processed net g[38][5].  Re-placed instance g_reg[38][5]
INFO: [Physopt 32-735] Processed net g[38][5]. Optimization improves timing on the net.
INFO: [Physopt 32-619] Estimated Timing Summary | WNS=-0.923 | TNS=-6.168 |
INFO: [Physopt 32-663] Processed net g[57][5].  Re-placed instance g_reg[57][5]
INFO: [Physopt 32-735] Processed net g[57][5]. Optimization improves timing on the net.
INFO: [Physopt 32-619] Estimated Timing Summary | WNS=-0.922 | TNS=-6.162 |
INFO: [Physopt 32-571] Net corr[15]_i_18_n_0 was not replicated.
INFO: [Physopt 32-702] Processed net corr[15]_i_18_n_0. Optimizations did not improve timing on the net.
INFO: [Physopt 32-702] Processed net corr_reg[15]_i_30_n_4. Optimizations did not improve timing on the net.
INFO: [Physopt 32-702] Processed net corr[15]_i_72_n_0. Optimizations did not improve timing on the net.
INFO: [Physopt 32-702] Processed net corr[15]_i_111_n_0. Optimizations did not improve timing on the net.
INFO: [Physopt 32-702] Processed net corr[15]_i_160_n_0. Optimizations did not improve timing on the net.
INFO: [Physopt 32-702] Processed net corr_reg[15]_i_187_n_0. Optimizations did not improve timing on the net.
INFO: [Physopt 32-702] Processed net corr[15]_i_281_n_0. Optimizations did not improve timing on the net.
INFO: [Physopt 32-608] Optimized 1 net.  Swapped 6 pins.
INFO: [Physopt 32-735] Processed net corr[21]_i_1_n_0. Optimization improves timing on the net.
INFO: [Physopt 32-619] Estimated Timing Summary | WNS=-0.735 | TNS=-5.740 |
INFO: [Physopt 32-702] Processed net corr_reg_n_0_[19]. Optimizations did not improve timing on the net.
INFO: [Physopt 32-702] Processed net corr0[19]. Optimizations did not improve timing on the net.
INFO: [Physopt 32-608] Optimized 1 net.  Swapped 17 pins.
INFO: [Physopt 32-735] Processed net corr[19]_i_1_n_0. Optimization improves timing on the net.
INFO: [Physopt 32-619] Estimated Timing Summary | WNS=-0.628 | TNS=-5.705 |
INFO: [Physopt 32-702] Processed net corr_reg_n_0_[20]. Optimizations did not improve timing on the net.
INFO: [Physopt 32-702] Processed net corr0[20]. Optimizations did not improve timing on the net.
INFO: [Physopt 32-608] Optimized 1 net.  Swapped 17 pins.
INFO: [Physopt 32-735] Processed net corr[20]_i_1_n_0. Optimization improves timing on the net.
INFO: [Physopt 32-619] Estimated Timing Summary | WNS=-0.624 | TNS=-5.473 |
INFO: [Physopt 32-702] Processed net corr_reg_n_0_[17]. Optimizations did not improve timing on the net.
INFO: [Physopt 32-702] Processed net corr0[17]. Optimizations did not improve timing on the net.
INFO: [Physopt 32-702] Processed net corr[17]_i_1_n_0. Optimizations did not improve timing on the net.
INFO: [Physopt 32-702] Processed net clk_IBUF. Optimizations did not improve timing on the net.
INFO: [Physopt 32-702] Processed net clk. Optimizations did not improve timing on the net.
INFO: [Physopt 32-702] Processed net corr_reg_n_0_[17]. Optimizations did not improve timing on the net.
INFO: [Physopt 32-702] Processed net f_reg[30][4]_repN. Optimizations did not improve timing on the net.
INFO: [Physopt 32-702] Processed net corr0[17]. Optimizations did not improve timing on the net.
INFO: [Physopt 32-702] Processed net corr[15]_i_7_n_0. Optimizations did not improve timing on the net.
INFO: [Physopt 32-702] Processed net corr1[12]. Optimizations did not improve timing on the net.
INFO: [Physopt 32-702] Processed net corr[15]_i_22_n_0. Optimizations did not improve timing on the net.
INFO: [Physopt 32-702] Processed net corr[15]_i_18_n_0. Optimizations did not improve timing on the net.
INFO: [Physopt 32-702] Processed net corr_reg[15]_i_30_n_4. Optimizations did not improve timing on the net.
INFO: [Physopt 32-702] Processed net corr[15]_i_72_n_0. Optimizations did not improve timing on the net.
INFO: [Physopt 32-702] Processed net corr[15]_i_111_n_0. Optimizations did not improve timing on the net.
INFO: [Physopt 32-702] Processed net corr[15]_i_160_n_0. Optimizations did not improve timing on the net.
INFO: [Physopt 32-702] Processed net corr_reg[15]_i_187_n_0. Optimizations did not improve timing on the net.
INFO: [Physopt 32-702] Processed net corr[15]_i_281_n_0. Optimizations did not improve timing on the net.
INFO: [Physopt 32-702] Processed net corr[17]_i_1_n_0. Optimizations did not improve timing on the net.
INFO: [Physopt 32-702] Processed net clk_IBUF. Optimizations did not improve timing on the net.
INFO: [Physopt 32-702] Processed net clk. Optimizations did not improve timing on the net.
INFO: [Physopt 32-619] Estimated Timing Summary | WNS=-0.624 | TNS=-5.473 |
Netlist sorting complete. Time (s): cpu = 00:00:00 ; elapsed = 00:00:00.008 . Memory (MB): peak = 1953.289 ; gain = 0.000
Phase 3 Critical Path Optimization | Checksum: 14e2f7dc6

Time (s): cpu = 00:00:03 ; elapsed = 00:00:02 . Memory (MB): peak = 1953.289 ; gain = 0.855

Phase 4 Critical Path Optimization
INFO: [Physopt 32-619] Estimated Timing Summary | WNS=-0.624 | TNS=-5.473 |
INFO: [Physopt 32-702] Processed net corr_reg_n_0_[17]. Optimizations did not improve timing on the net.
INFO: [Physopt 32-702] Processed net f_reg[30][4]_repN. Optimizations did not improve timing on the net.
INFO: [Physopt 32-702] Processed net corr0[17]. Optimizations did not improve timing on the net.
INFO: [Physopt 32-702] Processed net corr_reg[15]_i_2_n_0. Optimizations did not improve timing on the net.
INFO: [Physopt 32-702] Processed net corr[15]_i_7_n_0. Optimizations did not improve timing on the net.
INFO: [Physopt 32-702] Processed net corr1[12]. Optimizations did not improve timing on the net.
INFO: [Physopt 32-702] Processed net corr_reg[15]_i_8_n_0. Optimizations did not improve timing on the net.
INFO: [Physopt 32-702] Processed net corr[15]_i_22_n_0. Optimizations did not improve timing on the net.
INFO: [Physopt 32-571] Net corr[15]_i_18_n_0 was not replicated.
INFO: [Physopt 32-702] Processed net corr[15]_i_18_n_0. Optimizations did not improve timing on the net.
INFO: [Physopt 32-702] Processed net corr_reg[15]_i_30_n_4. Optimizations did not improve timing on the net.
INFO: [Physopt 32-702] Processed net corr[15]_i_72_n_0. Optimizations did not improve timing on the net.
INFO: [Physopt 32-702] Processed net corr[15]_i_111_n_0. Optimizations did not improve timing on the net.
INFO: [Physopt 32-702] Processed net corr[15]_i_160_n_0. Optimizations did not improve timing on the net.
INFO: [Physopt 32-702] Processed net corr_reg[15]_i_187_n_0. Optimizations did not improve timing on the net.
INFO: [Physopt 32-702] Processed net corr[15]_i_281_n_0. Optimizations did not improve timing on the net.
INFO: [Physopt 32-702] Processed net corr[17]_i_1_n_0. Optimizations did not improve timing on the net.
INFO: [Physopt 32-702] Processed net clk_IBUF. Optimizations did not improve timing on the net.
INFO: [Physopt 32-702] Processed net clk. Optimizations did not improve timing on the net.
INFO: [Physopt 32-702] Processed net corr_reg_n_0_[17]. Optimizations did not improve timing on the net.
INFO: [Physopt 32-702] Processed net f_reg[30][4]_repN. Optimizations did not improve timing on the net.
INFO: [Physopt 32-702] Processed net corr0[17]. Optimizations did not improve timing on the net.
INFO: [Physopt 32-702] Processed net corr[15]_i_7_n_0. Optimizations did not improve timing on the net.
INFO: [Physopt 32-702] Processed net corr1[12]. Optimizations did not improve timing on the net.
INFO: [Physopt 32-702] Processed net corr[15]_i_22_n_0. Optimizations did not improve timing on the net.
INFO: [Physopt 32-702] Processed net corr[15]_i_18_n_0. Optimizations did not improve timing on the net.
INFO: [Physopt 32-702] Processed net corr_reg[15]_i_30_n_4. Optimizations did not improve timing on the net.
INFO: [Physopt 32-702] Processed net corr[15]_i_72_n_0. Optimizations did not improve timing on the net.
INFO: [Physopt 32-702] Processed net corr[15]_i_111_n_0. Optimizations did not improve timing on the net.
INFO: [Physopt 32-702] Processed net corr[15]_i_160_n_0. Optimizations did not improve timing on the net.
INFO: [Physopt 32-702] Processed net corr_reg[15]_i_187_n_0. Optimizations did not improve timing on the net.
INFO: [Physopt 32-702] Processed net corr[15]_i_281_n_0. Optimizations did not improve timing on the net.
INFO: [Physopt 32-702] Processed net corr[17]_i_1_n_0. Optimizations did not improve timing on the net.
INFO: [Physopt 32-702] Processed net clk_IBUF. Optimizations did not improve timing on the net.
INFO: [Physopt 32-702] Processed net clk. Optimizations did not improve timing on the net.
INFO: [Physopt 32-619] Estimated Timing Summary | WNS=-0.624 | TNS=-5.473 |
Netlist sorting complete. Time (s): cpu = 00:00:00 ; elapsed = 00:00:00.003 . Memory (MB): peak = 1953.301 ; gain = 0.000
Phase 4 Critical Path Optimization | Checksum: 14e2f7dc6

Time (s): cpu = 00:00:03 ; elapsed = 00:00:02 . Memory (MB): peak = 1953.301 ; gain = 0.867
Netlist sorting complete. Time (s): cpu = 00:00:00 ; elapsed = 00:00:00.001 . Memory (MB): peak = 1953.301 ; gain = 0.000
INFO: [Physopt 32-603] Post Physical Optimization Timing Summary | WNS=-0.624 | TNS=-5.473 |

Summary of Physical Synthesis Optimizations
============================================


-------------------------------------------------------------------------------------------------------------------------------------------------------------
|  Optimization   |  WNS Gain (ns)  |  TNS Gain (ns)  |  Added Cells  |  Removed Cells  |  Optimized Cells/Nets  |  Dont Touch  |  Iterations  |  Elapsed   |
-------------------------------------------------------------------------------------------------------------------------------------------------------------
|  DSP Register   |          0.000  |          0.000  |            0  |              0  |                     0  |           0  |           1  |  00:00:00  |
|  Critical Path  |          0.502  |          2.114  |            4  |              0  |                    23  |           0  |           2  |  00:00:02  |
|  Total          |          0.502  |          2.114  |            4  |              0  |                    23  |           0  |           3  |  00:00:02  |
-------------------------------------------------------------------------------------------------------------------------------------------------------------


Netlist sorting complete. Time (s): cpu = 00:00:00 ; elapsed = 00:00:00.001 . Memory (MB): peak = 1953.301 ; gain = 0.000
Ending Physical Synthesis Task | Checksum: f189bfb0

Time (s): cpu = 00:00:03 ; elapsed = 00:00:02 . Memory (MB): peak = 1953.301 ; gain = 0.867
INFO: [Common 17-83] Releasing license: Implementation
245 Infos, 1 Warnings, 0 Critical Warnings and 0 Errors encountered.
phys_opt_design completed successfully
INFO: [Timing 38-480] Writing timing data to binary archive.
Write ShapeDB Complete: Time (s): cpu = 00:00:00 ; elapsed = 00:00:00.007 . Memory (MB): peak = 1962.113 ; gain = 0.016
Wrote PlaceDB: Time (s): cpu = 00:00:00 ; elapsed = 00:00:00.111 . Memory (MB): peak = 1962.113 ; gain = 0.000
Wrote PulsedLatchDB: Time (s): cpu = 00:00:00 ; elapsed = 00:00:00 . Memory (MB): peak = 1962.113 ; gain = 0.000
Writing XDEF routing.
Writing XDEF routing logical nets.
Writing XDEF routing special nets.
Wrote RouteStorage: Time (s): cpu = 00:00:00 ; elapsed = 00:00:00.026 . Memory (MB): peak = 1962.113 ; gain = 0.000
Wrote Netlist Cache: Time (s): cpu = 00:00:00 ; elapsed = 00:00:00.005 . Memory (MB): peak = 1962.113 ; gain = 0.000
Wrote Device Cache: Time (s): cpu = 00:00:00 ; elapsed = 00:00:00.009 . Memory (MB): peak = 1962.113 ; gain = 0.000
Write Physdb Complete: Time (s): cpu = 00:00:00 ; elapsed = 00:00:00.159 . Memory (MB): peak = 1962.113 ; gain = 0.000
INFO: [Common 17-1381] The checkpoint 'C:/Users/ryanh/fpga/dlab/lab9/lab9.runs/impl_1/lab9_physopt.dcp' has been generated.
Command: route_design
Attempting to get a license for feature 'Implementation' and/or device 'xc7z020'
INFO: [Common 17-349] Got license for feature 'Implementation' and/or device 'xc7z020'
INFO: [DRC 23-27] Running DRC with 2 threads
INFO: [Vivado_Tcl 4-198] DRC finished with 0 Errors
INFO: [Vivado_Tcl 4-199] Please refer to the DRC report (report_drc) for more information.


Starting Routing Task
INFO: [Route 35-254] Multithreading enabled for route_design using a maximum of 2 CPUs

Phase 1 Build RT Design
Checksum: PlaceDB: 34f2bfdf ConstDB: 0 ShapeSum: 32780698 RouteDB: 15f972f0
Post Restoration Checksum: NetGraph: 61122c74 | NumContArr: 760cfc89 | Constraints: c2a8fa9d | Timing: c2a8fa9d
Phase 1 Build RT Design | Checksum: 25c711e37

Time (s): cpu = 00:00:25 ; elapsed = 00:00:24 . Memory (MB): peak = 2051.262 ; gain = 77.754

Phase 2 Router Initialization

Phase 2.1 Fix Topology Constraints
Phase 2.1 Fix Topology Constraints | Checksum: 25c711e37

Time (s): cpu = 00:00:25 ; elapsed = 00:00:24 . Memory (MB): peak = 2051.262 ; gain = 77.754

Phase 2.2 Pre Route Cleanup
Phase 2.2 Pre Route Cleanup | Checksum: 25c711e37

Time (s): cpu = 00:00:25 ; elapsed = 00:00:24 . Memory (MB): peak = 2051.262 ; gain = 77.754
 Number of Nodes with overlaps = 0

Phase 2.3 Update Timing
Phase 2.3 Update Timing | Checksum: 1de1b7bdd

Time (s): cpu = 00:00:26 ; elapsed = 00:00:24 . Memory (MB): peak = 2087.566 ; gain = 114.059
INFO: [Route 35-416] Intermediate Timing Summary | WNS=-0.674 | TNS=-5.928 | WHS=-0.105 | THS=-9.331 |


Phase 2.4 Soft Constraint Pins - Fast Budgeting
Phase 2.4 Soft Constraint Pins - Fast Budgeting | Checksum: 271918526

Time (s): cpu = 00:00:26 ; elapsed = 00:00:24 . Memory (MB): peak = 2111.602 ; gain = 138.094

Router Utilization Summary
  Global Vertical Routing Utilization    = 0 %
  Global Horizontal Routing Utilization  = 0 %
  Routable Net Status*
  *Does not include unroutable nets such as driverless and loadless.
  Run report_route_status for detailed report.
  Number of Failed Nets               = 1819
    (Failed Nets is the sum of unrouted and partially routed nets)
  Number of Unrouted Nets             = 1819
  Number of Partially Routed Nets     = 0
  Number of Node Overlaps             = 0

Phase 2 Router Initialization | Checksum: 271918526

Time (s): cpu = 00:00:27 ; elapsed = 00:00:25 . Memory (MB): peak = 2111.602 ; gain = 138.094

Phase 3 Global Routing
Phase 3 Global Routing | Checksum: 271918526

Time (s): cpu = 00:00:27 ; elapsed = 00:00:25 . Memory (MB): peak = 2111.602 ; gain = 138.094

Phase 4 Initial Routing

Phase 4.1 Initial Net Routing Pass
Phase 4.1 Initial Net Routing Pass | Checksum: 22e1252df

Time (s): cpu = 00:00:27 ; elapsed = 00:00:25 . Memory (MB): peak = 2111.602 ; gain = 138.094
Phase 4 Initial Routing | Checksum: 22e1252df

Time (s): cpu = 00:00:27 ; elapsed = 00:00:25 . Memory (MB): peak = 2111.602 ; gain = 138.094
INFO: [Route 35-580] Design has 2 pins with tight setup and hold constraints.

The top 5 pins with tight setup and hold constraints:

+====================+===================+===============+
| Launch Setup Clock | Launch Hold Clock | Pin           |
+====================+===================+===============+
| sys_clk_pin        | sys_clk_pin       | corr_reg[9]/D |
| sys_clk_pin        | sys_clk_pin       | corr_reg[8]/D |
+--------------------+-------------------+---------------+

File with complete list of pins: tight_setup_hold_pins.txt


Phase 5 Rip-up And Reroute

Phase 5.1 Global Iteration 0
 Number of Nodes with overlaps = 847
 Number of Nodes with overlaps = 597
 Number of Nodes with overlaps = 410
 Number of Nodes with overlaps = 275
 Number of Nodes with overlaps = 129
 Number of Nodes with overlaps = 83
 Number of Nodes with overlaps = 33
 Number of Nodes with overlaps = 15
 Number of Nodes with overlaps = 5
 Number of Nodes with overlaps = 4
 Number of Nodes with overlaps = 1
 Number of Nodes with overlaps = 0
INFO: [Route 35-416] Intermediate Timing Summary | WNS=-1.131 | TNS=-12.678| WHS=N/A    | THS=N/A    |

Phase 5.1 Global Iteration 0 | Checksum: 2051c694e

Time (s): cpu = 00:00:40 ; elapsed = 00:00:34 . Memory (MB): peak = 2118.465 ; gain = 144.957

Phase 5.2 Global Iteration 1
 Number of Nodes with overlaps = 745
 Number of Nodes with overlaps = 306
 Number of Nodes with overlaps = 198
 Number of Nodes with overlaps = 70
 Number of Nodes with overlaps = 38
 Number of Nodes with overlaps = 26
 Number of Nodes with overlaps = 12
 Number of Nodes with overlaps = 5
 Number of Nodes with overlaps = 1
 Number of Nodes with overlaps = 0
INFO: [Route 35-416] Intermediate Timing Summary | WNS=-1.341 | TNS=-13.457| WHS=N/A    | THS=N/A    |

Phase 5.2 Global Iteration 1 | Checksum: 2ad864c3d

Time (s): cpu = 00:00:48 ; elapsed = 00:00:39 . Memory (MB): peak = 2118.465 ; gain = 144.957
Phase 5 Rip-up And Reroute | Checksum: 2ad864c3d

Time (s): cpu = 00:00:48 ; elapsed = 00:00:39 . Memory (MB): peak = 2118.465 ; gain = 144.957

Phase 6 Delay and Skew Optimization

Phase 6.1 Delay CleanUp

Phase 6.1.1 Update Timing
Phase 6.1.1 Update Timing | Checksum: 26bf8aeef

Time (s): cpu = 00:00:48 ; elapsed = 00:00:39 . Memory (MB): peak = 2118.465 ; gain = 144.957
INFO: [Route 35-416] Intermediate Timing Summary | WNS=-1.016 | TNS=-11.068| WHS=N/A    | THS=N/A    |

 Number of Nodes with overlaps = 0
Phase 6.1 Delay CleanUp | Checksum: 2374cff60

Time (s): cpu = 00:00:48 ; elapsed = 00:00:39 . Memory (MB): peak = 2118.465 ; gain = 144.957

Phase 6.2 Clock Skew Optimization
Phase 6.2 Clock Skew Optimization | Checksum: 2374cff60

Time (s): cpu = 00:00:48 ; elapsed = 00:00:39 . Memory (MB): peak = 2118.465 ; gain = 144.957
Phase 6 Delay and Skew Optimization | Checksum: 2374cff60

Time (s): cpu = 00:00:48 ; elapsed = 00:00:39 . Memory (MB): peak = 2118.465 ; gain = 144.957

Phase 7 Post Hold Fix

Phase 7.1 Hold Fix Iter
INFO: [Route 35-416] Intermediate Timing Summary | WNS=-1.015 | TNS=-11.054| WHS=0.134  | THS=0.000  |

Phase 7.1 Hold Fix Iter | Checksum: 246d2fee8

Time (s): cpu = 00:00:48 ; elapsed = 00:00:39 . Memory (MB): peak = 2118.465 ; gain = 144.957
Phase 7 Post Hold Fix | Checksum: 246d2fee8

Time (s): cpu = 00:00:48 ; elapsed = 00:00:39 . Memory (MB): peak = 2118.465 ; gain = 144.957

Phase 8 Route finalize

Router Utilization Summary
  Global Vertical Routing Utilization    = 0.386714 %
  Global Horizontal Routing Utilization  = 0.487914 %
  Routable Net Status*
  *Does not include unroutable nets such as driverless and loadless.
  Run report_route_status for detailed report.
  Number of Failed Nets               = 0
    (Failed Nets is the sum of unrouted and partially routed nets)
  Number of Unrouted Nets             = 0
  Number of Partially Routed Nets     = 0
  Number of Node Overlaps             = 0


--GLOBAL Congestion:
Utilization threshold used for congestion level computation: 0.85
Congestion Report
North Dir 1x1 Area, Max Cong = 43.2432%, No Congested Regions.
South Dir 1x1 Area, Max Cong = 49.5495%, No Congested Regions.
East Dir 1x1 Area, Max Cong = 51.4706%, No Congested Regions.
West Dir 1x1 Area, Max Cong = 54.4118%, No Congested Regions.

------------------------------
Reporting congestion hotspots
------------------------------
Direction: North
----------------
Congested clusters found at Level 0
Effective congestion level: 0 Aspect Ratio: 1 Sparse Ratio: 0
Direction: South
----------------
Congested clusters found at Level 0
Effective congestion level: 0 Aspect Ratio: 1 Sparse Ratio: 0
Direction: East
----------------
Congested clusters found at Level 0
Effective congestion level: 0 Aspect Ratio: 1 Sparse Ratio: 0
Direction: West
----------------
Congested clusters found at Level 0
Effective congestion level: 0 Aspect Ratio: 1 Sparse Ratio: 0

Phase 8 Route finalize | Checksum: 246d2fee8

Time (s): cpu = 00:00:48 ; elapsed = 00:00:39 . Memory (MB): peak = 2118.465 ; gain = 144.957

Phase 9 Verifying routed nets

 Verification completed successfully
Phase 9 Verifying routed nets | Checksum: 246d2fee8

Time (s): cpu = 00:00:48 ; elapsed = 00:00:39 . Memory (MB): peak = 2118.465 ; gain = 144.957

Phase 10 Depositing Routes
Phase 10 Depositing Routes | Checksum: 1eadc4da5

Time (s): cpu = 00:00:48 ; elapsed = 00:00:40 . Memory (MB): peak = 2118.465 ; gain = 144.957

Phase 11 Post Process Routing
Phase 11 Post Process Routing | Checksum: 1eadc4da5

Time (s): cpu = 00:00:48 ; elapsed = 00:00:40 . Memory (MB): peak = 2118.465 ; gain = 144.957

Phase 12 Post Router Timing
INFO: [Route 35-57] Estimated Timing Summary | WNS=-1.015 | TNS=-11.054| WHS=0.134  | THS=0.000  |

WARNING: [Route 35-328] Router estimated timing not met.
Resolution: For a complete and accurate timing signoff, report_timing_summary must be run after route_design. Alternatively, route_design can be run with the -timing_summary option to enable a complete timing signoff at the end of route_design.
Phase 12 Post Router Timing | Checksum: 1eadc4da5

Time (s): cpu = 00:00:48 ; elapsed = 00:00:40 . Memory (MB): peak = 2118.465 ; gain = 144.957
Total Elapsed time in route_design: 39.57 secs

Phase 13 Post-Route Event Processing
Phase 13 Post-Route Event Processing | Checksum: 69763c9f

Time (s): cpu = 00:00:48 ; elapsed = 00:00:40 . Memory (MB): peak = 2118.465 ; gain = 144.957
INFO: [Route 35-16] Router Completed Successfully
Ending Routing Task | Checksum: 69763c9f

Time (s): cpu = 00:00:48 ; elapsed = 00:00:40 . Memory (MB): peak = 2118.465 ; gain = 144.957

Routing Is Done.
INFO: [Common 17-83] Releasing license: Implementation
261 Infos, 2 Warnings, 0 Critical Warnings and 0 Errors encountered.
route_design completed successfully
route_design: Time (s): cpu = 00:00:49 ; elapsed = 00:00:40 . Memory (MB): peak = 2118.465 ; gain = 156.352
INFO: [Vivado 12-24828] Executing command : report_drc -file lab9_drc_routed.rpt -pb lab9_drc_routed.pb -rpx lab9_drc_routed.rpx
Command: report_drc -file lab9_drc_routed.rpt -pb lab9_drc_routed.pb -rpx lab9_drc_routed.rpx
INFO: [IP_Flow 19-1839] IP Catalog is up to date.
INFO: [DRC 23-27] Running DRC with 2 threads
INFO: [Vivado_Tcl 2-168] The results of DRC are in file C:/Users/ryanh/fpga/dlab/lab9/lab9.runs/impl_1/lab9_drc_routed.rpt.
report_drc completed successfully
INFO: [Vivado 12-24828] Executing command : report_methodology -file lab9_methodology_drc_routed.rpt -pb lab9_methodology_drc_routed.pb -rpx lab9_methodology_drc_routed.rpx
Command: report_methodology -file lab9_methodology_drc_routed.rpt -pb lab9_methodology_drc_routed.pb -rpx lab9_methodology_drc_routed.rpx
INFO: [Timing 38-35] Done setting XDC timing constraints.
INFO: [DRC 23-133] Running Methodology with 2 threads
INFO: [Vivado_Tcl 2-1520] The results of Report Methodology are in file C:/Users/ryanh/fpga/dlab/lab9/lab9.runs/impl_1/lab9_methodology_drc_routed.rpt.
report_methodology completed successfully
INFO: [Vivado 12-24828] Executing command : report_timing_summary -max_paths 10 -routable_nets -report_unconstrained -file lab9_timing_summary_routed.rpt -pb lab9_timing_summary_routed.pb -rpx lab9_timing_summary_routed.rpx -warn_on_violation 
INFO: [Timing 38-35] Done setting XDC timing constraints.
INFO: [Timing 38-91] UpdateTimingParams: Speed grade: -1, Delay Type: min_max.
INFO: [Timing 38-191] Multithreading enabled for timing update using a maximum of 2 CPUs
CRITICAL WARNING: [Timing 38-282] The design failed to meet the timing requirements. Please see the timing summary report for details on the timing violations.
INFO: [Vivado 12-24838] Running report commands "report_incremental_reuse, report_route_status" in parallel.
Running report generation with 2 threads.
INFO: [Vivado 12-24828] Executing command : report_incremental_reuse -file lab9_incremental_reuse_routed.rpt
INFO: [Vivado_Tcl 4-1062] Incremental flow is disabled. No incremental reuse Info to report.
INFO: [Vivado 12-24828] Executing command : report_route_status -file lab9_route_status.rpt -pb lab9_route_status.pb
INFO: [Vivado 12-24828] Executing command : report_power -file lab9_power_routed.rpt -pb lab9_power_summary_routed.pb -rpx lab9_power_routed.rpx
Command: report_power -file lab9_power_routed.rpt -pb lab9_power_summary_routed.pb -rpx lab9_power_routed.rpx
Running Vector-less Activity Propagation...

Finished Running Vector-less Activity Propagation
278 Infos, 2 Warnings, 1 Critical Warnings and 0 Errors encountered.
report_power completed successfully
INFO: [Vivado 12-24828] Executing command : report_clock_utilization -file lab9_clock_utilization_routed.rpt
INFO: [Vivado 12-24828] Executing command : report_bus_skew -warn_on_violation -file lab9_bus_skew_routed.rpt -pb lab9_bus_skew_routed.pb -rpx lab9_bus_skew_routed.rpx
INFO: [Timing 38-91] UpdateTimingParams: Speed grade: -1, Delay Type: min_max.
INFO: [Timing 38-191] Multithreading enabled for timing update using a maximum of 2 CPUs
generate_parallel_reports: Time (s): cpu = 00:00:10 ; elapsed = 00:00:06 . Memory (MB): peak = 2136.336 ; gain = 17.871
INFO: [Timing 38-480] Writing timing data to binary archive.
Write ShapeDB Complete: Time (s): cpu = 00:00:00 ; elapsed = 00:00:00.006 . Memory (MB): peak = 2136.336 ; gain = 0.000
Wrote PlaceDB: Time (s): cpu = 00:00:01 ; elapsed = 00:00:00.117 . Memory (MB): peak = 2136.336 ; gain = 0.000
Wrote PulsedLatchDB: Time (s): cpu = 00:00:00 ; elapsed = 00:00:00 . Memory (MB): peak = 2136.336 ; gain = 0.000
Writing XDEF routing.
Writing XDEF routing logical nets.
Writing XDEF routing special nets.
Wrote RouteStorage: Time (s): cpu = 00:00:00 ; elapsed = 00:00:00.040 . Memory (MB): peak = 2136.336 ; gain = 0.000
Wrote Netlist Cache: Time (s): cpu = 00:00:00 ; elapsed = 00:00:00.003 . Memory (MB): peak = 2136.336 ; gain = 0.000
Wrote Device Cache: Time (s): cpu = 00:00:00 ; elapsed = 00:00:00.009 . Memory (MB): peak = 2136.336 ; gain = 0.000
Write Physdb Complete: Time (s): cpu = 00:00:01 ; elapsed = 00:00:00.177 . Memory (MB): peak = 2136.336 ; gain = 0.000
INFO: [Common 17-1381] The checkpoint 'C:/Users/ryanh/fpga/dlab/lab9/lab9.runs/impl_1/lab9_routed.dcp' has been generated.
Command: write_bitstream -force lab9.bit
Attempting to get a license for feature 'Implementation' and/or device 'xc7z020'
INFO: [Common 17-349] Got license for feature 'Implementation' and/or device 'xc7z020'
Running DRC as a precondition to command write_bitstream
INFO: [IP_Flow 19-1839] IP Catalog is up to date.
INFO: [DRC 23-27] Running DRC with 2 threads
INFO: [Vivado 12-3199] DRC finished with 0 Errors
INFO: [Vivado 12-3200] Please refer to the DRC report (report_drc) for more information.
INFO: [Designutils 20-2272] Running write_bitstream with 2 threads.
Loading data files...
Loading site data...
Loading route data...
Processing options...
Creating bitmap...
Creating bitstream...
Writing bitstream ./lab9.bit...
INFO: [Vivado 12-1842] Bitgen Completed Successfully.
INFO: [Project 1-1876] WebTalk data collection is mandatory when using a ULT device. To see the specific WebTalk data collected for your design, open the usage_statistics_webtalk.html or usage_statistics_webtalk.xml file in the implementation directory.
INFO: [Common 17-83] Releasing license: Implementation
293 Infos, 2 Warnings, 1 Critical Warnings and 0 Errors encountered.
write_bitstream completed successfully
write_bitstream: Time (s): cpu = 00:00:13 ; elapsed = 00:00:10 . Memory (MB): peak = 2626.031 ; gain = 489.695
INFO: [Common 17-206] Exiting Vivado at Wed Jan  7 23:39:33 2026...
