Copyright 1986-2022 Xilinx, Inc. All Rights Reserved. Copyright 2022-2025 Advanced Micro Devices, Inc. All Rights Reserved.
---------------------------------------------------------------------------------------------------------------------------------------------
| Tool Version : Vivado v.2025.1.1 (win64) Build 6233196 Thu Sep 11 21:27:30 MDT 2025
| Date         : Fri Jan  9 23:59:28 2026
| Host         : kaiden running 64-bit major release  (build 9200)
| Command      : report_control_sets -verbose -file lab7_control_sets_placed.rpt
| Design       : lab7
| Device       : xc7z020
---------------------------------------------------------------------------------------------------------------------------------------------

Control Set Information

Table of Contents
-----------------
1. Summary
2. Histogram
3. Flip-Flop Distribution
4. Detailed Control Set Information

1. Summary
----------

+----------------------------------------------------------+-------+
|                          Status                          | Count |
+----------------------------------------------------------+-------+
| Total control sets                                       |    32 |
|    Minimum number of control sets                        |    32 |
|    Addition due to synthesis replication                 |     0 |
|    Addition due to physical synthesis replication        |     0 |
| Unused register locations in slices containing registers |    30 |
+----------------------------------------------------------+-------+
* Control sets can be merged at opt_design using control_set_merge or merge_equivalent_drivers
** Run report_qor_suggestions for automated merging and remapping suggestions


2. Histogram
------------

+--------------------+-------+
|       Fanout       | Count |
+--------------------+-------+
| Total control sets |    32 |
| >= 0 to < 4        |     1 |
| >= 4 to < 6        |     2 |
| >= 6 to < 8        |     0 |
| >= 8 to < 10       |    20 |
| >= 10 to < 12      |     2 |
| >= 12 to < 14      |     1 |
| >= 14 to < 16      |     0 |
| >= 16              |     6 |
+--------------------+-------+
* Control sets can be remapped at either synth_design or opt_design


3. Flip-Flop Distribution
-------------------------

+--------------+-----------------------+------------------------+-----------------+--------------+
| Clock Enable | Synchronous Set/Reset | Asynchronous Set/Reset | Total Registers | Total Slices |
+--------------+-----------------------+------------------------+-----------------+--------------+
| No           | No                    | No                     |              53 |           19 |
| No           | No                    | Yes                    |               0 |            0 |
| No           | Yes                   | No                     |              12 |            8 |
| Yes          | No                    | No                     |              12 |            5 |
| Yes          | No                    | Yes                    |               0 |            0 |
| Yes          | Yes                   | No                     |             541 |          233 |
+--------------+-----------------------+------------------------+-----------------+--------------+


4. Detailed Control Set Information
-----------------------------------

+----------------+------------------------+-----------------------------+------------------+----------------+--------------+
|  Clock Signal  |      Enable Signal     |       Set/Reset Signal      | Slice Load Count | Bel Load Count | Bels / Slice |
+----------------+------------------------+-----------------------------+------------------+----------------+--------------+
|  clk_IBUF_BUFG | uart/tx_out_i_1_n_0    |                             |                1 |              1 |         1.00 |
|  clk_IBUF_BUFG | sram_addr              | FSM_onehot_state[7]_i_1_n_0 |                2 |              5 |         2.50 |
|  clk_IBUF_BUFG | counter                | FSM_onehot_state[7]_i_1_n_0 |                3 |              5 |         1.67 |
|  clk_IBUF_BUFG | a[2][3][7]_i_1_n_0     | FSM_onehot_state[7]_i_1_n_0 |                3 |              8 |         2.67 |
|  clk_IBUF_BUFG | a[0][0][7]_i_1_n_0     | FSM_onehot_state[7]_i_1_n_0 |                4 |              8 |         2.00 |
|  clk_IBUF_BUFG | a[3][0][7]_i_1_n_0     | FSM_onehot_state[7]_i_1_n_0 |                4 |              8 |         2.00 |
|  clk_IBUF_BUFG | a[2][2][7]_i_1_n_0     | FSM_onehot_state[7]_i_1_n_0 |                6 |              8 |         1.33 |
|  clk_IBUF_BUFG | a[1][0][7]_i_1_n_0     | FSM_onehot_state[7]_i_1_n_0 |                5 |              8 |         1.60 |
|  clk_IBUF_BUFG | a[0][3][7]_i_1_n_0     | FSM_onehot_state[7]_i_1_n_0 |                5 |              8 |         1.60 |
|  clk_IBUF_BUFG | a[1][3][7]_i_1_n_0     | FSM_onehot_state[7]_i_1_n_0 |                4 |              8 |         2.00 |
|  clk_IBUF_BUFG | a[0][2][7]_i_1_n_0     | FSM_onehot_state[7]_i_1_n_0 |                6 |              8 |         1.33 |
|  clk_IBUF_BUFG | a[1][2][7]_i_1_n_0     | FSM_onehot_state[7]_i_1_n_0 |                5 |              8 |         1.60 |
|  clk_IBUF_BUFG | a[0][1][7]_i_1_n_0     | FSM_onehot_state[7]_i_1_n_0 |                7 |              8 |         1.14 |
|  clk_IBUF_BUFG | a[3][1][7]_i_1_n_0     | FSM_onehot_state[7]_i_1_n_0 |                4 |              8 |         2.00 |
|  clk_IBUF_BUFG | a[1][1][7]_i_1_n_0     | FSM_onehot_state[7]_i_1_n_0 |                4 |              8 |         2.00 |
|  clk_IBUF_BUFG | a[2][0][7]_i_1_n_0     | FSM_onehot_state[7]_i_1_n_0 |                6 |              8 |         1.33 |
|  clk_IBUF_BUFG | a[3][2][7]_i_1_n_0     | FSM_onehot_state[7]_i_1_n_0 |                4 |              8 |         2.00 |
|  clk_IBUF_BUFG | a[2][1][7]_i_1_n_0     | FSM_onehot_state[7]_i_1_n_0 |                5 |              8 |         1.60 |
|  clk_IBUF_BUFG | a[3][3][7]_i_1_n_0     | FSM_onehot_state[7]_i_1_n_0 |                6 |              8 |         1.33 |
|  clk_IBUF_BUFG | b[2][7]_i_1_n_0        | FSM_onehot_state[7]_i_1_n_0 |                8 |              8 |         1.00 |
|  clk_IBUF_BUFG | b[0][7]_i_1_n_0        | FSM_onehot_state[7]_i_1_n_0 |                6 |              8 |         1.33 |
|  clk_IBUF_BUFG | b[3][7]_i_1_n_0        | FSM_onehot_state[7]_i_1_n_0 |                5 |              8 |         1.60 |
|  clk_IBUF_BUFG | b[1][7]_i_1_n_0        | FSM_onehot_state[7]_i_1_n_0 |                6 |              8 |         1.33 |
|  clk_IBUF_BUFG | uart/tx_bits_remaining |                             |                4 |             11 |         2.75 |
|  clk_IBUF_BUFG | send_counter           | FSM_onehot_state[7]_i_1_n_0 |                3 |             11 |         3.67 |
|  clk_IBUF_BUFG |                        | FSM_onehot_state[7]_i_1_n_0 |                8 |             12 |         1.50 |
|  clk_IBUF_BUFG |                        |                             |               19 |             61 |         3.21 |
|  clk_IBUF_BUFG | t[3][17]_i_1_n_0       | FSM_onehot_state[7]_i_1_n_0 |               26 |             72 |         2.77 |
|  clk_IBUF_BUFG | c[0][2][17]_i_1_n_0    | FSM_onehot_state[7]_i_1_n_0 |               23 |             72 |         3.13 |
|  clk_IBUF_BUFG | c[0][1][17]_i_1_n_0    | FSM_onehot_state[7]_i_1_n_0 |               25 |             72 |         2.88 |
|  clk_IBUF_BUFG | c[0][0][17]_i_1_n_0    | FSM_onehot_state[7]_i_1_n_0 |               22 |             72 |         3.27 |
|  clk_IBUF_BUFG | c[3][3][17]_i_1_n_0    | FSM_onehot_state[7]_i_1_n_0 |               26 |             72 |         2.77 |
+----------------+------------------------+-----------------------------+------------------+----------------+--------------+


