Vivado Simulator v2025.1.1
Copyright 1986-2022 Xilinx, Inc. All Rights Reserved.
Copyright 2022-2025 Advanced Micro Devices, Inc. All Rights Reserved.
Running: C:/Xilinx/2025.1.1/Vivado/bin/unwrapped/win64.o/xelab.exe --incr --debug typical --relax --mt 2 -L xil_defaultlib -L unisims_ver -L unimacro_ver -L secureip --snapshot tb_lab8_behav xil_defaultlib.tb_lab8 xil_defaultlib.glbl -log elaborate.log 
Using 2 slave threads.
Starting static elaboration
Pass Through NonSizing Optimizer
WARNING: [VRFC 10-3091] actual bit length 32 differs from formal bit length 27 for port 'lower_bound_i' [C:/Users/ryanh/fpga/dlab/lab8/lab8.srcs/sources_1/new/lab8.v:103]
Completed static elaboration
Starting simulation data flow analysis
Completed simulation data flow analysis
Time Resolution for simulation is 1ps
Compiling module xil_defaultlib.LCD_module
Compiling module xil_defaultlib.debounce
Compiling module xil_defaultlib.one_pulser
Compiling module xil_defaultlib.bin2dec_str
Compiling module xil_defaultlib.md5
Compiling module xil_defaultlib.rkRAM
Compiling module xil_defaultlib.bin2dec_str(FIELD_WIDTH=7)
Compiling module xil_defaultlib.lab8_default
Compiling module xil_defaultlib.tb_lab8
Compiling module xil_defaultlib.glbl
Built simulation snapshot tb_lab8_behav
